Loading checkpoint shards:   0%|          | 0/2 [00:00<?, ?it/s]Loading checkpoint shards:  50%|█████     | 1/2 [00:07<00:07,  7.58s/it]Loading checkpoint shards: 100%|██████████| 2/2 [00:12<00:00,  5.90s/it]Loading checkpoint shards: 100%|██████████| 2/2 [00:12<00:00,  6.15s/it]
{"lora_modules": [], "lora_layers": null, "attn_bias": "none", "residual_bias": "none", "v_bias": "18-35", "norm_gain": "none", "trainable_params": 4608, "shared_prefix": true}
{"step": 0, "ece_expected": 0.5392029285430908, "auroc_expected": 0.8156483933182963, "brier_expected": 0.5167062034679047, "ece_sampled": 0.5451676845550537, "auroc_sampled": 0.6244238501520055, "brier_sampled": 0.5281656804733728, "accuracy": 0.3905325443786982, "level_mass": 0.9999994027942389, "n": 507, "answer_kl": 0.0, "answer_kl_token": 0.0, "answer_kl_topk": 0.013112823721484583, "regen_accuracy": 0.43984220907297833, "regen_malformed": 0.011834319526627219}
{"step": 100, "minutes": 1.6, "beta": 0.05, "peak_gb": 13.7, "ece_expected": 0.04175427928566933, "auroc_expected": 0.8778889215782418, "brier_expected": 0.1376965929402912, "ece_sampled": 0.028994109481573105, "auroc_sampled": 0.8617648981726651, "brier_sampled": 0.14076923076923079, "accuracy": 0.3905325443786982, "level_mass": 0.9999913382118923, "n": 507, "answer_kl": 0.9690617553011284, "answer_kl_token": 0.12344580651700303, "answer_kl_topk": 0.8943534095024382}
RD_SAVED /workspace/runs/online-vbias-t2-s1/checkpoint
{"step": 200, "minutes": 3.5, "beta": 0.05, "peak_gb": 13.7, "ece_expected": 0.09962707757949829, "auroc_expected": 0.9001176816710798, "brier_expected": 0.14249385115451438, "ece_sampled": 0.11203134059906006, "auroc_sampled": 0.8721764571279136, "brier_sampled": 0.14433925049309665, "accuracy": 0.3905325443786982, "level_mass": 0.9999945497447164, "n": 507, "answer_kl": 1.6566385803483474, "answer_kl_token": 0.2110341106122141, "answer_kl_topk": 1.4654453952434545}
RD_SAVED /workspace/runs/online-vbias-t2-s1/checkpoint
{"step": 300, "minutes": 5.8, "beta": 0.05, "peak_gb": 14.5, "ece_expected": 0.03209047392010689, "auroc_expected": 0.9107090320682554, "brier_expected": 0.11683124398188371, "ece_sampled": 0.03076963871717453, "auroc_sampled": 0.8873770063090451, "brier_sampled": 0.1195266272189349, "accuracy": 0.3905325443786982, "level_mass": 0.9999820341847178, "n": 507, "answer_kl": 2.130982134118653, "answer_kl_token": 0.2714592819090847, "answer_kl_topk": 1.909916863244967}
RD_SAVED /workspace/runs/online-vbias-t2-s1/checkpoint
{"step": 400, "minutes": 7.9, "beta": 0.05, "peak_gb": 14.5, "ece_expected": 0.03631647303700447, "auroc_expected": 0.9052989441338957, "brier_expected": 0.11622232661723014, "ece_sampled": 0.03629155457019806, "auroc_sampled": 0.8814520610637114, "brier_sampled": 0.1164102564102564, "accuracy": 0.3905325443786982, "level_mass": 0.9999740906807479, "n": 507, "answer_kl": 2.791154315233825, "answer_kl_token": 0.3555565924179772, "answer_kl_topk": 2.4168979115328524}
RD_SAVED /workspace/runs/online-vbias-t2-s1/checkpoint
{"step": 500, "minutes": 10.4, "beta": 0.05, "peak_gb": 15.4, "ece_expected": 0.04598899930715561, "auroc_expected": 0.9161844987087705, "brier_expected": 0.10942863500168584, "ece_sampled": 0.04694299399852753, "auroc_sampled": 0.9052008760746625, "brier_sampled": 0.1098224852071006, "accuracy": 0.3905325443786982, "level_mass": 0.9999929086537497, "n": 507, "answer_kl": 2.5088594972547815, "answer_kl_token": 0.3195959208814508, "answer_kl_topk": 2.26684714328405, "regen_accuracy": 0.4240631163708087, "regen_malformed": 0.01775147928994083}
RD_SAVED /workspace/runs/online-vbias-t2-s1/checkpoint
{"step": 600, "minutes": 12.4, "beta": 0.05, "peak_gb": 15.4, "ece_expected": 0.030975516885519028, "auroc_expected": 0.9205648720211826, "brier_expected": 0.10992799923457335, "ece_sampled": 0.028402259573340416, "auroc_sampled": 0.8969059527311954, "brier_sampled": 0.10927021696252463, "accuracy": 0.3905325443786982, "level_mass": 0.999824906244103, "n": 507, "answer_kl": 2.8273325807691236, "answer_kl_token": 0.360165230766318, "answer_kl_topk": 2.5290992124404337}
RD_SAVED /workspace/runs/online-vbias-t2-s1/checkpoint
{"step": 700, "minutes": 14.4, "beta": 0.05, "peak_gb": 15.4, "ece_expected": 0.04779285937547684, "auroc_expected": 0.9220358929096794, "brier_expected": 0.10373119206890256, "ece_sampled": 0.03787009418010712, "auroc_sampled": 0.9066800693014285, "brier_sampled": 0.10422090729783037, "accuracy": 0.3905325443786982, "level_mass": 0.9998504563184517, "n": 507, "answer_kl": 2.724003012514133, "answer_kl_token": 0.3470023938051923, "answer_kl_topk": 2.499714538767273}
RD_SAVED /workspace/runs/online-vbias-t2-s1/checkpoint
{"step": 800, "minutes": 15.9, "beta": 0.05, "peak_gb": 15.4, "ece_expected": 0.04508176073431969, "auroc_expected": 0.9264816449282468, "brier_expected": 0.10354760140339817, "ece_sampled": 0.03767266869544983, "auroc_sampled": 0.9104311725670948, "brier_sampled": 0.10467455621301777, "accuracy": 0.3905325443786982, "level_mass": 0.9999877529572506, "n": 507, "answer_kl": 2.583806770227381, "answer_kl_token": 0.3291432242475583, "answer_kl_topk": 2.368720733051427}
RD_SAVED /workspace/runs/online-vbias-t2-s1/checkpoint
{"step": 900, "minutes": 17.5, "beta": 0.05, "peak_gb": 15.4, "ece_expected": 0.035385824739933014, "auroc_expected": 0.920957144258115, "brier_expected": 0.10444936583363276, "ece_sampled": 0.02445751614868641, "auroc_sampled": 0.8963992677584911, "brier_sampled": 0.1069033530571992, "accuracy": 0.3905325443786982, "level_mass": 0.999999965580614, "n": 507, "answer_kl": 2.53887137271173, "answer_kl_token": 0.3234190416997103, "answer_kl_topk": 2.3091846834152543}
RD_SAVED /workspace/runs/online-vbias-t2-s1/checkpoint
{"step": 1000, "minutes": 19.4, "beta": 0.05, "peak_gb": 15.8, "ece_expected": 0.03403199464082718, "auroc_expected": 0.9244712497139681, "brier_expected": 0.10048044615010163, "ece_sampled": 0.030769480392336845, "auroc_sampled": 0.9115834722630838, "brier_sampled": 0.09956607495069032, "accuracy": 0.3905325443786982, "level_mass": 0.9999998149911888, "n": 507, "answer_kl": 2.4447053011429882, "answer_kl_token": 0.3114235144923354, "answer_kl_topk": 2.222424782166969, "regen_accuracy": 0.4260355029585799, "regen_malformed": 0.007889546351084813}
RD_SAVED /workspace/runs/online-vbias-t2-s1/checkpoint
{"step": 1100, "minutes": 21.0, "beta": 0.05, "peak_gb": 15.8, "ece_expected": 0.0523872897028923, "auroc_expected": 0.9245366284201235, "brier_expected": 0.10114366690024405, "ece_sampled": 0.04753448814153671, "auroc_sampled": 0.9118695041025138, "brier_sampled": 0.10238658777120314, "accuracy": 0.3905325443786982, "level_mass": 0.999999905405295, "n": 507, "answer_kl": 2.556742043446469, "answer_kl_token": 0.3256955316651658, "answer_kl_topk": 2.3109596975336686}
RD_SAVED /workspace/runs/online-vbias-t2-s1/checkpoint
{"step": 1200, "minutes": 22.8, "beta": 0.05, "peak_gb": 15.8, "ece_expected": 0.04564249515533447, "auroc_expected": 0.9222483737046844, "brier_expected": 0.1021527825050015, "ece_sampled": 0.04654824733734131, "auroc_sampled": 0.9025366937988297, "brier_sampled": 0.10469428007889546, "accuracy": 0.3905325443786982, "level_mass": 0.9999995950494579, "n": 507, "answer_kl": 2.586326900262948, "answer_kl_token": 0.3294642558877675, "answer_kl_topk": 2.358359219038024}
RD_SAVED /workspace/runs/online-vbias-t2-s1/checkpoint
{"step": 1300, "minutes": 24.5, "beta": 0.05, "peak_gb": 15.8, "ece_expected": 0.05173772946000099, "auroc_expected": 0.9241280115066524, "brier_expected": 0.11024229665219809, "ece_sampled": 0.052268192172050476, "auroc_sampled": 0.9104230002288255, "brier_sampled": 0.11078895463510847, "accuracy": 0.3905325443786982, "level_mass": 0.9999970635295508, "n": 507, "answer_kl": 2.6091861525563815, "answer_kl_token": 0.33237622596635313, "answer_kl_topk": 2.383068665859676}
RD_SAVED /workspace/runs/online-vbias-t2-s1/checkpoint
{"step": 1400, "minutes": 26.3, "beta": 0.05, "peak_gb": 15.8, "ece_expected": 0.04024694114923477, "auroc_expected": 0.9279853551698212, "brier_expected": 0.09916461843040983, "ece_sampled": 0.029585696756839752, "auroc_sampled": 0.9098999705795823, "brier_sampled": 0.09988165680473372, "accuracy": 0.3905325443786982, "level_mass": 0.9999987088823045, "n": 507, "answer_kl": 2.432415131557905, "answer_kl_token": 0.3098579074622758, "answer_kl_topk": 2.2378010343945536}
RD_SAVED /workspace/runs/online-vbias-t2-s1/checkpoint
{"step": 1500, "minutes": 28.1, "beta": 0.05, "peak_gb": 15.8, "ece_expected": 0.02581965923309326, "auroc_expected": 0.9212350037592756, "brier_expected": 0.09971758768671146, "ece_sampled": 0.02031552419066429, "auroc_sampled": 0.9185626491451734, "brier_sampled": 0.09934911242603552, "accuracy": 0.3905325443786982, "level_mass": 0.9999898869427125, "n": 507, "answer_kl": 2.406659920052955, "answer_kl_token": 0.30657703001679604, "answer_kl_topk": 2.2084138683325474, "regen_accuracy": 0.40433925049309666, "regen_malformed": 0.005917159763313609}
RD_SAVED /workspace/runs/online-vbias-t2-s1/checkpoint
{"step": 1600, "minutes": 29.8, "beta": 0.05, "peak_gb": 15.8, "ece_expected": 0.0476050078868866, "auroc_expected": 0.9124252231048348, "brier_expected": 0.11422978360008272, "ece_sampled": 0.04497021064162254, "auroc_sampled": 0.8856117812428492, "brier_sampled": 0.11408284023668638, "accuracy": 0.3905325443786982, "level_mass": 0.9999978075628524, "n": 507, "answer_kl": 2.5639688185897977, "answer_kl_token": 0.32661612839824805, "answer_kl_topk": 2.3237236886377395}
RD_SAVED /workspace/runs/online-vbias-t2-s1/checkpoint
{"step": 1700, "minutes": 31.7, "beta": 0.05, "peak_gb": 15.8, "ece_expected": 0.04256246238946915, "auroc_expected": 0.9192899872511523, "brier_expected": 0.1082351120981912, "ece_sampled": 0.04477309808135033, "auroc_sampled": 0.8971347782027393, "brier_sampled": 0.10629191321499014, "accuracy": 0.3905325443786982, "level_mass": 0.9999964019548229, "n": 507, "answer_kl": 2.6006295162282673, "answer_kl_token": 0.3312862222933999, "answer_kl_topk": 2.371182872355517}
RD_SAVED /workspace/runs/online-vbias-t2-s1/checkpoint
{"step": 1800, "minutes": 33.1, "beta": 0.05, "peak_gb": 15.8, "ece_expected": 0.034335486590862274, "auroc_expected": 0.9189467490438363, "brier_expected": 0.10510576395219705, "ece_sampled": 0.025246670469641685, "auroc_sampled": 0.8984260076493086, "brier_sampled": 0.10564102564102565, "accuracy": 0.3905325443786982, "level_mass": 0.9999985105889422, "n": 507, "answer_kl": 2.594267193793655, "answer_kl_token": 0.33047574554105097, "answer_kl_topk": 2.3240363351994384}
RD_SAVED /workspace/runs/online-vbias-t2-s1/checkpoint
{"step": 1900, "minutes": 34.8, "beta": 0.05, "peak_gb": 15.8, "ece_expected": 0.050096165388822556, "auroc_expected": 0.9245202837435847, "brier_expected": 0.10900319000750466, "ece_sampled": 0.0510847344994545, "auroc_sampled": 0.9005426432610899, "brier_sampled": 0.11118343195266271, "accuracy": 0.3905325443786982, "level_mass": 0.9999994776048605, "n": 507, "answer_kl": 2.3614445498386827, "answer_kl_token": 0.3008171826050784, "answer_kl_topk": 2.169064242397794}
RD_SAVED /workspace/runs/online-vbias-t2-s1/checkpoint
{"step": 2000, "minutes": 36.6, "beta": 0.05, "peak_gb": 15.8, "ece_expected": 0.0519791841506958, "auroc_expected": 0.9250923474224445, "brier_expected": 0.10267154570505645, "ece_sampled": 0.05226825550198555, "auroc_sampled": 0.9092952175476448, "brier_sampled": 0.10459566074950691, "accuracy": 0.3905325443786982, "level_mass": 0.9999995091101521, "n": 507, "answer_kl": 2.404629179440651, "answer_kl_token": 0.3063183401950779, "answer_kl_topk": 2.182005356729889, "regen_accuracy": 0.41025641025641024, "regen_malformed": 0.0019723865877712033}
RD_SAVED /workspace/runs/online-vbias-t2-s1/checkpoint
{"step": 2100, "minutes": 38.3, "beta": 0.05, "peak_gb": 15.8, "ece_expected": 0.018754230812191963, "auroc_expected": 0.9212350037592756, "brier_expected": 0.10331576368238095, "ece_sampled": 0.01834348402917385, "auroc_sampled": 0.8967588506423458, "brier_sampled": 0.10506903353057198, "accuracy": 0.3905325443786982, "level_mass": 0.9999916469143691, "n": 507, "answer_kl": 2.6213996987115014, "answer_kl_token": 0.3339320721725455, "answer_kl_topk": 2.39680182394068}
RD_SAVED /workspace/runs/online-vbias-t2-s1/checkpoint
{"step": 2200, "minutes": 40.2, "beta": 0.05, "peak_gb": 15.8, "ece_expected": 0.08019823580980301, "auroc_expected": 0.9153018861756725, "brier_expected": 0.11927084415323788, "ece_sampled": 0.07297812402248383, "auroc_sampled": 0.8844349645320518, "brier_sampled": 0.12193293885601578, "accuracy": 0.3905325443786982, "level_mass": 0.999995682494877, "n": 507, "answer_kl": 2.820763912491143, "answer_kl_token": 0.3593284682494999, "answer_kl_topk": 2.5687774346719725}
RD_SAVED /workspace/runs/online-vbias-t2-s1/checkpoint
{"step": 2300, "minutes": 42.1, "beta": 0.05, "peak_gb": 15.8, "ece_expected": 0.048477478325366974, "auroc_expected": 0.9084698113824328, "brier_expected": 0.1181721791289224, "ece_sampled": 0.040631189942359924, "auroc_sampled": 0.8725605570265764, "brier_sampled": 0.11944773175542406, "accuracy": 0.3905325443786982, "level_mass": 0.9999832088176387, "n": 507, "answer_kl": 3.036430891583782, "answer_kl_token": 0.38680162362637627, "answer_kl_topk": 2.723196686508074}
RD_SAVED /workspace/runs/online-vbias-t2-s1/checkpoint
{"step": 2400, "minutes": 44.0, "beta": 0.05, "peak_gb": 15.8, "ece_expected": 0.05473336949944496, "auroc_expected": 0.9166094602987807, "brier_expected": 0.11659612705400046, "ece_sampled": 0.054634831845760345, "auroc_sampled": 0.8864698767611389, "brier_sampled": 0.1167455621301775, "accuracy": 0.3905325443786982, "level_mass": 0.9999993621784758, "n": 507, "answer_kl": 2.6290792430224, "answer_kl_token": 0.3349103457819992, "answer_kl_topk": 2.397782228283467}
RD_SAVED /workspace/runs/online-vbias-t2-s1/checkpoint
{"step": 2500, "minutes": 46.0, "beta": 0.05, "peak_gb": 15.8, "ece_expected": 0.017878958955407143, "auroc_expected": 0.9149913373214345, "brier_expected": 0.10768272180197756, "ece_sampled": 0.0226827934384346, "auroc_sampled": 0.8932120558334151, "brier_sampled": 0.1082248520710059, "accuracy": 0.3905325443786982, "level_mass": 0.999992250401182, "n": 507, "answer_kl": 2.5790023139642644, "answer_kl_token": 0.32853119929142766, "answer_kl_topk": 2.3371958343915646, "regen_accuracy": 0.4280078895463511, "regen_malformed": 0.0019723865877712033}
RD_SAVED /workspace/runs/online-vbias-t2-s1/checkpoint
{"step": 2600, "minutes": 47.6, "beta": 0.05, "peak_gb": 15.8, "ece_expected": 0.03038470819592476, "auroc_expected": 0.9213984505246642, "brier_expected": 0.10598897249763473, "ece_sampled": 0.030177466571331024, "auroc_sampled": 0.8977558759112159, "brier_sampled": 0.10739644970414199, "accuracy": 0.3905325443786982, "level_mass": 0.9999902344928585, "n": 507, "answer_kl": 2.5460222986227476, "answer_kl_token": 0.3243299762315912, "answer_kl_topk": 2.3360062768060064}
RD_SAVED /workspace/runs/online-vbias-t2-s1/checkpoint
{"step": 2700, "minutes": 49.2, "beta": 0.05, "peak_gb": 15.8, "ece_expected": 0.05806475877761841, "auroc_expected": 0.9161027753260763, "brier_expected": 0.11180475616780763, "ece_sampled": 0.05660760775208473, "auroc_sampled": 0.9054787355758229, "brier_sampled": 0.11394477317554241, "accuracy": 0.3905325443786982, "level_mass": 0.9999438863505491, "n": 507, "answer_kl": 2.734239678240929, "answer_kl_token": 0.3483064112734048, "answer_kl_topk": 2.4468673414629896}
RD_SAVED /workspace/runs/online-vbias-t2-s1/checkpoint
{"step": 2800, "minutes": 51.2, "beta": 0.05, "peak_gb": 15.8, "ece_expected": 0.05896179750561714, "auroc_expected": 0.919862050930012, "brier_expected": 0.11281779007454701, "ece_sampled": 0.0577908456325531, "auroc_sampled": 0.8907440096760484, "brier_sampled": 0.1137475345167653, "accuracy": 0.3905325443786982, "level_mass": 0.9999987922691715, "n": 507, "answer_kl": 2.513908717094951, "answer_kl_token": 0.32023912551938194, "answer_kl_topk": 2.302277641231745}
RD_SAVED /workspace/runs/online-vbias-t2-s1/checkpoint
{"step": 2900, "minutes": 53.0, "beta": 0.05, "peak_gb": 15.8, "ece_expected": 0.0404689684510231, "auroc_expected": 0.9166584943283972, "brier_expected": 0.11019296889884364, "ece_sampled": 0.04930989816784859, "auroc_sampled": 0.8967506783040764, "brier_sampled": 0.11285996055226824, "accuracy": 0.3905325443786982, "level_mass": 0.9999965797066511, "n": 507, "answer_kl": 2.2956477664524333, "answer_kl_token": 0.2924355320581366, "answer_kl_topk": 2.1171686164773726}
RD_SAVED /workspace/runs/online-vbias-t2-s1/checkpoint
{"step": 3000, "minutes": 55.0, "beta": 0.05, "peak_gb": 15.8, "ece_expected": 0.041120514273643494, "auroc_expected": 0.9128828740479226, "brier_expected": 0.10875288467612453, "ece_sampled": 0.04299797862768173, "auroc_sampled": 0.8957945147265536, "brier_sampled": 0.10903353057199211, "accuracy": 0.3905325443786982, "level_mass": 0.9999953888185682, "n": 507, "answer_kl": 2.0738050939177057, "answer_kl_token": 0.2641756740241902, "answer_kl_topk": 1.921626898727887, "regen_accuracy": 0.4260355029585799, "regen_malformed": 0.0019723865877712033}
RD_SAVED /workspace/runs/online-vbias-t2-s1/checkpoint
RD_SAVED /workspace/runs/online-vbias-t2-s1/status.json
