Downloading shards:   0%|          | 0/2 [00:00<?, ?it/s]Downloading shards:  50%|█████     | 1/2 [00:12<00:12, 12.03s/it]Downloading shards: 100%|██████████| 2/2 [00:20<00:00,  9.83s/it]Downloading shards: 100%|██████████| 2/2 [00:20<00:00, 10.16s/it]
Loading checkpoint shards:   0%|          | 0/2 [00:00<?, ?it/s]Loading checkpoint shards:  50%|█████     | 1/2 [00:05<00:05,  5.59s/it]Loading checkpoint shards: 100%|██████████| 2/2 [00:08<00:00,  4.04s/it]Loading checkpoint shards: 100%|██████████| 2/2 [00:08<00:00,  4.27s/it]
{"lora_modules": [], "lora_layers": null, "attn_bias": "18-35", "residual_bias": "none", "trainable_params": 36864, "shared_prefix": true}
{"step": 0, "ece_expected": 0.5392029285430908, "auroc_expected": 0.8156483933182963, "brier_expected": 0.5167062034679047, "ece_sampled": 0.5451676845550537, "auroc_sampled": 0.6244238501520055, "brier_sampled": 0.5281656804733728, "accuracy": 0.3905325443786982, "level_mass": 0.9999994027942389, "n": 507, "answer_kl": 0.0, "answer_kl_token": 0.0, "answer_kl_topk": 0.013112823721484583, "regen_accuracy": 0.43984220907297833, "regen_malformed": 0.011834319526627219}
{"step": 100, "minutes": 1.5, "beta": 0.05, "peak_gb": 12.5, "ece_expected": 0.060460835695266724, "auroc_expected": 0.9045961230427249, "brier_expected": 0.1185152189704176, "ece_sampled": 0.04930972307920456, "auroc_sampled": 0.8872053872053871, "brier_sampled": 0.12126232741617358, "accuracy": 0.3905325443786982, "level_mass": 0.9999810397107943, "n": 507, "answer_kl": 1.2038561251073223, "answer_kl_token": 0.153355541565179, "answer_kl_topk": 1.1271488024958025}
RD_SAVED /workspace/runs/online-bias-t1-s2/checkpoint
{"step": 200, "minutes": 3.1, "beta": 0.05, "peak_gb": 13.2, "ece_expected": 0.043431323021650314, "auroc_expected": 0.9138962439933314, "brier_expected": 0.1133274688284172, "ece_sampled": 0.029388675466179848, "auroc_sampled": 0.8940783236899742, "brier_sampled": 0.11398422090729783, "accuracy": 0.3905325443786982, "level_mass": 0.9999973064617858, "n": 507, "answer_kl": 1.237846487696189, "answer_kl_token": 0.157685469663811, "answer_kl_topk": 1.139215207420503}
RD_SAVED /workspace/runs/online-bias-t1-s2/checkpoint
{"step": 300, "minutes": 4.6, "beta": 0.05, "peak_gb": 13.7, "ece_expected": 0.12957632541656494, "auroc_expected": 0.9158249158249158, "brier_expected": 0.1492177428687306, "ece_sampled": 0.1303742527961731, "auroc_sampled": 0.8752737733320257, "brier_sampled": 0.15197238658777118, "accuracy": 0.3905325443786982, "level_mass": 0.9999973704097077, "n": 507, "answer_kl": 1.2168372244080792, "answer_kl_token": 0.155009164013793, "answer_kl_topk": 1.1473511802243264}
RD_SAVED /workspace/runs/online-bias-t1-s2/checkpoint
{"step": 400, "minutes": 6.0, "beta": 0.05, "peak_gb": 13.7, "ece_expected": 0.07087593525648117, "auroc_expected": 0.8987610735183551, "brier_expected": 0.1425990922410605, "ece_sampled": 0.06291878968477249, "auroc_sampled": 0.8321238272694583, "brier_sampled": 0.14368836291913215, "accuracy": 0.3905325443786982, "level_mass": 0.9999986646301263, "n": 507, "answer_kl": 1.3060095504177394, "answer_kl_token": 0.16636855328185776, "answer_kl_topk": 1.2333953434406406}
RD_SAVED /workspace/runs/online-bias-t1-s2/checkpoint
{"step": 500, "minutes": 7.7, "beta": 0.05, "peak_gb": 13.7, "ece_expected": 0.06469818949699402, "auroc_expected": 0.9080448497924226, "brier_expected": 0.11114977022132805, "ece_sampled": 0.053057342767715454, "auroc_sampled": 0.8953777254748129, "brier_sampled": 0.1118145956607495, "accuracy": 0.3905325443786982, "level_mass": 0.9999899243799585, "n": 507, "answer_kl": 1.410407366357805, "answer_kl_token": 0.17966747104105707, "answer_kl_topk": 1.3212040932059996, "regen_accuracy": 0.4339250493096647, "regen_malformed": 0.007889546351084813}
RD_SAVED /workspace/runs/online-bias-t1-s2/checkpoint
{"step": 600, "minutes": 9.2, "beta": 0.05, "peak_gb": 13.7, "ece_expected": 0.056213218718767166, "auroc_expected": 0.9007714687326338, "brier_expected": 0.12963265471816915, "ece_sampled": 0.056212738156318665, "auroc_sampled": 0.8533719067699651, "brier_sampled": 0.1322879684418146, "accuracy": 0.3905325443786982, "level_mass": 0.9999973070457204, "n": 507, "answer_kl": 1.997763175748379, "answer_kl_token": 0.2544889271619166, "answer_kl_topk": 1.6705738833620842}
RD_SAVED /workspace/runs/online-bias-t1-s2/checkpoint
{"step": 700, "minutes": 10.8, "beta": 0.05, "peak_gb": 13.7, "ece_expected": 0.0366814099252224, "auroc_expected": 0.9078487136739564, "brier_expected": 0.10833370656424952, "ece_sampled": 0.025246525183320045, "auroc_sampled": 0.8883168252100291, "brier_sampled": 0.10974358974358975, "accuracy": 0.3905325443786982, "level_mass": 0.9999994086758717, "n": 507, "answer_kl": 1.6986577726058718, "answer_kl_token": 0.21638680671135102, "answer_kl_topk": 1.5879188178261372}
RD_SAVED /workspace/runs/online-bias-t1-s2/checkpoint
{"step": 800, "minutes": 12.3, "beta": 0.05, "peak_gb": 14.4, "ece_expected": 0.061175379902124405, "auroc_expected": 0.9071132032297081, "brier_expected": 0.11724945926778547, "ece_sampled": 0.026430312544107437, "auroc_sampled": 0.878387434212677, "brier_sampled": 0.12437869822485208, "accuracy": 0.3905325443786982, "level_mass": 0.9999999232013543, "n": 507, "answer_kl": 3.0783821811857894, "answer_kl_token": 0.3921456698143707, "answer_kl_topk": 2.766153377411511}
RD_SAVED /workspace/runs/online-bias-t1-s2/checkpoint
{"step": 900, "minutes": 13.9, "beta": 0.05, "peak_gb": 14.4, "ece_expected": 0.33913367986679077, "auroc_expected": 0.8657775162629532, "brier_expected": 0.30753632137285336, "ece_sampled": 0.3510855436325073, "auroc_sampled": 0.7395067176620573, "brier_sampled": 0.32520710059171604, "accuracy": 0.3905325443786982, "level_mass": 0.9999997688037413, "n": 507, "answer_kl": 5.5297638815819345, "answer_kl_token": 0.7044196703422213, "answer_kl_topk": 4.75804446809079}
RD_SAVED /workspace/runs/online-bias-t1-s2/checkpoint
{"step": 1000, "minutes": 15.6, "beta": 0.05, "peak_gb": 14.4, "ece_expected": 0.20592637360095978, "auroc_expected": 0.8513451668791474, "brier_expected": 0.21523235423465756, "ece_sampled": 0.1802762895822525, "auroc_sampled": 0.7276323101565821, "brier_sampled": 0.2283234714003945, "accuracy": 0.3905325443786982, "level_mass": 0.9999358391664012, "n": 507, "answer_kl": 5.740614866186158, "answer_kl_token": 0.7312793309438147, "answer_kl_topk": 4.975797857050605, "regen_accuracy": 0.3609467455621302, "regen_malformed": 0.01775147928994083}
RD_SAVED /workspace/runs/online-bias-t1-s2/checkpoint
{"step": 1100, "minutes": 17.3, "beta": 0.05, "peak_gb": 14.4, "ece_expected": 0.4346190094947815, "auroc_expected": 0.8184433330064397, "brier_expected": 0.3986455016024386, "ece_sampled": 0.4451647996902466, "auroc_sampled": 0.6279216109313197, "brier_sampled": 0.4185996055226825, "accuracy": 0.3905325443786982, "level_mass": 0.9999829099200823, "n": 507, "answer_kl": 5.504566454840626, "answer_kl_token": 0.7012098473879893, "answer_kl_topk": 4.784232859743476}
RD_SAVED /workspace/runs/online-bias-t1-s2/checkpoint
{"step": 1200, "minutes": 19.2, "beta": 0.05, "peak_gb": 14.4, "ece_expected": 0.3360900282859802, "auroc_expected": 0.7658298192278774, "brier_expected": 0.316388272208884, "ece_sampled": 0.33569958806037903, "auroc_sampled": 0.6863211402046353, "brier_sampled": 0.32832347140039453, "accuracy": 0.3905325443786982, "level_mass": 0.9999951760703956, "n": 507, "answer_kl": 6.466858396927458, "answer_kl_token": 0.8237932681513119, "answer_kl_topk": 5.506575194428559}
RD_SAVED /workspace/runs/online-bias-t1-s2/checkpoint
{"step": 1300, "minutes": 21.2, "beta": 0.05, "peak_gb": 14.4, "ece_expected": 0.4200688898563385, "auroc_expected": 0.7066130561276193, "brier_expected": 0.400825172631462, "ece_sampled": 0.4532512128353119, "auroc_sampled": 0.5532346114870387, "brier_sampled": 0.4444181459566076, "accuracy": 0.3905325443786982, "level_mass": 0.9999894032871626, "n": 507, "answer_kl": 6.040045274463019, "answer_kl_token": 0.7694228528021986, "answer_kl_topk": 5.250393192420144}
RD_SAVED /workspace/runs/online-bias-t1-s2/checkpoint
{"step": 1400, "minutes": 23.0, "beta": 0.05, "peak_gb": 14.4, "ece_expected": 0.5232985615730286, "auroc_expected": 0.7306887646693472, "brier_expected": 0.4940152074269346, "ece_sampled": 0.5642997622489929, "auroc_sampled": 0.5411722402013665, "brier_sampled": 0.555207100591716, "accuracy": 0.3905325443786982, "level_mass": 0.999346474900349, "n": 507, "answer_kl": 6.1870666509823256, "answer_kl_token": 0.788151455288452, "answer_kl_topk": 5.19658557603983}
RD_SAVED /workspace/runs/online-bias-t1-s2/checkpoint
{"step": 1500, "minutes": 25.2, "beta": 0.05, "peak_gb": 14.4, "ece_expected": 0.5919902324676514, "auroc_expected": 0.624432022490275, "brier_expected": 0.5862766014798544, "ece_sampled": 0.60532546043396, "auroc_sampled": 0.5084501977705861, "brier_sampled": 0.6038067061143985, "accuracy": 0.3905325443786982, "level_mass": 0.999999215497649, "n": 507, "answer_kl": 6.148819447378456, "answer_kl_token": 0.7832792612615269, "answer_kl_topk": 5.196406039942307, "regen_accuracy": 0.3510848126232742, "regen_malformed": 0.013806706114398421}
RD_SAVED /workspace/runs/online-bias-t1-s2/checkpoint
{"step": 1600, "minutes": 27.0, "beta": 0.05, "peak_gb": 14.4, "ece_expected": 0.5318378210067749, "auroc_expected": 0.7720571409891798, "brier_expected": 0.5072306099946271, "ece_sampled": 0.5621302127838135, "auroc_sampled": 0.5409597594063614, "brier_sampled": 0.5590927021696254, "accuracy": 0.3905325443786982, "level_mass": 0.9999973417505339, "n": 507, "answer_kl": 7.006214593794767, "answer_kl_token": 0.8925002007673233, "answer_kl_topk": 5.896593406581176}
RD_SAVED /workspace/runs/online-bias-t1-s2/checkpoint
{"step": 1700, "minutes": 28.6, "beta": 0.05, "peak_gb": 14.4, "ece_expected": 0.42385992407798767, "auroc_expected": 0.7822071851198065, "brier_expected": 0.3905708834872381, "ece_sampled": 0.4652847647666931, "auroc_sampled": 0.5946438494982184, "brier_sampled": 0.45216962524654836, "accuracy": 0.3905325443786982, "level_mass": 0.999989616146335, "n": 507, "answer_kl": 6.423402817020703, "answer_kl_token": 0.8182575950325367, "answer_kl_topk": 5.535122293754767}
RD_SAVED /workspace/runs/online-bias-t1-s2/checkpoint
{"step": 1800, "minutes": 31.1, "beta": 0.05, "peak_gb": 14.4, "ece_expected": 0.4085845649242401, "auroc_expected": 0.8155176359059854, "brier_expected": 0.3725921929274889, "ece_sampled": 0.43135881423950195, "auroc_sampled": 0.6769311235330653, "brier_sampled": 0.4021104536489152, "accuracy": 0.3905325443786982, "level_mass": 0.9999997737448133, "n": 507, "answer_kl": 5.323627441433548, "answer_kl_token": 0.6781605811072383, "answer_kl_topk": 4.670942670243073}
RD_SAVED /workspace/runs/online-bias-t1-s2/checkpoint
{"step": 1900, "minutes": 33.2, "beta": 0.05, "peak_gb": 14.4, "ece_expected": 0.4085845649242401, "auroc_expected": 0.8155176359059854, "brier_expected": 0.3725921929274889, "ece_sampled": 0.43135881423950195, "auroc_sampled": 0.6769311235330653, "brier_sampled": 0.4021104536489152, "accuracy": 0.3905325443786982, "level_mass": 0.9999997737448133, "n": 507, "answer_kl": 5.323627441433548, "answer_kl_token": 0.6781605811072383, "answer_kl_topk": 4.670942670243073}
RD_SAVED /workspace/runs/online-bias-t1-s2/checkpoint
RD_SAVED /workspace/runs/online-bias-t1-s2/checkpoint
stopping after step 1919: SIGTERM
