Warning: You are sending unauthenticated requests to the HF Hub. Please set a HF_TOKEN to enable higher rate limits and faster downloads.
{"step": 1, "epoch": 0, "reward": -0.3333091902935207, "invalid_rate": 0.0, "tinker": {"clock_cycle:unique": 9583787.0, "ppo_mean_ratio:mean": 0.5074830055236816, "ppo_kl_div:mean": 3.083683967590332, "ppo_clipped_fraction:mean": 0.5838837623596191, "loss:sum": -1.5240479166764125e-14}}
{"step": 2, "epoch": 0, "reward": -0.00377746201612867, "invalid_rate": 0.0, "tinker": {"ppo_clipped_fraction:mean": 0.5831019282341003, "ppo_mean_ratio:mean": 0.5074713428815206, "ppo_kl_div:mean": 3.1190818150838218, "clock_cycle:unique": 9583799.0, "loss:sum": -1.0147517600302852e-14}}
{"step": 3, "epoch": 0, "reward": -0.0037774620161287083, "invalid_rate": 0.0, "tinker": {"clock_cycle:unique": 9583812.0, "ppo_mean_ratio:mean": 0.5127869099378586, "ppo_kl_div:mean": 3.0825213193893433, "ppo_clipped_fraction:mean": 0.5797871947288513, "loss:sum": -1.0188473125610255e-14}}
{"step": 4, "epoch": 0, "reward": -0.16661838058704143, "invalid_rate": 0.0, "tinker": {"clock_cycle:unique": 9583824.0, "ppo_mean_ratio:mean": 0.5017487108707428, "ppo_kl_div:mean": 3.1229313611984253, "ppo_clipped_fraction:mean": 0.5900962948799133, "loss:sum": -1.2173119601905074e-14}}
{"step": 5, "epoch": 0, "reward": 0.2249467476981355, "invalid_rate": 0.0, "tinker": {"ppo_clipped_fraction:mean": 0.5812322696050009, "ppo_mean_ratio:mean": 0.5085814396540324, "ppo_kl_div:mean": 3.1209232807159424, "clock_cycle:unique": 9583838.0, "loss:sum": -1.1335847650576695e-14}}
{"step": 6, "epoch": 0, "reward": -0.5435433261548246, "invalid_rate": 0.0, "tinker": {"ppo_clipped_fraction:mean": 0.5924426317214966, "ppo_mean_ratio:mean": 0.4987890049815178, "ppo_kl_div:mean": 3.1570894718170166, "clock_cycle:unique": 9583850.0, "loss:sum": -1.8273572013742002e-14}}
{"step": 7, "epoch": 0, "reward": 0.25, "invalid_rate": 0.0, "tinker": {"clock_cycle:unique": 9583862.0, "ppo_mean_ratio:mean": 0.5247512459754944, "ppo_kl_div:mean": 2.9798810482025146, "ppo_clipped_fraction:mean": 0.5568627715110779, "loss:sum": -9.135541291955011e-15}}
{"step": 8, "epoch": 0, "reward": 0.33338161941295885, "invalid_rate": 0.0, "tinker": {"clock_cycle:unique": 9583873.0, "ppo_mean_ratio:mean": 0.4983854293823242, "ppo_kl_div:mean": 3.160154104232788, "ppo_clipped_fraction:mean": 0.5960385799407959, "loss:sum": -6.096025394138104e-15}}
{"step": 9, "epoch": 0, "reward": 6.938893903907228e-18, "invalid_rate": 0.0, "tinker": {"clock_cycle:unique": 9583884.0, "ppo_mean_ratio:mean": 0.5087729096412659, "ppo_kl_div:mean": 3.046034812927246, "ppo_clipped_fraction:mean": 0.5766233801841736, "loss:sum": -1.2233906074331832e-14}}
{"step": 10, "epoch": 0, "reward": -0.24999999999999994, "invalid_rate": 0.0, "tinker": {"ppo_clipped_fraction:mean": 0.5895425081253052, "ppo_mean_ratio:mean": 0.5054497718811035, "ppo_kl_div:mean": 3.2201082706451416, "clock_cycle:unique": 9583895.0, "loss:sum": -1.517873554710697e-14}}
{"step": 11, "epoch": 0, "reward": -0.04354332615482456, "invalid_rate": 0.0, "tinker": {"ppo_clipped_fraction:mean": 0.5833333730697632, "ppo_mean_ratio:mean": 0.5104315280914307, "ppo_kl_div:mean": 3.0288913249969482, "clock_cycle:unique": 9583907.0, "loss:sum": -1.2178688843533271e-14}}
{"step": 12, "epoch": 0, "reward": 0.2064566738451754, "invalid_rate": 0.0, "tinker": {"clock_cycle:unique": 9583918.0, "ppo_mean_ratio:mean": 0.5137725472450256, "ppo_kl_div:mean": 3.102837562561035, "ppo_clipped_fraction:mean": 0.5756791830062866, "loss:sum": -9.136159202490033e-15}}
{"step": 13, "epoch": 0, "reward": 0.19178027656806285, "invalid_rate": 0.0, "tinker": {"ppo_clipped_fraction:mean": 0.5949198007583618, "ppo_mean_ratio:mean": 0.4983333647251129, "ppo_kl_div:mean": 3.2608983516693115, "clock_cycle:unique": 9583928.0, "loss:sum": -7.0694928318466854e-15}}
{"step": 14, "epoch": 0, "reward": 0.16669080970647943, "invalid_rate": 0.0, "tinker": {"ppo_clipped_fraction:mean": 0.5733333230018616, "ppo_mean_ratio:mean": 0.5140568912029266, "ppo_kl_div:mean": 3.1242687702178955, "clock_cycle:unique": 9583940.0, "loss:sum": -9.085159348735852e-15}}
{"step": 15, "epoch": 0, "reward": -0.30010650460372895, "invalid_rate": 0.0, "tinker": {"clock_cycle:unique": 9583954.0, "ppo_mean_ratio:mean": 0.488737016916275, "ppo_kl_div:mean": 3.2431204319000244, "ppo_clipped_fraction:mean": 0.598901093006134, "loss:sum": -1.9380818564590507e-14}}
{"step": 16, "epoch": 0, "reward": 0.12501810727985957, "invalid_rate": 0.0, "tinker": {"clock_cycle:unique": 9583965.0, "ppo_mean_ratio:mean": 0.5209208726882935, "ppo_kl_div:mean": 2.981830596923828, "ppo_clipped_fraction:mean": 0.567521333694458, "loss:sum": 2.189810276031494}}
{"step": 17, "epoch": 0, "reward": -0.4166183805870414, "invalid_rate": 0.125, "tinker": {"clock_cycle:unique": 9583976.0, "ppo_mean_ratio:mean": 0.5118148326873779, "ppo_kl_div:mean": 3.0887104272842407, "ppo_clipped_fraction:mean": 0.5723598599433899, "loss:sum": -9.164863455006587e-15}}
{"step": 18, "epoch": 0, "reward": 0.24622253798387117, "invalid_rate": 0.0, "tinker": {"ppo_clipped_fraction:mean": 0.5790849924087524, "ppo_mean_ratio:mean": 0.509560614824295, "ppo_kl_div:mean": 3.0827780961990356, "clock_cycle:unique": 9583988.0, "loss:sum": -7.125833651849779e-15}}
{"step": 19, "epoch": 0, "reward": 4.163336342344337e-17, "invalid_rate": 0.0, "tinker": {"ppo_clipped_fraction:mean": 0.5880794525146484, "ppo_mean_ratio:mean": 0.5040180087089539, "ppo_kl_div:mean": 3.1238553524017334, "clock_cycle:unique": 9583999.0, "loss:sum": -1.218119097885946e-14}}
{"step": 20, "epoch": 0, "reward": 0.6482369504132386, "invalid_rate": 0.0, "tinker": {"ppo_clipped_fraction:mean": 0.5677852630615234, "ppo_mean_ratio:mean": 0.5148607492446899, "ppo_kl_div:mean": 3.100036859512329, "clock_cycle:unique": 9584010.0, "loss:sum": -1.0569476168581764e-15}}
{"step": 21, "epoch": 0, "reward": -0.05821972343193725, "invalid_rate": 0.0, "tinker": {"ppo_clipped_fraction:mean": 0.5708712339401245, "ppo_mean_ratio:mean": 0.5144756436347961, "ppo_kl_div:mean": 3.0655760765075684, "clock_cycle:unique": 9584021.0, "loss:sum": -1.0025650523258402e-14}}
{"step": 22, "epoch": 0, "reward": 0.4564566738451754, "invalid_rate": 0.0, "tinker": {"ppo_clipped_fraction:mean": 0.5975610017776489, "ppo_mean_ratio:mean": 0.4937617778778076, "ppo_kl_div:mean": 3.1810693740844727, "clock_cycle:unique": 9584032.0, "loss:sum": -6.0623477876717465e-15}}
{"step": 23, "epoch": 0, "reward": 0.4166908097064794, "invalid_rate": 0.0, "tinker": {"ppo_clipped_fraction:mean": 0.5768707692623138, "ppo_mean_ratio:mean": 0.5131069123744965, "ppo_kl_div:mean": 3.0367348194122314, "clock_cycle:unique": 9584043.0, "loss:sum": -6.097262485757569e-15}}
{"step": 24, "epoch": 0, "reward": 6.938893903907228e-18, "invalid_rate": 0.0, "tinker": {"ppo_clipped_fraction:mean": 0.5877659320831299, "ppo_mean_ratio:mean": 0.5025253146886826, "ppo_kl_div:mean": 3.1020306944847107, "clock_cycle:unique": 9584054.0, "loss:sum": -1.218068657073937e-14}}
{"step": 25, "epoch": 0, "reward": -0.29354332615482465, "invalid_rate": 0.0, "tinker": {"clock_cycle:unique": 9584063.0, "ppo_mean_ratio:mean": 0.4983125627040863, "ppo_kl_div:mean": 3.133784055709839, "ppo_clipped_fraction:mean": 0.5889328122138977, "loss:sum": -1.510085594980462e-14}}
{"step": 26, "epoch": 0, "reward": -0.08330919029352055, "invalid_rate": 0.0, "tinker": {"ppo_clipped_fraction:mean": 0.5896103978157043, "ppo_mean_ratio:mean": 0.5019773244857788, "ppo_kl_div:mean": 3.0866324305534363, "clock_cycle:unique": 9584074.0, "loss:sum": -1.218466466097615e-14}}
{"step": 27, "epoch": 0, "reward": -0.49999999999999994, "invalid_rate": 0.0, "tinker": {"ppo_clipped_fraction:mean": 0.5825106203556061, "ppo_mean_ratio:mean": 0.5081684291362762, "ppo_kl_div:mean": 3.1133670806884766, "clock_cycle:unique": 9584085.0, "loss:sum": -1.827143749071492e-14}}
{"step": 28, "epoch": 0, "reward": 0.4919592102912298, "invalid_rate": 0.0, "tinker": {"ppo_clipped_fraction:mean": 0.587828516960144, "ppo_mean_ratio:mean": 0.49858780205249786, "ppo_kl_div:mean": 3.1417076587677, "clock_cycle:unique": 9584096.0, "loss:sum": -8.199410643044925e-15}}
{"step": 29, "epoch": 0, "reward": -0.5832729757338012, "invalid_rate": 0.0, "tinker": {"clock_cycle:unique": 9584105.0, "ppo_mean_ratio:mean": 0.5028772950172424, "ppo_kl_div:mean": 3.127658873796463, "ppo_clipped_fraction:mean": 0.5921052694320679, "loss:sum": -1.817166336227547e-14}}
{"step": 30, "epoch": 0, "reward": 0.4749467476981355, "invalid_rate": 0.0, "tinker": {"ppo_clipped_fraction:mean": 0.5737569530804952, "ppo_mean_ratio:mean": 0.5164704322814941, "ppo_kl_div:mean": 2.974567731221517, "clock_cycle:unique": 9584117.0, "loss:sum": -8.106759426417171e-15}}
{"step": 31, "epoch": 0, "reward": -0.3370866523096495, "invalid_rate": 0.0, "tinker": {"ppo_clipped_fraction:mean": 0.5837696194648743, "ppo_mean_ratio:mean": 0.5044667720794678, "ppo_kl_div:mean": 3.0730044841766357, "clock_cycle:unique": 9584128.0, "loss:sum": -1.3064399009225097e-14}}
{"step": 32, "epoch": 0, "reward": 0.19178027656806274, "invalid_rate": 0.0, "tinker": {"clock_cycle:unique": 9584139.0, "ppo_mean_ratio:mean": 0.512602835893631, "ppo_kl_div:mean": 3.0555301904678345, "ppo_clipped_fraction:mean": 0.5792276859283447, "loss:sum": -7.093559367218785e-15}}
{"step": 33, "epoch": 0, "reward": 0.16669080970647934, "invalid_rate": 0.0, "tinker": {"clock_cycle:unique": 9584151.0, "ppo_mean_ratio:mean": 0.5185633078217506, "ppo_kl_div:mean": 2.8792024552822113, "ppo_clipped_fraction:mean": 0.5683646276593208, "loss:sum": -9.135186808666585e-15}}
{"step": 34, "epoch": 0, "reward": 0.08338161941295866, "invalid_rate": 0.0, "tinker": {"clock_cycle:unique": 9584162.0, "ppo_mean_ratio:mean": 0.505693793296814, "ppo_kl_div:mean": 3.0949082374572754, "ppo_clipped_fraction:mean": 0.5794392824172974, "loss:sum": -8.934040200616212e-15}}
{"step": 35, "epoch": 0, "reward": 0.16672702426619834, "invalid_rate": 0.0, "tinker": {"clock_cycle:unique": 9584173.0, "ppo_mean_ratio:mean": 0.5045713782310486, "ppo_kl_div:mean": 3.185084819793701, "ppo_clipped_fraction:mean": 0.5857338905334473, "loss:sum": -9.184332507299227e-15}}
{"step": 36, "epoch": 0, "reward": -0.49999999999999994, "invalid_rate": 0.0, "tinker": {"ppo_clipped_fraction:mean": 0.5997340083122253, "ppo_mean_ratio:mean": 0.49889200925827026, "ppo_kl_div:mean": 3.1430773735046387, "clock_cycle:unique": 9584185.0, "loss:sum": -1.8254180041447562e-14}}
{"step": 37, "epoch": 0, "reward": 0.08338161941295875, "invalid_rate": 0.0, "tinker": {"clock_cycle:unique": 9584197.0, "ppo_mean_ratio:mean": 0.501297116279602, "ppo_kl_div:mean": 3.2177608013153076, "ppo_clipped_fraction:mean": 0.5883152484893799, "loss:sum": -9.135801754586292e-15}}
{"step": 38, "epoch": 0, "reward": -0.10832622803566613, "invalid_rate": 0.0, "tinker": {"ppo_clipped_fraction:mean": 0.5951417088508606, "ppo_mean_ratio:mean": 0.4939524829387665, "ppo_kl_div:mean": 3.2190933227539062, "clock_cycle:unique": 9584206.0, "loss:sum": -1.3910726378034335e-14}}
{"step": 39, "epoch": 0, "reward": -0.5080407897087696, "invalid_rate": 0.0, "tinker": {"ppo_clipped_fraction:mean": 0.5848101377487183, "ppo_mean_ratio:mean": 0.5184985995292664, "ppo_kl_div:mean": 3.0526647567749023, "clock_cycle:unique": 9584216.0, "loss:sum": -2.0566107343067234e-14}}
{"step": 40, "epoch": 0, "reward": -0.49999999999999994, "invalid_rate": 0.0, "tinker": {"ppo_clipped_fraction:mean": 0.5925925970077515, "ppo_mean_ratio:mean": 0.4981476962566376, "ppo_kl_div:mean": 3.192322015762329, "clock_cycle:unique": 9584227.0, "loss:sum": -1.8301739247369997e-14}}
{"step": 41, "epoch": 0, "reward": 0.16291334769035076, "invalid_rate": 0.0, "tinker": {"clock_cycle:unique": 9584238.0, "ppo_mean_ratio:mean": 0.5018345713615417, "ppo_kl_div:mean": 3.165786862373352, "ppo_clipped_fraction:mean": 0.5907859206199646, "loss:sum": -6.899531435815374e-15}}
{"step": 42, "epoch": 0, "reward": 0.2064566738451754, "invalid_rate": 0.0, "tinker": {"ppo_clipped_fraction:mean": 0.5733157396316528, "ppo_mean_ratio:mean": 0.5178070664405823, "ppo_kl_div:mean": 2.9738070964813232, "clock_cycle:unique": 9584248.0, "loss:sum": -9.135722980522197e-15}}
{"step": 43, "epoch": 0, "reward": 0.10847108627454227, "invalid_rate": 0.0, "tinker": {"clock_cycle:unique": 9584257.0, "ppo_mean_ratio:mean": 0.5159924253821373, "ppo_kl_div:mean": 3.047823041677475, "ppo_clipped_fraction:mean": 0.574616439640522, "loss:sum": -7.050917769890313e-15}}
{"step": 44, "epoch": 0, "reward": -0.75, "invalid_rate": 0.125, "tinker": {"clock_cycle:unique": 9584269.0, "ppo_mean_ratio:mean": 0.5084105134010315, "ppo_kl_div:mean": 3.105050563812256, "ppo_clipped_fraction:mean": 0.5900537371635437, "loss:sum": -1.4970151989779704e-14}}
{"step": 45, "epoch": 0, "reward": 0.32960415739682986, "invalid_rate": 0.0, "tinker": {"clock_cycle:unique": 9584281.0, "ppo_mean_ratio:mean": 0.49821530655026436, "ppo_kl_div:mean": 3.2933347821235657, "ppo_clipped_fraction:mean": 0.5878378748893738, "loss:sum": -4.174075026049627e-15}}
{"step": 46, "epoch": 0, "reward": 0.4749467476981355, "invalid_rate": 0.0, "tinker": {"ppo_clipped_fraction:mean": 0.5942028760910034, "ppo_mean_ratio:mean": 0.49878934025764465, "ppo_kl_div:mean": 3.2337310314178467, "clock_cycle:unique": 9584293.0, "loss:sum": -8.150079020680361e-15}}
{"step": 47, "epoch": 0, "reward": 0.8333816194129589, "invalid_rate": 0.0, "tinker": {"ppo_clipped_fraction:mean": 0.590969443321228, "ppo_mean_ratio:mean": 0.499592661857605, "ppo_kl_div:mean": 3.156240940093994, "clock_cycle:unique": 9584305.0, "loss:sum": 0.0}}
{"step": 48, "epoch": 0, "reward": -0.311997185448066, "invalid_rate": 0.0, "tinker": {"ppo_clipped_fraction:mean": 0.5885486006736755, "ppo_mean_ratio:mean": 0.500076413154602, "ppo_kl_div:mean": 3.2526259422302246, "clock_cycle:unique": 9584315.0, "loss:sum": -1.1353699081698317e-14}}
{"step": 49, "epoch": 0, "reward": 0.25, "invalid_rate": 0.0, "tinker": {"clock_cycle:unique": 9584326.0, "ppo_mean_ratio:mean": 0.5090199857950211, "ppo_kl_div:mean": 3.0514976978302, "ppo_clipped_fraction:mean": 0.5831024721264839, "loss:sum": -9.134860912740129e-15}}
{"step": 50, "epoch": 0, "reward": 0.25, "invalid_rate": 0.0, "tinker": {"ppo_clipped_fraction:mean": 0.5953991413116455, "ppo_mean_ratio:mean": 0.49398648738861084, "ppo_kl_div:mean": 3.3830106258392334, "clock_cycle:unique": 9584337.0, "loss:sum": -9.132953182784675e-15}}
{"step": 51, "epoch": 0, "reward": 0.18373948685929253, "invalid_rate": 0.0, "tinker": {"ppo_clipped_fraction:mean": 0.5838926434516907, "ppo_mean_ratio:mean": 0.509999692440033, "ppo_kl_div:mean": 2.9900408387184143, "clock_cycle:unique": 9584348.0, "loss:sum": -9.340795586283094e-15}}
{"step": 52, "epoch": 0, "reward": -0.08330919029352066, "invalid_rate": 0.0, "tinker": {"ppo_clipped_fraction:mean": 0.591471791267395, "ppo_mean_ratio:mean": 0.4970519244670868, "ppo_kl_div:mean": 3.190809965133667, "clock_cycle:unique": 9584359.0, "loss:sum": -1.2180714946343103e-14}}
{"step": 53, "epoch": 0, "reward": 0.4166908097064794, "invalid_rate": 0.0, "tinker": {"ppo_clipped_fraction:mean": 0.5729584693908691, "ppo_mean_ratio:mean": 0.5151157379150391, "ppo_kl_div:mean": 3.0071022510528564, "clock_cycle:unique": 9584370.0, "loss:sum": -6.0908165650289635e-15}}
{"step": 54, "epoch": 0, "reward": -0.3768525164483452, "invalid_rate": 0.0, "tinker": {"clock_cycle:unique": 9584381.0, "ppo_mean_ratio:mean": 0.5101462602615356, "ppo_kl_div:mean": 3.100137233734131, "ppo_clipped_fraction:mean": 0.5706371068954468, "loss:sum": -1.5268705692698427e-14}}
{"step": 55, "epoch": 0, "reward": -0.08327297573380171, "invalid_rate": 0.0, "tinker": {"clock_cycle:unique": 9584392.0, "ppo_mean_ratio:mean": 0.5045124292373657, "ppo_kl_div:mean": 3.075326681137085, "ppo_clipped_fraction:mean": 0.5860214829444885, "loss:sum": -1.1977859025805171e-14}}
{"step": 56, "epoch": 0, "reward": -0.14152891372545778, "invalid_rate": 0.0, "tinker": {"ppo_clipped_fraction:mean": 0.5796344876289368, "ppo_mean_ratio:mean": 0.5070158243179321, "ppo_kl_div:mean": 3.1294853687286377, "clock_cycle:unique": 9584403.0, "loss:sum": -1.012278402648479e-14}}
{"step": 57, "epoch": 0, "reward": -0.4601617067418661, "invalid_rate": 0.125, "tinker": {"ppo_clipped_fraction:mean": 0.5715694824854533, "ppo_mean_ratio:mean": 0.5234590570131937, "ppo_kl_div:mean": 2.9485116004943848, "clock_cycle:unique": 9584413.0, "loss:sum": -9.137221805322364e-15}}
{"step": 58, "epoch": 0, "reward": -0.7935433261548246, "invalid_rate": 0.125, "tinker": {"ppo_clipped_fraction:mean": 0.5970938205718994, "ppo_mean_ratio:mean": 0.49513009190559387, "ppo_kl_div:mean": 3.079171895980835, "clock_cycle:unique": 9584422.0, "loss:sum": -1.517404298457918e-14}}
{"step": 59, "epoch": 0, "reward": -0.05821972343193711, "invalid_rate": 0.0, "tinker": {"clock_cycle:unique": 9584433.0, "ppo_mean_ratio:mean": 0.5042611807584763, "ppo_kl_div:mean": 3.1115889251232147, "ppo_clipped_fraction:mean": 0.5904109552502632, "loss:sum": -1.0080693265269829e-14}}
{"step": 60, "epoch": 0, "reward": 0.12314748355165467, "invalid_rate": 0.0, "tinker": {"clock_cycle:unique": 9584447.0, "ppo_mean_ratio:mean": 0.49793049693107605, "ppo_kl_div:mean": 3.2310354709625244, "ppo_clipped_fraction:mean": 0.5989376306533813, "loss:sum": -9.124740351328098e-15}}
{"step": 61, "epoch": 0, "reward": 0.25, "invalid_rate": 0.0, "tinker": {"ppo_clipped_fraction:mean": 0.5891677737236023, "ppo_mean_ratio:mean": 0.506485790014267, "ppo_kl_div:mean": 3.1013660430908203, "clock_cycle:unique": 9584460.0, "loss:sum": -9.129393950340313e-15}}
{"step": 62, "epoch": 0, "reward": 4.163336342344337e-17, "invalid_rate": 0.0, "tinker": {"clock_cycle:unique": 9584474.0, "ppo_mean_ratio:mean": 0.5098676681518555, "ppo_kl_div:mean": 3.107121229171753, "ppo_clipped_fraction:mean": 0.5815508365631104, "loss:sum": -1.2195814155660858e-14}}
{"step": 63, "epoch": 0, "reward": 0.4166908097064792, "invalid_rate": 0.0, "tinker": {"clock_cycle:unique": 9584488.0, "ppo_mean_ratio:mean": 0.504087895154953, "ppo_kl_div:mean": 3.2122809290885925, "ppo_clipped_fraction:mean": 0.5835654735565186, "loss:sum": -6.090051800156711e-15}}
{"step": 64, "epoch": 0, "reward": -0.08330919029352055, "invalid_rate": 0.0, "tinker": {"clock_cycle:unique": 9584499.0, "ppo_mean_ratio:mean": 0.4956180155277252, "ppo_kl_div:mean": 3.1833784580230713, "ppo_clipped_fraction:mean": 0.5959459543228149, "loss:sum": -1.21706589711933e-14}}
{"step": 65, "epoch": 0, "reward": 6.938893903907228e-18, "invalid_rate": 0.0, "tinker": {"ppo_clipped_fraction:mean": 0.5785235166549683, "ppo_mean_ratio:mean": 0.5133066475391388, "ppo_kl_div:mean": 3.03498911857605, "clock_cycle:unique": 9584514.0, "loss:sum": -1.2296668674624534e-14}}
{"step": 66, "epoch": 0, "reward": 0.37314748355165483, "invalid_rate": 0.0, "tinker": {"clock_cycle:unique": 9584528.0, "ppo_mean_ratio:mean": 0.49725282192230225, "ppo_kl_div:mean": 3.219656467437744, "ppo_clipped_fraction:mean": 0.5922459959983826, "loss:sum": -5.983986228622409e-15}}
{"step": 67, "epoch": 0, "reward": 0.4314034215433108, "invalid_rate": 0.0, "tinker": {"ppo_clipped_fraction:mean": 0.5926412343978882, "ppo_mean_ratio:mean": 0.4972715973854065, "ppo_kl_div:mean": 3.133152723312378, "clock_cycle:unique": 9584541.0, "loss:sum": -8.174733608676092e-15}}
{"step": 68, "epoch": 0, "reward": -0.24999999999999997, "invalid_rate": 0.0, "tinker": {"ppo_clipped_fraction:mean": 0.5872800946235657, "ppo_mean_ratio:mean": 0.5058772563934326, "ppo_kl_div:mean": 3.038233518600464, "clock_cycle:unique": 9584553.0, "loss:sum": -1.5334158469631608e-14}}
{"step": 69, "epoch": 0, "reward": 0.16291334769035082, "invalid_rate": 0.0, "tinker": {"clock_cycle:unique": 9584563.0, "ppo_mean_ratio:mean": 0.5047008991241455, "ppo_kl_div:mean": 3.0837841033935547, "ppo_clipped_fraction:mean": 0.5897647937138876, "loss:sum": -9.159566534470932e-15}}
{"step": 70, "epoch": 0, "reward": 0.30832836711109424, "invalid_rate": 0.0, "tinker": {"clock_cycle:unique": 9584574.0, "ppo_mean_ratio:mean": 0.4971732348203659, "ppo_kl_div:mean": 3.2127777338027954, "ppo_clipped_fraction:mean": 0.6034946441650391, "loss:sum": -8.073834196966213e-15}}
{"step": 71, "epoch": 0, "reward": 0.03983829325813398, "invalid_rate": 0.0, "tinker": {"clock_cycle:unique": 9584585.0, "ppo_mean_ratio:mean": 0.5020183126131693, "ppo_kl_div:mean": 3.0399463971455893, "ppo_clipped_fraction:mean": 0.5905945499738058, "loss:sum": -9.1595301120542e-15}}
{"step": 72, "epoch": 0, "reward": -0.028830714317993163, "invalid_rate": 0.0, "tinker": {"clock_cycle:unique": 9584594.0, "ppo_mean_ratio:mean": 0.5152971148490906, "ppo_kl_div:mean": 3.0103495121002197, "ppo_clipped_fraction:mean": 0.5714285373687744, "loss:sum": -1.2193445004507388e-14}}
{"step": 73, "epoch": 0, "reward": -0.49999999999999994, "invalid_rate": 0.0, "tinker": {"ppo_clipped_fraction:mean": 0.5624178647994995, "ppo_mean_ratio:mean": 0.5236454606056213, "ppo_kl_div:mean": 3.0929696559906006, "clock_cycle:unique": 9584604.0, "loss:sum": -1.825434097770754e-14}}
{"step": 74, "epoch": 0, "reward": 0.19178027656806285, "invalid_rate": 0.0, "tinker": {"clock_cycle:unique": 9584616.0, "ppo_mean_ratio:mean": 0.5138009637594223, "ppo_kl_div:mean": 2.9693324863910675, "ppo_clipped_fraction:mean": 0.5746688991785049, "loss:sum": -7.213244593270226e-15}}
{"step": 75, "epoch": 0, "reward": -0.24999999999999994, "invalid_rate": 0.0, "tinker": {"ppo_clipped_fraction:mean": 0.5708501860499382, "ppo_mean_ratio:mean": 0.5178152471780777, "ppo_kl_div:mean": 3.036975085735321, "clock_cycle:unique": 9584628.0, "loss:sum": -1.5224879996249253e-14}}
{"step": 76, "epoch": 0, "reward": 6.245004513516506e-17, "invalid_rate": 0.0, "tinker": {"clock_cycle:unique": 9584640.0, "ppo_mean_ratio:mean": 0.49675771966576576, "ppo_kl_div:mean": 3.223378449678421, "ppo_clipped_fraction:mean": 0.5989159941673279, "loss:sum": -1.2184009586870567e-14}}
{"step": 77, "epoch": 0, "reward": -0.49999999999999994, "invalid_rate": 0.0, "tinker": {"ppo_clipped_fraction:mean": 0.5556915551424026, "ppo_mean_ratio:mean": 0.526538610458374, "ppo_kl_div:mean": 3.0523858666419983, "clock_cycle:unique": 9584653.0, "loss:sum": -1.8311194676160197e-14}}
{"step": 78, "epoch": 0, "reward": -0.0037774620161286805, "invalid_rate": 0.0, "tinker": {"ppo_clipped_fraction:mean": 0.5771276354789734, "ppo_mean_ratio:mean": 0.5136808156967163, "ppo_kl_div:mean": 3.034785747528076, "clock_cycle:unique": 9584666.0, "loss:sum": -1.0147283607451173e-14}}
{"step": 79, "epoch": 0, "reward": -0.08330919029352066, "invalid_rate": 0.0, "tinker": {"clock_cycle:unique": 9584678.0, "ppo_mean_ratio:mean": 0.4960775375366211, "ppo_kl_div:mean": 3.1451226472854614, "ppo_clipped_fraction:mean": 0.5960526466369629, "loss:sum": -1.2196424019382882e-14}}
{"step": 80, "epoch": 0, "reward": -0.33708665230964935, "invalid_rate": 0.0, "tinker": {"ppo_clipped_fraction:mean": 0.5939947962760925, "ppo_mean_ratio:mean": 0.48628585040569305, "ppo_kl_div:mean": 3.2698384523391724, "clock_cycle:unique": 9584689.0, "loss:sum": -1.3303954326268717e-14}}
{"step": 81, "epoch": 0, "reward": 0.19178027656806274, "invalid_rate": 0.0, "tinker": {"clock_cycle:unique": 9584700.0, "ppo_mean_ratio:mean": 0.5063536167144775, "ppo_kl_div:mean": 3.223419109980265, "ppo_clipped_fraction:mean": 0.5782257119814554, "loss:sum": -7.003525800035402e-15}}
{"step": 82, "epoch": 0, "reward": 0.2751618959810215, "invalid_rate": 0.0, "tinker": {"clock_cycle:unique": 9584711.0, "ppo_mean_ratio:mean": 0.5164517164230347, "ppo_kl_div:mean": 3.0644946098327637, "ppo_clipped_fraction:mean": 0.5719844400882721, "loss:sum": -4.030460907480016e-15}}
{"step": 83, "epoch": 0, "reward": -0.24999999999999994, "invalid_rate": 0.0, "tinker": {"ppo_clipped_fraction:mean": 0.5723772048950195, "ppo_mean_ratio:mean": 0.5182148218154907, "ppo_kl_div:mean": 2.9886538982391357, "clock_cycle:unique": 9584722.0, "loss:sum": -1.520667916403689e-14}}
{"step": 84, "epoch": 0, "reward": 0.25, "invalid_rate": 0.0, "tinker": {"ppo_clipped_fraction:mean": 0.5783926248550415, "ppo_mean_ratio:mean": 0.5112749338150024, "ppo_kl_div:mean": 3.1149799823760986, "clock_cycle:unique": 9584733.0, "loss:sum": -9.135464211956811e-15}}
{"step": 85, "epoch": 0, "reward": -0.24999999999999994, "invalid_rate": 0.0, "tinker": {"clock_cycle:unique": 9584744.0, "ppo_mean_ratio:mean": 0.5128614902496338, "ppo_kl_div:mean": 3.110894203186035, "ppo_clipped_fraction:mean": 0.5752522945404053, "loss:sum": -1.5130565630429565e-14}}
{"step": 86, "epoch": 0, "reward": -0.33330919029352063, "invalid_rate": 0.0, "tinker": {"clock_cycle:unique": 9584755.0, "ppo_mean_ratio:mean": 0.5265114903450012, "ppo_kl_div:mean": 2.869257688522339, "ppo_clipped_fraction:mean": 0.5630810260772705, "loss:sum": -1.522569166557096e-14}}
{"step": 87, "epoch": 0, "reward": -0.05821972343193714, "invalid_rate": 0.0, "tinker": {"clock_cycle:unique": 9584765.0, "ppo_mean_ratio:mean": 0.5143467783927917, "ppo_kl_div:mean": 3.0721185207366943, "ppo_clipped_fraction:mean": 0.5729730129241943, "loss:sum": -1.012228088891412e-14}}
{"step": 88, "epoch": 0, "reward": -0.15190576875020972, "invalid_rate": 0.0, "tinker": {"ppo_clipped_fraction:mean": 0.5879999920725822, "ppo_mean_ratio:mean": 0.5078821182250977, "ppo_kl_div:mean": 3.0647218823432922, "clock_cycle:unique": 9584777.0, "loss:sum": -1.420232466990668e-14}}
{"step": 89, "epoch": 0, "reward": 0.3835605531361256, "invalid_rate": 0.0, "tinker": {"ppo_clipped_fraction:mean": 0.5993412137031555, "ppo_mean_ratio:mean": 0.4931431710720062, "ppo_kl_div:mean": 3.178755283355713, "clock_cycle:unique": 9584790.0, "loss:sum": -2.2387605956358456e-15}}
{"step": 90, "epoch": 0, "reward": 0.25, "invalid_rate": 0.0, "tinker": {"clock_cycle:unique": 9584802.0, "ppo_mean_ratio:mean": 0.5048213203748068, "ppo_kl_div:mean": 3.0818355878194175, "ppo_clipped_fraction:mean": 0.5837485194206238, "loss:sum": -9.119282494532465e-15}}
{"step": 91, "epoch": 0, "reward": -0.025053252301864434, "invalid_rate": 0.0, "tinker": {"ppo_clipped_fraction:mean": 0.581267237663269, "ppo_mean_ratio:mean": 0.5067103505134583, "ppo_kl_div:mean": 3.192840814590454, "clock_cycle:unique": 9584814.0, "loss:sum": -1.421371599249783e-14}}
{"step": 92, "epoch": 0, "reward": -0.025053252301864448, "invalid_rate": 0.0, "tinker": {"clock_cycle:unique": 9584823.0, "ppo_mean_ratio:mean": 0.5015275875727335, "ppo_kl_div:mean": 3.277801036834717, "ppo_clipped_fraction:mean": 0.5886478622754415, "loss:sum": -1.4017756190699967e-14}}
{"step": 93, "epoch": 0, "reward": 0.25, "invalid_rate": 0.0, "tinker": {"clock_cycle:unique": 9584834.0, "ppo_mean_ratio:mean": 0.49533990025520325, "ppo_kl_div:mean": 3.257612943649292, "ppo_clipped_fraction:mean": 0.5970350503921509, "loss:sum": -9.143593610668084e-15}}
{"step": 94, "epoch": 0, "reward": -0.1083624425953851, "invalid_rate": 0.0, "tinker": {"clock_cycle:unique": 9584845.0, "ppo_mean_ratio:mean": 0.5113852322101593, "ppo_kl_div:mean": 2.9940664768218994, "ppo_clipped_fraction:mean": 0.5783926248550415, "loss:sum": -1.4264668412406964e-14}}
{"step": 95, "epoch": 0, "reward": -0.08330919029352052, "invalid_rate": 0.0, "tinker": {"clock_cycle:unique": 9584856.0, "ppo_mean_ratio:mean": 0.5179405808448792, "ppo_kl_div:mean": 2.9864670038223267, "ppo_clipped_fraction:mean": 0.564238429069519, "loss:sum": -1.218331830210649e-14}}
{"step": 96, "epoch": 0, "reward": 0.5583283671110946, "invalid_rate": 0.0, "tinker": {"clock_cycle:unique": 9584867.0, "ppo_mean_ratio:mean": 0.502904454867045, "ppo_kl_div:mean": 3.1392860412597656, "ppo_clipped_fraction:mean": 0.5842086672782898, "loss:sum": -5.077223270784814e-15}}
{"step": 97, "epoch": 0, "reward": 0.37318369811137364, "invalid_rate": 0.0, "tinker": {"clock_cycle:unique": 9584878.0, "ppo_mean_ratio:mean": 0.507757842540741, "ppo_kl_div:mean": 3.0430350303649902, "ppo_clipped_fraction:mean": 0.5824742019176483, "loss:sum": -5.791166589718256e-15}}
{"step": 98, "epoch": 0, "reward": 0.4919592102912298, "invalid_rate": 0.0, "tinker": {"ppo_clipped_fraction:mean": 0.5817703604698181, "ppo_mean_ratio:mean": 0.5106815099716187, "ppo_kl_div:mean": 3.105536778767904, "clock_cycle:unique": 9584889.0, "loss:sum": -8.226245070330415e-15}}
{"step": 99, "epoch": 0, "reward": 0.19178027656806274, "invalid_rate": 0.0, "tinker": {"ppo_clipped_fraction:mean": 0.5712347626686096, "ppo_mean_ratio:mean": 0.5187891721725464, "ppo_kl_div:mean": 3.0177266597747803, "clock_cycle:unique": 9584898.0, "loss:sum": -7.125984847230864e-15}}
{"step": 100, "epoch": 0, "reward": 0.25, "invalid_rate": 0.0, "tinker": {"clock_cycle:unique": 9584909.0, "ppo_mean_ratio:mean": 0.5123449365297953, "ppo_kl_div:mean": 3.0644734700520835, "ppo_clipped_fraction:mean": 0.5811258355776469, "loss:sum": -9.160506952800621e-15}}
{"step": 101, "epoch": 0, "reward": 0.25, "invalid_rate": 0.0, "tinker": {"ppo_clipped_fraction:mean": 0.5889743367830912, "ppo_mean_ratio:mean": 0.5005884269873301, "ppo_kl_div:mean": 3.136530637741089, "clock_cycle:unique": 9584922.0, "loss:sum": -9.074916179304705e-15}}
{"step": 102, "epoch": 0, "reward": 0.1917802765680628, "invalid_rate": 0.0, "tinker": {"clock_cycle:unique": 9584934.0, "ppo_mean_ratio:mean": 0.5103321745991707, "ppo_kl_div:mean": 3.06205478310585, "ppo_clipped_fraction:mean": 0.5866302847862244, "loss:sum": -7.136307478940374e-15}}
{"step": 103, "epoch": 0, "reward": 0.5999326910787685, "invalid_rate": 0.0, "tinker": {"clock_cycle:unique": 9584945.0, "ppo_mean_ratio:mean": 0.49885478615760803, "ppo_kl_div:mean": 3.203822374343872, "ppo_clipped_fraction:mean": 0.59303879737854, "loss:sum": -9.725268076206557e-16}}
{"step": 104, "epoch": 0, "reward": -0.2831302565703536, "invalid_rate": 0.0, "tinker": {"clock_cycle:unique": 9584956.0, "ppo_mean_ratio:mean": 0.49687275290489197, "ppo_kl_div:mean": 3.214930295944214, "ppo_clipped_fraction:mean": 0.5825375318527222, "loss:sum": -1.5198261350607076e-14}}
{"step": 105, "epoch": 0, "reward": 0.25, "invalid_rate": 0.0, "tinker": {"ppo_clipped_fraction:mean": 0.58553546667099, "ppo_mean_ratio:mean": 0.5017620921134949, "ppo_kl_div:mean": 3.212477684020996, "clock_cycle:unique": 9584969.0, "loss:sum": -9.132563547628939e-15}}
{"step": 106, "epoch": 0, "reward": 0.16669080970647937, "invalid_rate": 0.0, "tinker": {"clock_cycle:unique": 9584983.0, "ppo_mean_ratio:mean": 0.5156979709863663, "ppo_kl_div:mean": 2.974728375673294, "ppo_clipped_fraction:mean": 0.5769745707511902, "loss:sum": -9.134843019169118e-15}}
{"step": 107, "epoch": 0, "reward": -0.3082197234319371, "invalid_rate": 0.0, "tinker": {"ppo_clipped_fraction:mean": 0.575875461101532, "ppo_mean_ratio:mean": 0.5152838230133057, "ppo_kl_div:mean": 3.0372250080108643, "clock_cycle:unique": 9584994.0, "loss:sum": -1.3196883432505142e-14}}
{"step": 108, "epoch": 0, "reward": 0.4166908097064792, "invalid_rate": 0.0, "tinker": {"ppo_clipped_fraction:mean": 0.580467700958252, "ppo_mean_ratio:mean": 0.5065720677375793, "ppo_kl_div:mean": 3.184996485710144, "clock_cycle:unique": 9585006.0, "loss:sum": -6.022278470585408e-15}}
{"step": 109, "epoch": 0, "reward": -0.5833091902935206, "invalid_rate": 0.0, "tinker": {"ppo_clipped_fraction:mean": 0.580437570810318, "ppo_mean_ratio:mean": 0.50663623213768, "ppo_kl_div:mean": 3.1054248809814453, "clock_cycle:unique": 9585017.0, "loss:sum": -1.8307492295147748e-14}}
{"step": 110, "epoch": 0, "reward": -0.3408641143257783, "invalid_rate": 0.0, "tinker": {"ppo_clipped_fraction:mean": 0.5709935948252678, "ppo_mean_ratio:mean": 0.5143208280205727, "ppo_kl_div:mean": 3.1223740577697754, "clock_cycle:unique": 9585030.0, "loss:sum": -1.1356542147785776e-14}}
{"step": 111, "epoch": 0, "reward": 5.551115123125783e-17, "invalid_rate": 0.0, "tinker": {"clock_cycle:unique": 9585043.0, "ppo_mean_ratio:mean": 0.5061720535159111, "ppo_kl_div:mean": 3.142249584197998, "ppo_clipped_fraction:mean": 0.5826873779296875, "loss:sum": -1.2181190131826513e-14}}
{"step": 112, "epoch": 0, "reward": -0.0037774620161286944, "invalid_rate": 0.0, "tinker": {"clock_cycle:unique": 9585055.0, "ppo_mean_ratio:mean": 0.5134698748588562, "ppo_kl_div:mean": 3.023163080215454, "ppo_clipped_fraction:mean": 0.5721925497055054, "loss:sum": -1.034447118350608e-14}}
{"step": 113, "epoch": 0, "reward": 0.18800281455193413, "invalid_rate": 0.0, "tinker": {"ppo_clipped_fraction:mean": 0.5901201963424683, "ppo_mean_ratio:mean": 0.5003925561904907, "ppo_kl_div:mean": 3.0922610759735107, "clock_cycle:unique": 9585068.0, "loss:sum": -5.082293398248842e-15}}
{"step": 114, "epoch": 0, "reward": 0.7419592102912302, "invalid_rate": 0.0, "tinker": {"clock_cycle:unique": 9585080.0, "ppo_mean_ratio:mean": 0.5118257477879524, "ppo_kl_div:mean": 2.9990440905094147, "ppo_clipped_fraction:mean": 0.5736040472984314, "loss:sum": -5.17333207590326e-15}}
{"step": 115, "epoch": 0, "reward": -0.12685251644834522, "invalid_rate": 0.0, "tinker": {"ppo_clipped_fraction:mean": 0.6040540933609009, "ppo_mean_ratio:mean": 0.4892479106783867, "ppo_kl_div:mean": 3.308920383453369, "clock_cycle:unique": 9585094.0, "loss:sum": -1.2161153885096568e-14}}
{"step": 116, "epoch": 0, "reward": -0.11643944686387434, "invalid_rate": 0.0, "tinker": {"clock_cycle:unique": 9585105.0, "ppo_mean_ratio:mean": 0.5047746300697327, "ppo_kl_div:mean": 3.1854476928710938, "ppo_clipped_fraction:mean": 0.5881578922271729, "loss:sum": -1.2158605692353872e-14}}
{"step": 117, "epoch": 0, "reward": 0.15865001999770922, "invalid_rate": 0.0, "tinker": {"clock_cycle:unique": 9585117.0, "ppo_mean_ratio:mean": 0.5027552098035812, "ppo_kl_div:mean": 3.1704097390174866, "ppo_clipped_fraction:mean": 0.5904887914657593, "loss:sum": -1.1239246295799421e-14}}
{"step": 118, "epoch": 0, "reward": 0.44178027656806274, "invalid_rate": 0.0, "tinker": {"ppo_clipped_fraction:mean": 0.5937500074505806, "ppo_mean_ratio:mean": 0.5011860802769661, "ppo_kl_div:mean": 3.18465194106102, "clock_cycle:unique": 9585129.0, "loss:sum": -3.951839626953227e-15}}
{"step": 119, "epoch": 0, "reward": -0.12685251644834533, "invalid_rate": 0.0, "tinker": {"clock_cycle:unique": 9585141.0, "ppo_mean_ratio:mean": 0.5186737974484762, "ppo_kl_div:mean": 3.0040467977523804, "ppo_clipped_fraction:mean": 0.574686070283254, "loss:sum": -1.2139693987740525e-14}}
{"step": 120, "epoch": 0, "reward": 0.20000000000000004, "invalid_rate": 0.0, "tinker": {"clock_cycle:unique": 9585149.0, "ppo_mean_ratio:mean": 0.5015231370925903, "ppo_kl_div:mean": 3.093940019607544, "ppo_clipped_fraction:mean": 0.5841996073722839, "loss:sum": -6.04074590641792e-15}}
{"step": 121, "epoch": 1, "reward": -0.5833091902935207, "invalid_rate": 0.0, "tinker": {"ppo_clipped_fraction:mean": 0.5810983180999756, "ppo_mean_ratio:mean": 0.5131782293319702, "ppo_kl_div:mean": 3.0594793558120728, "clock_cycle:unique": 9585162.0, "loss:sum": -1.8259762835602916e-14}}
{"step": 122, "epoch": 1, "reward": 6.938893903907228e-18, "invalid_rate": 0.0, "tinker": {"clock_cycle:unique": 9585171.0, "ppo_mean_ratio:mean": 0.5099654793739319, "ppo_kl_div:mean": 3.099321126937866, "ppo_clipped_fraction:mean": 0.5819671750068665, "loss:sum": -1.2180767462385833e-14}}
{"step": 123, "epoch": 1, "reward": -0.3082197234319371, "invalid_rate": 0.0, "tinker": {"ppo_clipped_fraction:mean": 0.5951469341913859, "ppo_mean_ratio:mean": 0.4988926450411479, "ppo_kl_div:mean": 3.2368276913960776, "clock_cycle:unique": 9585183.0, "loss:sum": -1.3151027609839636e-14}}
{"step": 124, "epoch": 1, "reward": -0.24999999999999994, "invalid_rate": 0.0, "tinker": {"clock_cycle:unique": 9585195.0, "ppo_mean_ratio:mean": 0.5020925402641296, "ppo_kl_div:mean": 3.112566590309143, "ppo_clipped_fraction:mean": 0.5922077596187592, "loss:sum": -1.5048200993671504e-14}}
{"step": 125, "epoch": 1, "reward": 0.24622253798387134, "invalid_rate": 0.0, "tinker": {"ppo_clipped_fraction:mean": 0.591569741566976, "ppo_mean_ratio:mean": 0.4949883222579956, "ppo_kl_div:mean": 3.2364579836527505, "clock_cycle:unique": 9585206.0, "loss:sum": -7.17660290088407e-15}}
{"step": 126, "epoch": 1, "reward": -0.33708665230964924, "invalid_rate": 0.0, "tinker": {"clock_cycle:unique": 9585217.0, "ppo_mean_ratio:mean": 0.49107857048511505, "ppo_kl_div:mean": 3.2968422174453735, "ppo_clipped_fraction:mean": 0.6051912307739258, "loss:sum": -1.314662727367865e-14}}
{"step": 127, "epoch": 1, "reward": -0.08330919029352066, "invalid_rate": 0.125, "tinker": {"ppo_clipped_fraction:mean": 0.5768707394599915, "ppo_mean_ratio:mean": 0.5126628279685974, "ppo_kl_div:mean": 2.9942883253097534, "clock_cycle:unique": 9585229.0, "loss:sum": -6.189920372769782e-15}}
{"step": 128, "epoch": 1, "reward": -0.12685251644834514, "invalid_rate": 0.0, "tinker": {"ppo_clipped_fraction:mean": 0.5816463828086853, "ppo_mean_ratio:mean": 0.509304404258728, "ppo_kl_div:mean": 3.051797866821289, "clock_cycle:unique": 9585241.0, "loss:sum": -1.2185545575241295e-14}}
{"step": 129, "epoch": 1, "reward": 0.5649277601197178, "invalid_rate": 0.0, "tinker": {"clock_cycle:unique": 9585253.0, "ppo_mean_ratio:mean": 0.5250975489616394, "ppo_kl_div:mean": 2.9376964569091797, "ppo_clipped_fraction:mean": 0.5661861002445221, "loss:sum": -9.35305307947215e-16}}
{"step": 130, "epoch": 1, "reward": -0.5833091902935205, "invalid_rate": 0.0, "tinker": {"clock_cycle:unique": 9585264.0, "ppo_mean_ratio:mean": 0.49721435457468033, "ppo_kl_div:mean": 3.1767494678497314, "ppo_clipped_fraction:mean": 0.5945205613970757, "loss:sum": -1.8273275552210463e-14}}
{"step": 131, "epoch": 1, "reward": 5.551115123125783e-17, "invalid_rate": 0.0, "tinker": {"clock_cycle:unique": 9585275.0, "ppo_mean_ratio:mean": 0.517229437828064, "ppo_kl_div:mean": 3.037103056907654, "ppo_clipped_fraction:mean": 0.5649867057800293, "loss:sum": -1.2182902832445861e-14}}
{"step": 132, "epoch": 1, "reward": -0.08330919029352055, "invalid_rate": 0.0, "tinker": {"ppo_clipped_fraction:mean": 0.5826771855354309, "ppo_mean_ratio:mean": 0.509096585214138, "ppo_kl_div:mean": 3.0794904232025146, "clock_cycle:unique": 9585286.0, "loss:sum": -1.2180980702930304e-14}}
{"step": 133, "epoch": 1, "reward": 6.938893903907228e-18, "invalid_rate": 0.0, "tinker": {"ppo_clipped_fraction:mean": 0.5819671750068665, "ppo_mean_ratio:mean": 0.5034950450062752, "ppo_kl_div:mean": 3.1109861731529236, "clock_cycle:unique": 9585297.0, "loss:sum": -1.217723554675402e-14}}
{"step": 134, "epoch": 1, "reward": 6.938893903907228e-18, "invalid_rate": 0.0, "tinker": {"clock_cycle:unique": 9585308.0, "ppo_mean_ratio:mean": 0.511498287320137, "ppo_kl_div:mean": 3.133885383605957, "ppo_clipped_fraction:mean": 0.5790921524167061, "loss:sum": -1.23860440972079e-14}}
{"step": 135, "epoch": 1, "reward": 0.09809423124979014, "invalid_rate": 0.0, "tinker": {"clock_cycle:unique": 9585317.0, "ppo_mean_ratio:mean": 0.5059693567454815, "ppo_kl_div:mean": 3.181769609451294, "ppo_clipped_fraction:mean": 0.5865257978439331, "loss:sum": -1.1214535168354461e-14}}
{"step": 136, "epoch": 1, "reward": 0.10847108627454219, "invalid_rate": 0.0, "tinker": {"ppo_clipped_fraction:mean": 0.5900783464312553, "ppo_mean_ratio:mean": 0.5031941533088684, "ppo_kl_div:mean": 3.279129236936569, "clock_cycle:unique": 9585329.0, "loss:sum": -7.191453717790043e-15}}
{"step": 137, "epoch": 1, "reward": 0.22032422923489547, "invalid_rate": 0.0, "tinker": {"ppo_clipped_fraction:mean": 0.5849056392908096, "ppo_mean_ratio:mean": 0.5125961452722549, "ppo_kl_div:mean": 2.9963134229183197, "clock_cycle:unique": 9585340.0, "loss:sum": 0.025270968675613403}}
{"step": 138, "epoch": 1, "reward": 0.11690893911214384, "invalid_rate": 0.0, "tinker": {"clock_cycle:unique": 9585350.0, "ppo_mean_ratio:mean": 0.5169119238853455, "ppo_kl_div:mean": 2.9819363951683044, "ppo_clipped_fraction:mean": 0.5727391839027405, "loss:sum": -2.877122317652839e-15}}
{"step": 139, "epoch": 1, "reward": 0.5980942312497902, "invalid_rate": 0.0, "tinker": {"ppo_clipped_fraction:mean": 0.5784574151039124, "ppo_mean_ratio:mean": 0.5017137229442596, "ppo_kl_div:mean": 3.218352973461151, "clock_cycle:unique": 9585361.0, "loss:sum": -5.074130541736152e-15}}
{"step": 140, "epoch": 1, "reward": -0.12685251644834528, "invalid_rate": 0.0, "tinker": {"clock_cycle:unique": 9585370.0, "ppo_mean_ratio:mean": 0.5175170749425888, "ppo_kl_div:mean": 2.9836273193359375, "ppo_clipped_fraction:mean": 0.5827725529670715, "loss:sum": -1.2172409682416156e-14}}
{"step": 141, "epoch": 1, "reward": 0.38789630994820495, "invalid_rate": 0.0, "tinker": {"ppo_clipped_fraction:mean": 0.5904887914657593, "ppo_mean_ratio:mean": 0.5000636354088783, "ppo_kl_div:mean": 3.18650358915329, "clock_cycle:unique": 9585381.0, "loss:sum": -5.949702517142732e-15}}
{"step": 142, "epoch": 1, "reward": 0.5, "invalid_rate": 0.0, "tinker": {"ppo_clipped_fraction:mean": 0.5810474082827568, "ppo_mean_ratio:mean": 0.5078393220901489, "ppo_kl_div:mean": 3.1323680579662323, "clock_cycle:unique": 9585390.0, "loss:sum": -6.091068980847245e-15}}
{"step": 143, "epoch": 1, "reward": -0.033130256570353664, "invalid_rate": 0.0, "tinker": {"clock_cycle:unique": 9585401.0, "ppo_mean_ratio:mean": 0.497504398226738, "ppo_kl_div:mean": 3.176292806863785, "ppo_clipped_fraction:mean": 0.5941827893257141, "loss:sum": -1.2221416573524567e-14}}
{"step": 144, "epoch": 1, "reward": 0.10847108627454216, "invalid_rate": 0.0, "tinker": {"ppo_clipped_fraction:mean": 0.5771276354789734, "ppo_mean_ratio:mean": 0.5093479752540588, "ppo_kl_div:mean": 3.13798189163208, "clock_cycle:unique": 9585411.0, "loss:sum": -7.105354089251064e-15}}
{"step": 145, "epoch": 1, "reward": -0.3082197234319371, "invalid_rate": 0.0, "tinker": {"clock_cycle:unique": 9585422.0, "ppo_mean_ratio:mean": 0.49638713896274567, "ppo_kl_div:mean": 3.1979265213012695, "ppo_clipped_fraction:mean": 0.5849056392908096, "loss:sum": -1.3222064980873184e-14}}
{"step": 146, "epoch": 1, "reward": -0.3333091902935206, "invalid_rate": 0.0, "tinker": {"clock_cycle:unique": 9585432.0, "ppo_mean_ratio:mean": 0.5112911090254784, "ppo_kl_div:mean": 3.15478652715683, "ppo_clipped_fraction:mean": 0.5758754760026932, "loss:sum": -1.5233179436824687e-14}}
{"step": 147, "epoch": 1, "reward": -0.27505325230186445, "invalid_rate": 0.0, "tinker": {"clock_cycle:unique": 9585443.0, "ppo_mean_ratio:mean": 0.5048337504267693, "ppo_kl_div:mean": 3.119869440793991, "ppo_clipped_fraction:mean": 0.5882353186607361, "loss:sum": -1.7481550256521843e-14}}
{"step": 148, "epoch": 1, "reward": -0.08330919029352063, "invalid_rate": 0.0, "tinker": {"ppo_clipped_fraction:mean": 0.5854304954409599, "ppo_mean_ratio:mean": 0.5095549523830414, "ppo_kl_div:mean": 3.201561152935028, "clock_cycle:unique": 9585454.0, "loss:sum": -1.2130528879492996e-14}}
{"step": 149, "epoch": 1, "reward": 0.19178027656806276, "invalid_rate": 0.0, "tinker": {"clock_cycle:unique": 9585465.0, "ppo_mean_ratio:mean": 0.5113876089453697, "ppo_kl_div:mean": 3.0650040805339813, "ppo_clipped_fraction:mean": 0.573351263999939, "loss:sum": -7.01562365398368e-15}}
{"step": 150, "epoch": 1, "reward": 0.16672702426619823, "invalid_rate": 0.0, "tinker": {"clock_cycle:unique": 9585476.0, "ppo_mean_ratio:mean": 0.5103548318147659, "ppo_kl_div:mean": 3.0326516032218933, "ppo_clipped_fraction:mean": 0.5797297358512878, "loss:sum": -8.984217691257728e-15}}
{"step": 151, "epoch": 1, "reward": 5.551115123125783e-17, "invalid_rate": 0.0, "tinker": {"ppo_clipped_fraction:mean": 0.5927419066429138, "ppo_mean_ratio:mean": 0.4989410638809204, "ppo_kl_div:mean": 3.1939940452575684, "clock_cycle:unique": 9585487.0, "loss:sum": -1.2221084430730125e-14}}
{"step": 152, "epoch": 1, "reward": 0.33341783397267766, "invalid_rate": 0.0, "tinker": {"clock_cycle:unique": 9585490.0, "ppo_mean_ratio:mean": 0.5143199265003204, "ppo_kl_div:mean": 3.046485662460327, "ppo_clipped_fraction:mean": 0.5775749683380127, "loss:sum": -6.047138887587322e-15}}
{"step": 153, "epoch": 1, "reward": -0.17035962804345095, "invalid_rate": 0.0, "tinker": {"clock_cycle:unique": 9585495.0, "ppo_mean_ratio:mean": 0.506796658039093, "ppo_kl_div:mean": 3.0814599990844727, "ppo_clipped_fraction:mean": 0.5848806500434875, "loss:sum": -1.0143597320064722e-14}}
{"step": 154, "epoch": 1, "reward": 0.08338161941295875, "invalid_rate": 0.0, "tinker": {"ppo_clipped_fraction:mean": 0.598404236137867, "ppo_mean_ratio:mean": 0.4921448975801468, "ppo_kl_div:mean": 3.1887587010860443, "clock_cycle:unique": 9585505.0, "loss:sum": -9.303175464963741e-15}}
{"step": 155, "epoch": 1, "reward": 0.08338161941295869, "invalid_rate": 0.0, "tinker": {"ppo_clipped_fraction:mean": 0.5775401070713997, "ppo_mean_ratio:mean": 0.5122558996081352, "ppo_kl_div:mean": 3.107409179210663, "clock_cycle:unique": 9585515.0, "loss:sum": -9.13588026395259e-15}}
{"step": 156, "epoch": 1, "reward": 6.938893903907228e-18, "invalid_rate": 0.0, "tinker": {"clock_cycle:unique": 9585524.0, "ppo_mean_ratio:mean": 0.5103741958737373, "ppo_kl_div:mean": 3.0500936806201935, "ppo_clipped_fraction:mean": 0.5793758630752563, "loss:sum": -1.2182345273008331e-14}}
{"step": 157, "epoch": 1, "reward": -0.2537774620161288, "invalid_rate": 0.0, "tinker": {"clock_cycle:unique": 9585536.0, "ppo_mean_ratio:mean": 0.5089634954929352, "ppo_kl_div:mean": 3.127066284418106, "ppo_clipped_fraction:mean": 0.5837838053703308, "loss:sum": -1.3195153897105967e-14}}
{"step": 158, "epoch": 1, "reward": 0.6084710862745419, "invalid_rate": 0.0, "tinker": {"ppo_clipped_fraction:mean": 0.5870596319437027, "ppo_mean_ratio:mean": 0.5078463926911354, "ppo_kl_div:mean": 3.031901389360428, "clock_cycle:unique": 9585547.0, "loss:sum": -8.527615369556996e-16}}
{"step": 159, "epoch": 1, "reward": 0.3731474835516546, "invalid_rate": 0.0, "tinker": {"ppo_clipped_fraction:mean": 0.582644633948803, "ppo_mean_ratio:mean": 0.503774844110012, "ppo_kl_div:mean": 3.1604436337947845, "clock_cycle:unique": 9585558.0, "loss:sum": -6.1570469182077245e-15}}
{"step": 160, "epoch": 1, "reward": 0.6335605531361264, "invalid_rate": 0.0, "tinker": {"clock_cycle:unique": 9585570.0, "ppo_mean_ratio:mean": 0.5144736766815186, "ppo_kl_div:mean": 3.1502978801727295, "ppo_clipped_fraction:mean": 0.5760430693626404, "loss:sum": 1.301924368280697e-15}}
{"step": 161, "epoch": 1, "reward": -0.3333091902935206, "invalid_rate": 0.0, "tinker": {"clock_cycle:unique": 9585581.0, "ppo_mean_ratio:mean": 0.5102517306804657, "ppo_kl_div:mean": 3.0875483453273773, "ppo_clipped_fraction:mean": 0.579920768737793, "loss:sum": -1.5337386300435358e-14}}
{"step": 162, "epoch": 1, "reward": 0.10469362425841346, "invalid_rate": 0.0, "tinker": {"ppo_clipped_fraction:mean": 0.5737265348434448, "ppo_mean_ratio:mean": 0.5194686576724052, "ppo_kl_div:mean": 3.0220035016536713, "clock_cycle:unique": 9585591.0, "loss:sum": -5.114787276171411e-15}}
{"step": 163, "epoch": 1, "reward": -0.2750532523018645, "invalid_rate": 0.25, "tinker": {"clock_cycle:unique": 9585602.0, "ppo_mean_ratio:mean": 0.516952633857727, "ppo_kl_div:mean": 3.1251888275146484, "ppo_clipped_fraction:mean": 0.5677852630615234, "loss:sum": -4.781492093404579e-15}}
{"step": 164, "epoch": 1, "reward": -0.27505325230186445, "invalid_rate": 0.125, "tinker": {"clock_cycle:unique": 9585614.0, "ppo_mean_ratio:mean": 0.5096171796321869, "ppo_kl_div:mean": 3.0628928542137146, "ppo_clipped_fraction:mean": 0.5845737308263779, "loss:sum": -1.1166195633329368e-14}}
{"step": 165, "epoch": 1, "reward": 0.25, "invalid_rate": 0.0, "tinker": {"ppo_clipped_fraction:mean": 0.5814249515533447, "ppo_mean_ratio:mean": 0.509924590587616, "ppo_kl_div:mean": 3.039822816848755, "clock_cycle:unique": 9585626.0, "loss:sum": -9.152545054854667e-15}}
{"step": 166, "epoch": 1, "reward": -0.24999999999999994, "invalid_rate": 0.0, "tinker": {"clock_cycle:unique": 9585637.0, "ppo_mean_ratio:mean": 0.5255332738161087, "ppo_kl_div:mean": 2.9848479628562927, "ppo_clipped_fraction:mean": 0.5613333061337471, "loss:sum": -1.5226016820343586e-14}}
{"step": 167, "epoch": 1, "reward": 0.4564566738451753, "invalid_rate": 0.0, "tinker": {"ppo_clipped_fraction:mean": 0.5759577676653862, "ppo_mean_ratio:mean": 0.5098306909203529, "ppo_kl_div:mean": 3.115297883749008, "clock_cycle:unique": 9585647.0, "loss:sum": -6.090402048280401e-15}}
{"step": 168, "epoch": 1, "reward": -0.5435433261548245, "invalid_rate": 0.0, "tinker": {"clock_cycle:unique": 9585657.0, "ppo_mean_ratio:mean": 0.5068740397691727, "ppo_kl_div:mean": 3.138652056455612, "ppo_clipped_fraction:mean": 0.5673854351043701, "loss:sum": -1.8268711738690657e-14}}
{"step": 169, "epoch": 1, "reward": 0.16669080970647926, "invalid_rate": 0.0, "tinker": {"ppo_clipped_fraction:mean": 0.580467700958252, "ppo_mean_ratio:mean": 0.5078772902488708, "ppo_kl_div:mean": 3.121281385421753, "clock_cycle:unique": 9585667.0, "loss:sum": -9.135539174372643e-15}}
{"step": 170, "epoch": 1, "reward": -0.10836244259538513, "invalid_rate": 0.0, "tinker": {"clock_cycle:unique": 9585678.0, "ppo_mean_ratio:mean": 0.5004854798316956, "ppo_kl_div:mean": 3.2377655506134033, "ppo_clipped_fraction:mean": 0.5925925970077515, "loss:sum": -1.420933979677584e-14}}
{"step": 171, "epoch": 1, "reward": 0.7462225379838712, "invalid_rate": 0.0, "tinker": {"clock_cycle:unique": 9585688.0, "ppo_mean_ratio:mean": 0.5166970193386078, "ppo_kl_div:mean": 3.077550768852234, "ppo_clipped_fraction:mean": 0.573369562625885, "loss:sum": -1.0227935543589885e-15}}
{"step": 172, "epoch": 1, "reward": -0.025053252301864434, "invalid_rate": 0.0, "tinker": {"clock_cycle:unique": 9585700.0, "ppo_mean_ratio:mean": 0.5305725932121277, "ppo_kl_div:mean": 2.958540678024292, "ppo_clipped_fraction:mean": 0.5523932576179504, "loss:sum": -1.4232321918217217e-14}}
{"step": 173, "epoch": 1, "reward": 0.25, "invalid_rate": 0.0, "tinker": {"clock_cycle:unique": 9585710.0, "ppo_mean_ratio:mean": 0.5366269052028656, "ppo_kl_div:mean": 2.7644223868846893, "ppo_clipped_fraction:mean": 0.5488126873970032, "loss:sum": -9.135039848450236e-15}}
{"step": 174, "epoch": 1, "reward": 0.4749467476981355, "invalid_rate": 0.0, "tinker": {"ppo_clipped_fraction:mean": 0.6026144027709961, "ppo_mean_ratio:mean": 0.4954846203327179, "ppo_kl_div:mean": 3.188248872756958, "clock_cycle:unique": 9585720.0, "loss:sum": -8.13402520523105e-15}}
{"step": 175, "epoch": 1, "reward": 0.6799620248431637, "invalid_rate": 0.0, "tinker": {"clock_cycle:unique": 9585730.0, "ppo_mean_ratio:mean": 0.5000708140432835, "ppo_kl_div:mean": 3.2337650656700134, "ppo_clipped_fraction:mean": 0.5897772237658501, "loss:sum": -9.834009901277268e-16}}
{"step": 176, "epoch": 1, "reward": 0.25, "invalid_rate": 0.0, "tinker": {"ppo_clipped_fraction:mean": 0.5845538973808289, "ppo_mean_ratio:mean": 0.5022076070308685, "ppo_kl_div:mean": 3.1975473165512085, "clock_cycle:unique": 9585740.0, "loss:sum": -9.151062747196972e-15}}
{"step": 177, "epoch": 1, "reward": -0.29354332615482465, "invalid_rate": 0.0, "tinker": {"clock_cycle:unique": 9585751.0, "ppo_mean_ratio:mean": 0.5126482546329498, "ppo_kl_div:mean": 3.0696082711219788, "ppo_clipped_fraction:mean": 0.5772914290428162, "loss:sum": -1.5096337876063966e-14}}
{"step": 178, "epoch": 1, "reward": -0.003777462016128802, "invalid_rate": 0.0, "tinker": {"clock_cycle:unique": 9585762.0, "ppo_mean_ratio:mean": 0.5183795392513275, "ppo_kl_div:mean": 2.968040108680725, "ppo_clipped_fraction:mean": 0.5714285373687744, "loss:sum": -1.0266858189823878e-14}}
{"step": 179, "epoch": 1, "reward": 3.469446951953614e-17, "invalid_rate": 0.0, "tinker": {"ppo_clipped_fraction:mean": 0.5677852630615234, "ppo_mean_ratio:mean": 0.5180191397666931, "ppo_kl_div:mean": 3.0738484859466553, "clock_cycle:unique": 9585773.0, "loss:sum": -1.2191680634878257e-14}}
{"step": 180, "epoch": 1, "reward": -0.05821972343193724, "invalid_rate": 0.0, "tinker": {"ppo_clipped_fraction:mean": 0.5846154093742371, "ppo_mean_ratio:mean": 0.5032122582197189, "ppo_kl_div:mean": 3.0331954956054688, "clock_cycle:unique": 9585784.0, "loss:sum": -1.0091214261507674e-14}}
{"step": 181, "epoch": 1, "reward": 0.4314034215433109, "invalid_rate": 0.0, "tinker": {"ppo_clipped_fraction:mean": 0.5808147192001343, "ppo_mean_ratio:mean": 0.5110198259353638, "ppo_kl_div:mean": 3.093869209289551, "clock_cycle:unique": 9585795.0, "loss:sum": -8.153013989842597e-15}}
{"step": 182, "epoch": 1, "reward": 0.1756986971505224, "invalid_rate": 0.0, "tinker": {"clock_cycle:unique": 9585805.0, "ppo_mean_ratio:mean": 0.49851715564727783, "ppo_kl_div:mean": 3.1833274364471436, "ppo_clipped_fraction:mean": 0.5918098092079163, "loss:sum": -1.108487623522822e-14}}
{"step": 183, "epoch": 1, "reward": -0.5582197234319372, "invalid_rate": 0.0, "tinker": {"clock_cycle:unique": 9585816.0, "ppo_mean_ratio:mean": 0.5105857253074646, "ppo_kl_div:mean": 3.106658458709717, "ppo_clipped_fraction:mean": 0.5757162570953369, "loss:sum": -1.6278004741658234e-14}}
{"step": 184, "epoch": 1, "reward": -0.5, "invalid_rate": 0.125, "tinker": {"ppo_clipped_fraction:mean": 0.5797872021794319, "ppo_mean_ratio:mean": 0.5098310820758343, "ppo_kl_div:mean": 3.051619380712509, "clock_cycle:unique": 9585827.0, "loss:sum": -1.2160254653743939e-14}}
{"step": 185, "epoch": 1, "reward": 0.25000000000000006, "invalid_rate": 0.0, "tinker": {"ppo_clipped_fraction:mean": 0.5925925970077515, "ppo_mean_ratio:mean": 0.4955587387084961, "ppo_kl_div:mean": 3.1639621257781982, "clock_cycle:unique": 9585837.0, "loss:sum": -9.135495128659386e-15}}
{"step": 186, "epoch": 1, "reward": -0.3082197234319372, "invalid_rate": 0.0, "tinker": {"clock_cycle:unique": 9585847.0, "ppo_mean_ratio:mean": 0.48858077451586723, "ppo_kl_div:mean": 3.1576975882053375, "ppo_clipped_fraction:mean": 0.6005222126841545, "loss:sum": -1.3098837568915444e-14}}
{"step": 187, "epoch": 1, "reward": -0.1495697034342279, "invalid_rate": 0.0, "tinker": {"ppo_clipped_fraction:mean": 0.5896414518356323, "ppo_mean_ratio:mean": 0.5015439987182617, "ppo_kl_div:mean": 3.1681902408599854, "clock_cycle:unique": 9585858.0, "loss:sum": -1.2000538332967905e-14}}
{"step": 188, "epoch": 1, "reward": 0.41291334769035065, "invalid_rate": 0.0, "tinker": {"clock_cycle:unique": 9585868.0, "ppo_mean_ratio:mean": 0.4951440989971161, "ppo_kl_div:mean": 3.0782527923583984, "ppo_clipped_fraction:mean": 0.5957728028297424, "loss:sum": -6.090053388343487e-15}}
{"step": 189, "epoch": 1, "reward": -0.14152891372545778, "invalid_rate": 0.0, "tinker": {"ppo_clipped_fraction:mean": 0.5866666585206985, "ppo_mean_ratio:mean": 0.5048527121543884, "ppo_kl_div:mean": 3.0232716500759125, "clock_cycle:unique": 9585878.0, "loss:sum": -1.0387307333714624e-14}}
{"step": 190, "epoch": 1, "reward": 0.08338161941295891, "invalid_rate": 0.0, "tinker": {"ppo_clipped_fraction:mean": 0.5841059684753418, "ppo_mean_ratio:mean": 0.49715304747223854, "ppo_kl_div:mean": 3.10064697265625, "clock_cycle:unique": 9585888.0, "loss:sum": -9.13564500055149e-15}}
{"step": 191, "epoch": 1, "reward": -0.05821972343193714, "invalid_rate": 0.125, "tinker": {"clock_cycle:unique": 9585898.0, "ppo_mean_ratio:mean": 0.5084928870201111, "ppo_kl_div:mean": 2.958512544631958, "ppo_clipped_fraction:mean": 0.5844155550003052, "loss:sum": -4.115246046763974e-15}}
{"step": 192, "epoch": 1, "reward": 0.7065291029646138, "invalid_rate": 0.0, "tinker": {"ppo_clipped_fraction:mean": 0.5899182558059692, "ppo_mean_ratio:mean": 0.5056832432746887, "ppo_kl_div:mean": 3.0452606678009033, "clock_cycle:unique": 9585908.0, "loss:sum": 0.0}}
{"step": 193, "epoch": 1, "reward": 0.14823695041323817, "invalid_rate": 0.0, "tinker": {"ppo_clipped_fraction:mean": 0.5858310461044312, "ppo_mean_ratio:mean": 0.503913164138794, "ppo_kl_div:mean": 3.165118932723999, "clock_cycle:unique": 9585917.0, "loss:sum": -7.202404159732147e-15}}
{"step": 194, "epoch": 1, "reward": 0.22494674769813555, "invalid_rate": 0.0, "tinker": {"clock_cycle:unique": 9585929.0, "ppo_mean_ratio:mean": 0.5234800974527994, "ppo_kl_div:mean": 2.9788304964701333, "ppo_clipped_fraction:mean": 0.5664022564888, "loss:sum": -1.1150859678302856e-14}}
{"step": 195, "epoch": 1, "reward": 0.1918527056875009, "invalid_rate": 0.0, "tinker": {"ppo_clipped_fraction:mean": 0.6047120690345764, "ppo_mean_ratio:mean": 0.4899755269289017, "ppo_kl_div:mean": 3.257867157459259, "clock_cycle:unique": 9585938.0, "loss:sum": -3.9353070261304805e-15}}
{"step": 196, "epoch": 1, "reward": 6.938893903907228e-18, "invalid_rate": 0.0, "tinker": {"clock_cycle:unique": 9585948.0, "ppo_mean_ratio:mean": 0.5008623860776424, "ppo_kl_div:mean": 3.1815186738967896, "ppo_clipped_fraction:mean": 0.5841313600540161, "loss:sum": -1.2317581812213124e-14}}
{"step": 197, "epoch": 1, "reward": -0.3185965784566892, "invalid_rate": 0.125, "tinker": {"ppo_clipped_fraction:mean": 0.5790885090827942, "ppo_mean_ratio:mean": 0.5132386088371277, "ppo_kl_div:mean": 3.005212724208832, "clock_cycle:unique": 9585959.0, "loss:sum": -1.1082492896272883e-14}}
{"step": 198, "epoch": 1, "reward": 0.16669080970647943, "invalid_rate": 0.0, "tinker": {"clock_cycle:unique": 9585970.0, "ppo_mean_ratio:mean": 0.4944958488146464, "ppo_kl_div:mean": 3.243875821431478, "ppo_clipped_fraction:mean": 0.5989152590433756, "loss:sum": -9.135455953385575e-15}}
{"step": 199, "epoch": 1, "reward": 0.1084710862745423, "invalid_rate": 0.0, "tinker": {"ppo_clipped_fraction:mean": 0.5866302847862244, "ppo_mean_ratio:mean": 0.5006594061851501, "ppo_kl_div:mean": 3.1829516887664795, "clock_cycle:unique": 9585980.0, "loss:sum": -7.008514082940901e-15}}
{"step": 200, "epoch": 1, "reward": 0.5, "invalid_rate": 0.0, "tinker": {"ppo_clipped_fraction:mean": 0.5884718596935272, "ppo_mean_ratio:mean": 0.5041171312332153, "ppo_kl_div:mean": 3.108927309513092, "clock_cycle:unique": 9585992.0, "loss:sum": -6.079548591610758e-15}}
{"step": 201, "epoch": 1, "reward": 0.3798193056797158, "invalid_rate": 0.0, "tinker": {"clock_cycle:unique": 9586001.0, "ppo_mean_ratio:mean": 0.4910411834716797, "ppo_kl_div:mean": 3.2064707279205322, "ppo_clipped_fraction:mean": 0.5960000157356262, "loss:sum": -7.691436937763522e-15}}
{"step": 202, "epoch": 1, "reward": 0.25, "invalid_rate": 0.0, "tinker": {"ppo_clipped_fraction:mean": 0.5895316749811172, "ppo_mean_ratio:mean": 0.5012551844120026, "ppo_kl_div:mean": 3.187409818172455, "clock_cycle:unique": 9586011.0, "loss:sum": -9.111393017903501e-15}}
{"step": 203, "epoch": 1, "reward": 0.5332751148092294, "invalid_rate": 0.0, "tinker": {"ppo_clipped_fraction:mean": 0.6102150678634644, "ppo_mean_ratio:mean": 0.4898269474506378, "ppo_kl_div:mean": 3.2264151573181152, "clock_cycle:unique": 9586020.0, "loss:sum": -7.119044682777536e-15}}
{"step": 204, "epoch": 1, "reward": 0.7462225379838713, "invalid_rate": 0.0, "tinker": {"ppo_clipped_fraction:mean": 0.5851648449897766, "ppo_mean_ratio:mean": 0.501800537109375, "ppo_kl_div:mean": 3.2182135581970215, "clock_cycle:unique": 9586029.0, "loss:sum": -1.053032101180375e-15}}
{"step": 205, "epoch": 1, "reward": -0.5, "invalid_rate": 0.125, "tinker": {"clock_cycle:unique": 9586038.0, "ppo_mean_ratio:mean": 0.5231069922447205, "ppo_kl_div:mean": 2.985177755355835, "ppo_clipped_fraction:mean": 0.5636363327503204, "loss:sum": -1.2179050103085275e-14}}
{"step": 206, "epoch": 1, "reward": 5.551115123125783e-17, "invalid_rate": 0.0, "tinker": {"ppo_clipped_fraction:mean": 0.5792276859283447, "ppo_mean_ratio:mean": 0.5087243914604187, "ppo_kl_div:mean": 3.155999183654785, "clock_cycle:unique": 9586048.0, "loss:sum": -1.215009470529986e-14}}
{"step": 207, "epoch": 1, "reward": -0.05821972343193721, "invalid_rate": 0.0, "tinker": {"clock_cycle:unique": 9586059.0, "ppo_mean_ratio:mean": 0.48949941992759705, "ppo_kl_div:mean": 3.2642812728881836, "ppo_clipped_fraction:mean": 0.596202552318573, "loss:sum": -9.827060684159316e-15}}
{"step": 208, "epoch": 1, "reward": 7.24291194380243e-05, "invalid_rate": 0.0, "tinker": {"ppo_clipped_fraction:mean": 0.6030013561248779, "ppo_mean_ratio:mean": 0.48597249388694763, "ppo_kl_div:mean": 3.2473654747009277, "clock_cycle:unique": 9586069.0, "loss:sum": -9.23947181106664e-15}}
{"step": 209, "epoch": 1, "reward": -0.24999999999999994, "invalid_rate": 0.0, "tinker": {"ppo_clipped_fraction:mean": 0.5706874132156372, "ppo_mean_ratio:mean": 0.5164959728717804, "ppo_kl_div:mean": 3.0376728773117065, "clock_cycle:unique": 9586080.0, "loss:sum": -1.522556461062887e-14}}
{"step": 210, "epoch": 1, "reward": 0.4166908097064792, "invalid_rate": 0.0, "tinker": {"ppo_clipped_fraction:mean": 0.6050069630146027, "ppo_mean_ratio:mean": 0.4949294626712799, "ppo_kl_div:mean": 3.1341397762298584, "clock_cycle:unique": 9586089.0, "loss:sum": -6.0903634024021824e-15}}
{"step": 211, "epoch": 1, "reward": -0.008040789708770178, "invalid_rate": 0.0, "tinker": {"ppo_clipped_fraction:mean": 0.5845737457275391, "ppo_mean_ratio:mean": 0.5072721540927887, "ppo_kl_div:mean": 3.161116600036621, "clock_cycle:unique": 9586098.0, "loss:sum": -1.4057951715695446e-14}}
{"step": 212, "epoch": 1, "reward": -0.025053252301864476, "invalid_rate": 0.0, "tinker": {"clock_cycle:unique": 9586107.0, "ppo_mean_ratio:mean": 0.5067290862401327, "ppo_kl_div:mean": 3.094078858693441, "ppo_clipped_fraction:mean": 0.588848332564036, "loss:sum": -1.4222673365915043e-14}}
{"step": 213, "epoch": 1, "reward": 0.57960415739683, "invalid_rate": 0.0, "tinker": {"ppo_clipped_fraction:mean": 0.587533175945282, "ppo_mean_ratio:mean": 0.5057210326194763, "ppo_kl_div:mean": 3.108377695083618, "clock_cycle:unique": 9586117.0, "loss:sum": -1.069555278761583e-15}}
{"step": 214, "epoch": 1, "reward": -0.24999999999999994, "invalid_rate": 0.0, "tinker": {"clock_cycle:unique": 9586125.0, "ppo_mean_ratio:mean": 0.5037849098443985, "ppo_kl_div:mean": 3.1122771203517914, "ppo_clipped_fraction:mean": 0.5815508291125298, "loss:sum": -1.514837153353027e-14}}
{"step": 215, "epoch": 1, "reward": -0.14152891372545792, "invalid_rate": 0.0, "tinker": {"ppo_clipped_fraction:mean": 0.5875486135482788, "ppo_mean_ratio:mean": 0.5026572346687317, "ppo_kl_div:mean": 3.1041136384010315, "clock_cycle:unique": 9586136.0, "loss:sum": -1.0209659960719927e-14}}
{"step": 216, "epoch": 1, "reward": 0.4166908097064794, "invalid_rate": 0.0, "tinker": {"clock_cycle:unique": 9586146.0, "ppo_mean_ratio:mean": 0.5248048901557922, "ppo_kl_div:mean": 2.9287917613983154, "ppo_clipped_fraction:mean": 0.5517241358757019, "loss:sum": -6.09067256942793e-15}}
{"step": 217, "epoch": 1, "reward": 0.25, "invalid_rate": 0.0, "tinker": {"ppo_clipped_fraction:mean": 0.583798885345459, "ppo_mean_ratio:mean": 0.5047636032104492, "ppo_kl_div:mean": 3.1218955516815186, "clock_cycle:unique": 9586155.0, "loss:sum": -9.135224925149212e-15}}
{"step": 218, "epoch": 1, "reward": -0.5833091902935205, "invalid_rate": 0.0, "tinker": {"clock_cycle:unique": 9586165.0, "ppo_mean_ratio:mean": 0.5049000680446625, "ppo_kl_div:mean": 3.1585973501205444, "ppo_clipped_fraction:mean": 0.5818907618522644, "loss:sum": -1.8244491678596868e-14}}
{"step": 219, "epoch": 1, "reward": 0.5147850409562693, "invalid_rate": 0.0, "tinker": {"clock_cycle:unique": 9586175.0, "ppo_mean_ratio:mean": 0.4934893548488617, "ppo_kl_div:mean": 3.195796251296997, "ppo_clipped_fraction:mean": 0.5947020053863525, "loss:sum": -4.962662699943381e-15}}
{"step": 220, "epoch": 1, "reward": -0.058219723431937154, "invalid_rate": 0.0, "tinker": {"ppo_clipped_fraction:mean": 0.583776593208313, "ppo_mean_ratio:mean": 0.5108985900878906, "ppo_kl_div:mean": 3.0936882495880127, "clock_cycle:unique": 9586185.0, "loss:sum": -1.0096370151057611e-14}}
{"step": 221, "epoch": 1, "reward": 0.1586500199977091, "invalid_rate": 0.0, "tinker": {"clock_cycle:unique": 9586194.0, "ppo_mean_ratio:mean": 0.5012969858944416, "ppo_kl_div:mean": 3.1404688358306885, "ppo_clipped_fraction:mean": 0.5881561264395714, "loss:sum": -1.1346641920819149e-14}}
{"step": 222, "epoch": 1, "reward": 0.24622253798387117, "invalid_rate": 0.0, "tinker": {"clock_cycle:unique": 9586204.0, "ppo_mean_ratio:mean": 0.5077527835965157, "ppo_kl_div:mean": 3.1356190741062164, "ppo_clipped_fraction:mean": 0.5863874554634094, "loss:sum": -7.0958460385390164e-15}}
{"step": 223, "epoch": 1, "reward": -0.5250532523018644, "invalid_rate": 0.0, "tinker": {"ppo_clipped_fraction:mean": 0.5958548784255981, "ppo_mean_ratio:mean": 0.4954206943511963, "ppo_kl_div:mean": 3.2185399532318115, "clock_cycle:unique": 9586214.0, "loss:sum": -2.028807004868043e-14}}
{"step": 224, "epoch": 1, "reward": 0.18800281455193413, "invalid_rate": 0.0, "tinker": {"clock_cycle:unique": 9586223.0, "ppo_mean_ratio:mean": 0.5206099152565002, "ppo_kl_div:mean": 2.9913854598999023, "ppo_clipped_fraction:mean": 0.5697051286697388, "loss:sum": -5.223675902639793e-15}}
{"step": 225, "epoch": 1, "reward": -0.33330919029352074, "invalid_rate": 0.0, "tinker": {"clock_cycle:unique": 9586232.0, "ppo_mean_ratio:mean": 0.5026341080665588, "ppo_kl_div:mean": 3.1533236503601074, "ppo_clipped_fraction:mean": 0.5879120826721191, "loss:sum": -1.5226020314354494e-14}}
{"step": 226, "epoch": 1, "reward": 0.16669080970647931, "invalid_rate": 0.0, "tinker": {"clock_cycle:unique": 9586242.0, "ppo_mean_ratio:mean": 0.5178353488445282, "ppo_kl_div:mean": 3.0183351039886475, "ppo_clipped_fraction:mean": 0.5696721076965332, "loss:sum": -9.140295264371476e-15}}
{"step": 227, "epoch": 1, "reward": -0.08330919029352063, "invalid_rate": 0.0, "tinker": {"clock_cycle:unique": 9586251.0, "ppo_mean_ratio:mean": 0.5142732560634613, "ppo_kl_div:mean": 3.0730509757995605, "ppo_clipped_fraction:mean": 0.5747724175453186, "loss:sum": -1.2306636134831348e-14}}
{"step": 228, "epoch": 1, "reward": -0.7499999999999999, "invalid_rate": 0.0, "tinker": {"ppo_clipped_fraction:mean": 0.5849056541919708, "ppo_mean_ratio:mean": 0.5031537711620331, "ppo_kl_div:mean": 3.1001099348068237, "clock_cycle:unique": 9586261.0, "loss:sum": -2.1319876880631153e-14}}
{"step": 229, "epoch": 1, "reward": -0.2537774620161287, "invalid_rate": 0.0, "tinker": {"clock_cycle:unique": 9586272.0, "ppo_mean_ratio:mean": 0.5016161160809653, "ppo_kl_div:mean": 3.049630437578474, "ppo_clipped_fraction:mean": 0.5931986655507769, "loss:sum": -1.3102600936300095e-14}}
{"step": 230, "epoch": 1, "reward": -0.12685251644834544, "invalid_rate": 0.0, "tinker": {"ppo_clipped_fraction:mean": 0.6000000238418579, "ppo_mean_ratio:mean": 0.491935670375824, "ppo_kl_div:mean": 3.2704050540924072, "clock_cycle:unique": 9586282.0, "loss:sum": -1.216736740116027e-14}}
{"step": 231, "epoch": 1, "reward": -0.16661838058704123, "invalid_rate": 0.0, "tinker": {"clock_cycle:unique": 9586293.0, "ppo_mean_ratio:mean": 0.5125186741352081, "ppo_kl_div:mean": 3.0557838678359985, "ppo_clipped_fraction:mean": 0.5756756663322449, "loss:sum": -1.2259011283855502e-14}}
{"step": 232, "epoch": 1, "reward": 0.6961160333801422, "invalid_rate": 0.0, "tinker": {"ppo_clipped_fraction:mean": 0.5826666355133057, "ppo_mean_ratio:mean": 0.5082878172397614, "ppo_kl_div:mean": 3.0670552253723145, "clock_cycle:unique": 9586303.0, "loss:sum": -5.130165159328813e-15}}
{"step": 233, "epoch": 1, "reward": -0.49999999999999994, "invalid_rate": 0.0, "tinker": {"ppo_clipped_fraction:mean": 0.5845942497253418, "ppo_mean_ratio:mean": 0.5027338266372681, "ppo_kl_div:mean": 3.1410528421401978, "clock_cycle:unique": 9586313.0, "loss:sum": -1.8272319252013013e-14}}
{"step": 234, "epoch": 1, "reward": 0.25, "invalid_rate": 0.0, "tinker": {"ppo_clipped_fraction:mean": 0.5760869532823563, "ppo_mean_ratio:mean": 0.5072566866874695, "ppo_kl_div:mean": 3.13924378156662, "clock_cycle:unique": 9586322.0, "loss:sum": -9.160871388726177e-15}}
{"step": 235, "epoch": 1, "reward": -0.24999999999999994, "invalid_rate": 0.0, "tinker": {"clock_cycle:unique": 9586331.0, "ppo_mean_ratio:mean": 0.5074939131736755, "ppo_kl_div:mean": 3.173562526702881, "ppo_clipped_fraction:mean": 0.5788770318031311, "loss:sum": -1.506596835677311e-14}}
{"step": 236, "epoch": 1, "reward": -0.7935433261548246, "invalid_rate": 0.125, "tinker": {"clock_cycle:unique": 9586340.0, "ppo_mean_ratio:mean": 0.5135990381240845, "ppo_kl_div:mean": 3.0923593044281006, "ppo_clipped_fraction:mean": 0.5694267749786377, "loss:sum": -1.522589834161009e-14}}
{"step": 237, "epoch": 1, "reward": 0.49249212625280997, "invalid_rate": 0.0, "tinker": {"clock_cycle:unique": 9586349.0, "ppo_mean_ratio:mean": 0.5109037160873413, "ppo_kl_div:mean": 3.0468538403511047, "ppo_clipped_fraction:mean": 0.5820895433425903, "loss:sum": -0.001354798674583435}}
{"step": 238, "epoch": 1, "reward": -0.08330919029352056, "invalid_rate": 0.0, "tinker": {"ppo_clipped_fraction:mean": 0.5819671899080276, "ppo_mean_ratio:mean": 0.507653184235096, "ppo_kl_div:mean": 3.101334124803543, "clock_cycle:unique": 9586359.0, "loss:sum": -1.2189388140206514e-14}}
{"step": 239, "epoch": 1, "reward": 0.1917802765680628, "invalid_rate": 0.0, "tinker": {"clock_cycle:unique": 9586368.0, "ppo_mean_ratio:mean": 0.514600396156311, "ppo_kl_div:mean": 3.082728385925293, "ppo_clipped_fraction:mean": 0.5737051963806152, "loss:sum": -7.04504322582419e-15}}
{"step": 240, "epoch": 1, "reward": 0.2, "invalid_rate": 0.0, "tinker": {"ppo_clipped_fraction:mean": 0.5849462747573853, "ppo_mean_ratio:mean": 0.5043085217475891, "ppo_kl_div:mean": 3.203137159347534, "clock_cycle:unique": 9586377.0, "loss:sum": -6.1343392354412576e-15}}
