Warning: You are sending unauthenticated requests to the HF Hub. Please set a HF_TOKEN to enable higher rate limits and faster downloads.
/home/rrenaud/miniconda3/lib/python3.11/site-packages/torch/autograd/graph.py:979: UserWarning: CUDA initialization: The NVIDIA driver on your system is too old (found version 12020). Please update your GPU driver by downloading and installing a new version from the URL: http://www.nvidia.com/Download/index.aspx Alternatively, go to: https://pytorch.org to install a PyTorch version that has been compiled with your version of the CUDA driver. (Triggered internally at /__w/pytorch/pytorch/c10/cuda/CUDAFunctions.cpp:119.)
  return Variable._execution_engine.run_backward(  # Calls into the C++ engine to run the backward pass
{"step": 1, "epoch": 0, "tinker": {"clock_cycle:unique": 9583787.0, "confidence_mean": 0.9942758679389954, "valid_confidence_mass_mean": 0.9987714290618896, "loss:sum": 0.282153844833374, "surrogate_loss:sum": 0.2805211041122675}}
{"step": 2, "epoch": 0, "tinker": {"clock_cycle:unique": 9583794.0, "confidence_mean": 0.9876402616500854, "valid_confidence_mass_mean": 0.9992796182632446, "loss:sum": 0.0036771148443222046, "surrogate_loss:sum": -3.572461355361156e-05}}
{"step": 3, "epoch": 0, "tinker": {"clock_cycle:unique": 9583799.0, "confidence_mean": 0.9865946769714355, "valid_confidence_mass_mean": 0.9996230006217957, "loss:sum": -0.01940593123435974, "surrogate_loss:sum": 0.14910856902133673}}
{"step": 4, "epoch": 0, "tinker": {"clock_cycle:unique": 9583805.0, "confidence_mean": 0.9578362107276917, "valid_confidence_mass_mean": 0.9743114709854126, "loss:sum": -0.012553662061691284, "surrogate_loss:sum": 0.28118604503106326}}
{"step": 5, "epoch": 0, "tinker": {"clock_cycle:unique": 9583810.0, "confidence_mean": 0.9464231729507446, "valid_confidence_mass_mean": 0.9994214773178101, "loss:sum": -0.22162699699401855, "surrogate_loss:sum": 0.16783790146291722}}
{"step": 6, "epoch": 0, "tinker": {"clock_cycle:unique": 9583816.0, "confidence_mean": 0.9855351448059082, "valid_confidence_mass_mean": 0.9971621632575989, "loss:sum": 0.5397793054580688, "surrogate_loss:sum": 0.15386955965368543}}
{"step": 7, "epoch": 0, "tinker": {"clock_cycle:unique": 9583821.0, "confidence_mean": 0.9999272227287292, "valid_confidence_mass_mean": 0.9999396204948425, "loss:sum": -0.24999861419200897, "surrogate_loss:sum": 0.0}}
{"step": 8, "epoch": 0, "tinker": {"clock_cycle:unique": 9583826.0, "confidence_mean": 0.8223477602005005, "valid_confidence_mass_mean": 0.9827197194099426, "loss:sum": -0.5217576026916504, "surrogate_loss:sum": 0.16799456719309092}}
{"step": 9, "epoch": 0, "tinker": {"clock_cycle:unique": 9583833.0, "confidence_mean": 0.9731611013412476, "valid_confidence_mass_mean": 0.9810900092124939, "loss:sum": -0.27802324295043945, "surrogate_loss:sum": 0.09902651240190607}}
{"step": 10, "epoch": 0, "tinker": {"clock_cycle:unique": 9583839.0, "confidence_mean": 0.9411623477935791, "valid_confidence_mass_mean": 0.9988172650337219, "loss:sum": -0.03270474076271057, "surrogate_loss:sum": 0.24488906160695478}}
{"step": 11, "epoch": 0, "tinker": {"clock_cycle:unique": 9583846.0, "confidence_mean": 0.9519245028495789, "valid_confidence_mass_mean": 0.9829013347625732, "loss:sum": -0.31796735525131226, "surrogate_loss:sum": 0.24611899442970753}}
{"step": 12, "epoch": 0, "tinker": {"clock_cycle:unique": 9583854.0, "confidence_mean": 0.9714049696922302, "valid_confidence_mass_mean": 0.9994528889656067, "loss:sum": -0.2887258529663086, "surrogate_loss:sum": 0.052426991518586874}}
{"step": 13, "epoch": 0, "tinker": {"clock_cycle:unique": 9583860.0, "confidence_mean": 0.9647030830383301, "valid_confidence_mass_mean": 0.9984620213508606, "loss:sum": -0.2989296615123749, "surrogate_loss:sum": 0.27763984995817736}}
{"step": 14, "epoch": 0, "tinker": {"clock_cycle:unique": 9583866.0, "confidence_mean": 0.8530073165893555, "valid_confidence_mass_mean": 0.9930819272994995, "loss:sum": -0.5634142756462097, "surrogate_loss:sum": 0.02237191696622176}}
{"step": 15, "epoch": 0, "tinker": {"clock_cycle:unique": 9583872.0, "confidence_mean": 0.8246941566467285, "valid_confidence_mass_mean": 0.9930274486541748, "loss:sum": -0.12053476274013519, "surrogate_loss:sum": 0.33075714111328125}}
{"step": 16, "epoch": 0, "tinker": {"clock_cycle:unique": 9583877.0, "confidence_mean": 0.9689924716949463, "valid_confidence_mass_mean": 0.9970438480377197, "loss:sum": -0.4371678829193115, "surrogate_loss:sum": 0.07391533255577087}}
{"step": 17, "epoch": 0, "tinker": {"clock_cycle:unique": 9583884.0, "confidence_mean": 0.9278265237808228, "valid_confidence_mass_mean": 0.9270011186599731, "loss:sum": -0.14022625982761383, "surrogate_loss:sum": 0.4535202793776989}}
{"step": 18, "epoch": 0, "tinker": {"clock_cycle:unique": 9583890.0, "confidence_mean": 0.9033461809158325, "valid_confidence_mass_mean": 0.9928882718086243, "loss:sum": -0.6736099720001221, "surrogate_loss:sum": 0.0839379602111876}}
{"step": 19, "epoch": 0, "tinker": {"clock_cycle:unique": 9583896.0, "confidence_mean": 0.8545105457305908, "valid_confidence_mass_mean": 0.9768446683883667, "loss:sum": -0.41530394554138184, "surrogate_loss:sum": 0.055340491235256195}}
{"step": 20, "epoch": 0, "tinker": {"clock_cycle:unique": 9583902.0, "confidence_mean": 0.8916333913803101, "valid_confidence_mass_mean": 0.9938165545463562, "loss:sum": -0.8187315464019775, "surrogate_loss:sum": -0.0004342922184150666}}
{"step": 21, "epoch": 0, "tinker": {"clock_cycle:unique": 9583908.0, "confidence_mean": 0.9095474481582642, "valid_confidence_mass_mean": 0.9947872757911682, "loss:sum": -0.4442824423313141, "surrogate_loss:sum": 0.025155297596938908}}
{"step": 22, "epoch": 0, "tinker": {"clock_cycle:unique": 9583914.0, "confidence_mean": 0.8284973502159119, "valid_confidence_mass_mean": 0.9945515990257263, "loss:sum": -0.8166923522949219, "surrogate_loss:sum": -0.008233447268139571}}
{"step": 23, "epoch": 0, "tinker": {"clock_cycle:unique": 9583919.0, "confidence_mean": 0.888572096824646, "valid_confidence_mass_mean": 0.9893436431884766, "loss:sum": -0.7744265794754028, "surrogate_loss:sum": 0.010003937175497413}}
{"step": 24, "epoch": 0, "tinker": {"clock_cycle:unique": 9583926.0, "confidence_mean": 0.7943997979164124, "valid_confidence_mass_mean": 0.9917592406272888, "loss:sum": -0.6569743752479553, "surrogate_loss:sum": 0.0020857974886894226}}
{"step": 25, "epoch": 0, "tinker": {"clock_cycle:unique": 9583933.0, "confidence_mean": 0.7604767084121704, "valid_confidence_mass_mean": 0.9930579662322998, "loss:sum": -0.703542947769165, "surrogate_loss:sum": 0.005798558704555035}}
{"step": 26, "epoch": 0, "tinker": {"clock_cycle:unique": 9583939.0, "confidence_mean": 0.8607713580131531, "valid_confidence_mass_mean": 0.8932661414146423, "loss:sum": -0.5282201766967773, "surrogate_loss:sum": 0.14454330876469612}}
{"step": 27, "epoch": 0, "tinker": {"clock_cycle:unique": 9583945.0, "confidence_mean": 0.8549525737762451, "valid_confidence_mass_mean": 0.9980911612510681, "loss:sum": -0.5750734806060791, "surrogate_loss:sum": 0.02830959903076291}}
{"step": 28, "epoch": 0, "tinker": {"clock_cycle:unique": 9583951.0, "confidence_mean": 0.8185057044029236, "valid_confidence_mass_mean": 0.9961673021316528, "loss:sum": -0.8073895573616028, "surrogate_loss:sum": -0.0026130422484129667}}
{"step": 29, "epoch": 0, "tinker": {"clock_cycle:unique": 9583957.0, "confidence_mean": 0.7257497310638428, "valid_confidence_mass_mean": 0.9180682897567749, "loss:sum": -0.599912166595459, "surrogate_loss:sum": 0.015369374305009842}}
{"step": 30, "epoch": 0, "tinker": {"clock_cycle:unique": 9583963.0, "confidence_mean": 0.787354588508606, "valid_confidence_mass_mean": 0.9205831289291382, "loss:sum": -0.8254052400588989, "surrogate_loss:sum": -0.0014822825323790312}}
{"step": 31, "epoch": 0, "tinker": {"clock_cycle:unique": 9583969.0, "confidence_mean": 0.7836862802505493, "valid_confidence_mass_mean": 0.9713349342346191, "loss:sum": -0.6532256603240967, "surrogate_loss:sum": 0.004583727568387985}}
{"step": 32, "epoch": 0, "tinker": {"clock_cycle:unique": 9583975.0, "confidence_mean": 0.7726434469223022, "valid_confidence_mass_mean": 0.992067277431488, "loss:sum": -0.7565951347351074, "surrogate_loss:sum": 0.0017081693513318896}}
{"step": 33, "epoch": 0, "tinker": {"clock_cycle:unique": 9583981.0, "confidence_mean": 0.7671657204627991, "valid_confidence_mass_mean": 0.9915476441383362, "loss:sum": -0.7609467506408691, "surrogate_loss:sum": 0.002220205496996641}}
{"step": 34, "epoch": 0, "tinker": {"clock_cycle:unique": 9583987.0, "confidence_mean": 0.7371435165405273, "valid_confidence_mass_mean": 0.9596834182739258, "loss:sum": -0.7669428586959839, "surrogate_loss:sum": 0.0030419882386922836}}
{"step": 35, "epoch": 0, "tinker": {"clock_cycle:unique": 9583993.0, "confidence_mean": 0.6743068099021912, "valid_confidence_mass_mean": 0.9820756912231445, "loss:sum": -0.7840510606765747, "surrogate_loss:sum": -0.0006687510758638382}}
{"step": 36, "epoch": 0, "tinker": {"clock_cycle:unique": 9583999.0, "confidence_mean": 0.738431453704834, "valid_confidence_mass_mean": 0.9836544990539551, "loss:sum": -0.7026404738426208, "surrogate_loss:sum": 0.006080573191866279}}
{"step": 37, "epoch": 0, "tinker": {"clock_cycle:unique": 9584005.0, "confidence_mean": 0.7776004076004028, "valid_confidence_mass_mean": 0.9970661997795105, "loss:sum": -0.7507216334342957, "surrogate_loss:sum": 0.004638525191694498}}
{"step": 38, "epoch": 0, "tinker": {"clock_cycle:unique": 9584011.0, "confidence_mean": 0.667448878288269, "valid_confidence_mass_mean": 0.8973939418792725, "loss:sum": -0.707575798034668, "surrogate_loss:sum": 0.01435786485671997}}
{"step": 39, "epoch": 0, "tinker": {"clock_cycle:unique": 9584017.0, "confidence_mean": 0.675426721572876, "valid_confidence_mass_mean": 0.9794236421585083, "loss:sum": -0.7089688777923584, "surrogate_loss:sum": 0.008465342223644257}}
{"step": 40, "epoch": 0, "tinker": {"clock_cycle:unique": 9584023.0, "confidence_mean": 0.7051240801811218, "valid_confidence_mass_mean": 0.9792720079421997, "loss:sum": -0.7235426902770996, "surrogate_loss:sum": 0.006699685472995043}}
{"step": 41, "epoch": 0, "tinker": {"clock_cycle:unique": 9584029.0, "confidence_mean": 0.6519539952278137, "valid_confidence_mass_mean": 0.9235898852348328, "loss:sum": -0.7948954105377197, "surrogate_loss:sum": 0.003628977108746767}}
{"step": 42, "epoch": 0, "tinker": {"clock_cycle:unique": 9584035.0, "confidence_mean": 0.7109502553939819, "valid_confidence_mass_mean": 0.9797348380088806, "loss:sum": -0.7861541509628296, "surrogate_loss:sum": 0.004840588895604014}}
{"step": 43, "epoch": 0, "tinker": {"clock_cycle:unique": 9584041.0, "confidence_mean": 0.6600714325904846, "valid_confidence_mass_mean": 0.9975996017456055, "loss:sum": -0.814609944820404, "surrogate_loss:sum": 0.002728895051404834}}
{"step": 44, "epoch": 0, "tinker": {"clock_cycle:unique": 9584047.0, "confidence_mean": 0.6235550045967102, "valid_confidence_mass_mean": 0.9711109399795532, "loss:sum": -0.7844061255455017, "surrogate_loss:sum": -0.0009599803015589714}}
{"step": 45, "epoch": 0, "tinker": {"clock_cycle:unique": 9584053.0, "confidence_mean": 0.6674234867095947, "valid_confidence_mass_mean": 0.982247531414032, "loss:sum": -0.8103022575378418, "surrogate_loss:sum": 0.004171483917161822}}
{"step": 46, "epoch": 0, "tinker": {"clock_cycle:unique": 9584059.0, "confidence_mean": 0.6393749117851257, "valid_confidence_mass_mean": 0.9726900458335876, "loss:sum": -0.8226295113563538, "surrogate_loss:sum": -0.0010954728350043297}}
{"step": 47, "epoch": 0, "tinker": {"clock_cycle:unique": 9584065.0, "confidence_mean": 0.6683480143547058, "valid_confidence_mass_mean": 0.9963266849517822, "loss:sum": -0.8608453869819641, "surrogate_loss:sum": -0.0020152023062109947}}
{"step": 48, "epoch": 0, "tinker": {"clock_cycle:unique": 9584071.0, "confidence_mean": 0.5443471074104309, "valid_confidence_mass_mean": 0.9931468963623047, "loss:sum": -0.7776753902435303, "surrogate_loss:sum": 0.00012446288019418716}}
{"step": 49, "epoch": 0, "tinker": {"clock_cycle:unique": 9584077.0, "confidence_mean": 0.6580319404602051, "valid_confidence_mass_mean": 0.9979939460754395, "loss:sum": -0.8380708694458008, "surrogate_loss:sum": 0.0034386515617370605}}
{"step": 50, "epoch": 0, "tinker": {"clock_cycle:unique": 9584083.0, "confidence_mean": 0.5889320969581604, "valid_confidence_mass_mean": 0.9844515323638916, "loss:sum": -0.8671762943267822, "surrogate_loss:sum": -0.001990380696952343}}
{"step": 51, "epoch": 0, "tinker": {"clock_cycle:unique": 9584089.0, "confidence_mean": 0.618299126625061, "valid_confidence_mass_mean": 0.9889054894447327, "loss:sum": -0.7858486175537109, "surrogate_loss:sum": 0.0025657545775175095}}
{"step": 52, "epoch": 0, "tinker": {"clock_cycle:unique": 9584095.0, "confidence_mean": 0.6168181896209717, "valid_confidence_mass_mean": 0.9946697354316711, "loss:sum": -0.79264897108078, "surrogate_loss:sum": 0.0008457982912659645}}
{"step": 53, "epoch": 0, "tinker": {"clock_cycle:unique": 9584101.0, "confidence_mean": 0.6478229761123657, "valid_confidence_mass_mean": 0.9595233798027039, "loss:sum": -0.821376621723175, "surrogate_loss:sum": 0.0003399376291781664}}
{"step": 54, "epoch": 0, "tinker": {"clock_cycle:unique": 9584106.0, "confidence_mean": 0.5530425310134888, "valid_confidence_mass_mean": 0.9851414561271667, "loss:sum": -0.7863186001777649, "surrogate_loss:sum": -0.0002344055101275444}}
{"step": 55, "epoch": 0, "tinker": {"clock_cycle:unique": 9584112.0, "confidence_mean": 0.510144054889679, "valid_confidence_mass_mean": 0.9381057024002075, "loss:sum": -0.8472391366958618, "surrogate_loss:sum": 0.000784524017944932}}
{"step": 56, "epoch": 0, "tinker": {"clock_cycle:unique": 9584118.0, "confidence_mean": 0.5500262379646301, "valid_confidence_mass_mean": 0.9944360256195068, "loss:sum": -0.779005765914917, "surrogate_loss:sum": 0.002250225399620831}}
{"step": 57, "epoch": 0, "tinker": {"clock_cycle:unique": 9584124.0, "confidence_mean": 0.4738351106643677, "valid_confidence_mass_mean": 0.9181705713272095, "loss:sum": -0.8359938859939575, "surrogate_loss:sum": 0.0033762126695364714}}
{"step": 58, "epoch": 0, "tinker": {"clock_cycle:unique": 9584130.0, "confidence_mean": 0.4450027048587799, "valid_confidence_mass_mean": 0.9395796060562134, "loss:sum": -0.83975750207901, "surrogate_loss:sum": -0.00018264015670865774}}
{"step": 59, "epoch": 0, "tinker": {"clock_cycle:unique": 9584136.0, "confidence_mean": 0.5255942344665527, "valid_confidence_mass_mean": 0.9974202513694763, "loss:sum": -0.8184742331504822, "surrogate_loss:sum": 0.0055239698849618435}}
{"step": 60, "epoch": 0, "tinker": {"clock_cycle:unique": 9584143.0, "confidence_mean": 0.5001449584960938, "valid_confidence_mass_mean": 0.9975595474243164, "loss:sum": -0.8106568455696106, "surrogate_loss:sum": 0.0010649298783391714}}
{"step": 61, "epoch": 0, "tinker": {"clock_cycle:unique": 9584149.0, "confidence_mean": 0.5476335287094116, "valid_confidence_mass_mean": 0.9966079592704773, "loss:sum": -0.8532373905181885, "surrogate_loss:sum": -0.003256335505284369}}
{"step": 62, "epoch": 0, "tinker": {"clock_cycle:unique": 9584155.0, "confidence_mean": 0.45151954889297485, "valid_confidence_mass_mean": 0.9573246240615845, "loss:sum": -0.8335251212120056, "surrogate_loss:sum": -0.003955495456466451}}
{"step": 63, "epoch": 0, "tinker": {"clock_cycle:unique": 9584161.0, "confidence_mean": 0.5291451811790466, "valid_confidence_mass_mean": 0.9859041571617126, "loss:sum": -0.8271762728691101, "surrogate_loss:sum": -0.0011062913108617067}}
{"step": 64, "epoch": 0, "tinker": {"clock_cycle:unique": 9584167.0, "confidence_mean": 0.4978182911872864, "valid_confidence_mass_mean": 0.9971520900726318, "loss:sum": -0.8253227472305298, "surrogate_loss:sum": 2.5218178052455187e-05}}
{"step": 65, "epoch": 0, "tinker": {"clock_cycle:unique": 9584173.0, "confidence_mean": 0.48038169741630554, "valid_confidence_mass_mean": 0.9888471364974976, "loss:sum": -0.8483543395996094, "surrogate_loss:sum": -0.0010592702310532331}}
{"step": 66, "epoch": 0, "tinker": {"clock_cycle:unique": 9584179.0, "confidence_mean": 0.45727649331092834, "valid_confidence_mass_mean": 0.9765398502349854, "loss:sum": -0.8495315313339233, "surrogate_loss:sum": -0.00045633153058588505}}
{"step": 67, "epoch": 0, "tinker": {"clock_cycle:unique": 9584185.0, "confidence_mean": 0.3495863378047943, "valid_confidence_mass_mean": 0.9628949761390686, "loss:sum": -0.8289374113082886, "surrogate_loss:sum": 0.00020258454605937004}}
{"step": 68, "epoch": 0, "tinker": {"clock_cycle:unique": 9584191.0, "confidence_mean": 0.43117886781692505, "valid_confidence_mass_mean": 0.9422407150268555, "loss:sum": -0.8565120697021484, "surrogate_loss:sum": -0.00427651111385785}}
{"step": 69, "epoch": 0, "tinker": {"clock_cycle:unique": 9584196.0, "confidence_mean": 0.4284026622772217, "valid_confidence_mass_mean": 0.9500123858451843, "loss:sum": -0.873945951461792, "surrogate_loss:sum": -0.002505233744159341}}
{"step": 70, "epoch": 0, "tinker": {"clock_cycle:unique": 9584201.0, "confidence_mean": 0.4065110385417938, "valid_confidence_mass_mean": 0.9738755822181702, "loss:sum": -0.8465632200241089, "surrogate_loss:sum": 0.0023461030796170235}}
{"step": 71, "epoch": 0, "tinker": {"clock_cycle:unique": 9584207.0, "confidence_mean": 0.39711278676986694, "valid_confidence_mass_mean": 0.9567456841468811, "loss:sum": -0.8750134110450745, "surrogate_loss:sum": -0.0022710897028446198}}
{"step": 72, "epoch": 0, "tinker": {"clock_cycle:unique": 9584213.0, "confidence_mean": 0.38637298345565796, "valid_confidence_mass_mean": 0.9900075197219849, "loss:sum": -0.7907029390335083, "surrogate_loss:sum": 0.003267736523412168}}
{"step": 73, "epoch": 0, "tinker": {"clock_cycle:unique": 9584218.0, "confidence_mean": 0.44528770446777344, "valid_confidence_mass_mean": 0.9984411597251892, "loss:sum": -0.8488354682922363, "surrogate_loss:sum": 0.00014092912897467613}}
{"step": 74, "epoch": 0, "tinker": {"clock_cycle:unique": 9584224.0, "confidence_mean": 0.4443081021308899, "valid_confidence_mass_mean": 0.9206359386444092, "loss:sum": -0.8661913275718689, "surrogate_loss:sum": -0.0042348833521828055}}
{"step": 75, "epoch": 0, "tinker": {"clock_cycle:unique": 9584230.0, "confidence_mean": 0.4304099380970001, "valid_confidence_mass_mean": 0.9963077306747437, "loss:sum": -0.8181664943695068, "surrogate_loss:sum": 0.00041386368684470654}}
{"step": 76, "epoch": 0, "tinker": {"clock_cycle:unique": 9584236.0, "confidence_mean": 0.35348108410835266, "valid_confidence_mass_mean": 0.9870085716247559, "loss:sum": -0.8184914588928223, "surrogate_loss:sum": 0.0011764923110604286}}
{"step": 77, "epoch": 0, "tinker": {"clock_cycle:unique": 9584242.0, "confidence_mean": 0.35913801193237305, "valid_confidence_mass_mean": 0.9878855347633362, "loss:sum": -0.831041693687439, "surrogate_loss:sum": 0.0006576431915163994}}
{"step": 78, "epoch": 0, "tinker": {"clock_cycle:unique": 9584248.0, "confidence_mean": 0.42356276512145996, "valid_confidence_mass_mean": 0.9916995763778687, "loss:sum": -0.7989402413368225, "surrogate_loss:sum": 0.0014286094810813665}}
{"step": 79, "epoch": 0, "tinker": {"clock_cycle:unique": 9584254.0, "confidence_mean": 0.332153856754303, "valid_confidence_mass_mean": 0.9919512867927551, "loss:sum": -0.8386344909667969, "surrogate_loss:sum": -0.003772220341488719}}
{"step": 80, "epoch": 0, "tinker": {"clock_cycle:unique": 9584261.0, "confidence_mean": 0.30971887707710266, "valid_confidence_mass_mean": 0.9950963258743286, "loss:sum": -0.8614532947540283, "surrogate_loss:sum": -0.004495107568800449}}
{"step": 81, "epoch": 0, "tinker": {"clock_cycle:unique": 9584268.0, "confidence_mean": 0.3506256937980652, "valid_confidence_mass_mean": 0.9599537253379822, "loss:sum": -0.7778406143188477, "surrogate_loss:sum": 0.0012573609128594398}}
{"step": 82, "epoch": 0, "tinker": {"clock_cycle:unique": 9584274.0, "confidence_mean": 0.29951563477516174, "valid_confidence_mass_mean": 0.9889549612998962, "loss:sum": -0.8411034345626831, "surrogate_loss:sum": -0.0005055982619524002}}
{"step": 83, "epoch": 0, "tinker": {"clock_cycle:unique": 9584280.0, "confidence_mean": 0.3275246024131775, "valid_confidence_mass_mean": 0.9701022505760193, "loss:sum": -0.8088526129722595, "surrogate_loss:sum": 0.0025577223859727383}}
{"step": 84, "epoch": 0, "tinker": {"clock_cycle:unique": 9584286.0, "confidence_mean": 0.3823121190071106, "valid_confidence_mass_mean": 0.9818317890167236, "loss:sum": -0.7792254686355591, "surrogate_loss:sum": 6.219279021024704e-05}}
{"step": 85, "epoch": 0, "tinker": {"clock_cycle:unique": 9584292.0, "confidence_mean": 0.3903559446334839, "valid_confidence_mass_mean": 0.9876000881195068, "loss:sum": -0.8489462733268738, "surrogate_loss:sum": -0.005285521503537893}}
{"step": 86, "epoch": 0, "tinker": {"clock_cycle:unique": 9584298.0, "confidence_mean": 0.43184828758239746, "valid_confidence_mass_mean": 0.9396674036979675, "loss:sum": -0.7929024696350098, "surrogate_loss:sum": -0.0012134407879784703}}
{"step": 87, "epoch": 0, "tinker": {"clock_cycle:unique": 9584305.0, "confidence_mean": 0.4393072724342346, "valid_confidence_mass_mean": 0.9596676230430603, "loss:sum": -0.8308897614479065, "surrogate_loss:sum": -0.0011855126358568668}}
{"step": 88, "epoch": 0, "tinker": {"clock_cycle:unique": 9584312.0, "confidence_mean": 0.36540502309799194, "valid_confidence_mass_mean": 0.9442376494407654, "loss:sum": -0.882260799407959, "surrogate_loss:sum": 0.0005049789324402809}}
{"step": 89, "epoch": 0, "tinker": {"clock_cycle:unique": 9584317.0, "confidence_mean": 0.3800356388092041, "valid_confidence_mass_mean": 0.8929812908172607, "loss:sum": -0.8522605895996094, "surrogate_loss:sum": -0.0009214333258569241}}
{"step": 90, "epoch": 0, "tinker": {"clock_cycle:unique": 9584323.0, "confidence_mean": 0.4318549633026123, "valid_confidence_mass_mean": 0.8912945985794067, "loss:sum": -0.7897979617118835, "surrogate_loss:sum": 0.0019364425679668784}}
{"step": 91, "epoch": 0, "tinker": {"clock_cycle:unique": 9584329.0, "confidence_mean": 0.38188403844833374, "valid_confidence_mass_mean": 0.913123607635498, "loss:sum": -0.880842924118042, "surrogate_loss:sum": -0.0042434511706233025}}
{"step": 92, "epoch": 0, "tinker": {"clock_cycle:unique": 9584335.0, "confidence_mean": 0.34249192476272583, "valid_confidence_mass_mean": 0.9400968551635742, "loss:sum": -0.8282919526100159, "surrogate_loss:sum": -0.004738751798868179}}
{"step": 93, "epoch": 0, "tinker": {"clock_cycle:unique": 9584341.0, "confidence_mean": 0.3907826542854309, "valid_confidence_mass_mean": 0.8643489480018616, "loss:sum": -0.8225773572921753, "surrogate_loss:sum": 4.5253196731209755e-05}}
{"step": 94, "epoch": 0, "tinker": {"clock_cycle:unique": 9584347.0, "confidence_mean": 0.37472468614578247, "valid_confidence_mass_mean": 0.9182021617889404, "loss:sum": -0.8424203991889954, "surrogate_loss:sum": 0.00013000040780752897}}
{"step": 95, "epoch": 0, "tinker": {"clock_cycle:unique": 9584353.0, "confidence_mean": 0.4228832721710205, "valid_confidence_mass_mean": 0.9386709928512573, "loss:sum": -0.8478162884712219, "surrogate_loss:sum": -0.002217130269855261}}
{"step": 96, "epoch": 0, "tinker": {"clock_cycle:unique": 9584359.0, "confidence_mean": 0.3956523835659027, "valid_confidence_mass_mean": 0.9799174666404724, "loss:sum": -0.8624881505966187, "surrogate_loss:sum": -0.0038634617812931538}}
{"step": 97, "epoch": 0, "tinker": {"clock_cycle:unique": 9584365.0, "confidence_mean": 0.34135350584983826, "valid_confidence_mass_mean": 0.9085147976875305, "loss:sum": -0.8238840699195862, "surrogate_loss:sum": 0.0008926154114305973}}
{"step": 98, "epoch": 0, "tinker": {"clock_cycle:unique": 9584371.0, "confidence_mean": 0.5365163683891296, "valid_confidence_mass_mean": 0.9624466896057129, "loss:sum": -0.8086811304092407, "surrogate_loss:sum": 0.002561180852353573}}
{"step": 99, "epoch": 0, "tinker": {"clock_cycle:unique": 9584377.0, "confidence_mean": 0.4423666298389435, "valid_confidence_mass_mean": 0.9833698868751526, "loss:sum": -0.8969408273696899, "surrogate_loss:sum": -0.009617455303668976}}
{"step": 100, "epoch": 0, "tinker": {"clock_cycle:unique": 9584383.0, "confidence_mean": 0.40824490785598755, "valid_confidence_mass_mean": 0.9838158488273621, "loss:sum": -0.8243865966796875, "surrogate_loss:sum": -0.0029778929747408256}}
{"step": 101, "epoch": 0, "tinker": {"clock_cycle:unique": 9584389.0, "confidence_mean": 0.47856712341308594, "valid_confidence_mass_mean": 0.9607747793197632, "loss:sum": -0.8114659786224365, "surrogate_loss:sum": -0.0017658183351159096}}
{"step": 102, "epoch": 0, "tinker": {"clock_cycle:unique": 9584395.0, "confidence_mean": 0.4435044229030609, "valid_confidence_mass_mean": 0.9407567977905273, "loss:sum": -0.84181809425354, "surrogate_loss:sum": -0.0025787707418203354}}
{"step": 103, "epoch": 0, "tinker": {"clock_cycle:unique": 9584401.0, "confidence_mean": 0.3599075376987457, "valid_confidence_mass_mean": 0.9949353337287903, "loss:sum": -0.8728368878364563, "surrogate_loss:sum": -0.008009819546714425}}
{"step": 104, "epoch": 0, "tinker": {"clock_cycle:unique": 9584407.0, "confidence_mean": 0.4147087633609772, "valid_confidence_mass_mean": 0.9634491205215454, "loss:sum": -0.8876087665557861, "surrogate_loss:sum": -0.004551282152533531}}
{"step": 105, "epoch": 0, "tinker": {"clock_cycle:unique": 9584412.0, "confidence_mean": 0.5414840579032898, "valid_confidence_mass_mean": 0.9657773971557617, "loss:sum": -0.8247116208076477, "surrogate_loss:sum": -0.0022137914784252644}}
{"step": 106, "epoch": 0, "tinker": {"clock_cycle:unique": 9584419.0, "confidence_mean": 0.5221534371376038, "valid_confidence_mass_mean": 0.9879696369171143, "loss:sum": -0.8783535361289978, "surrogate_loss:sum": -0.004401469603180885}}
{"step": 107, "epoch": 0, "tinker": {"clock_cycle:unique": 9584423.0, "confidence_mean": 0.6184275150299072, "valid_confidence_mass_mean": 0.9814095497131348, "loss:sum": -0.7769628167152405, "surrogate_loss:sum": 0.008996909018605947}}
{"step": 108, "epoch": 0, "tinker": {"clock_cycle:unique": 9584429.0, "confidence_mean": 0.5761874318122864, "valid_confidence_mass_mean": 0.9737706184387207, "loss:sum": -0.8662216663360596, "surrogate_loss:sum": -0.0029100030660629272}}
{"step": 109, "epoch": 0, "tinker": {"clock_cycle:unique": 9584437.0, "confidence_mean": 0.4775317907333374, "valid_confidence_mass_mean": 0.9827052354812622, "loss:sum": -0.827946662902832, "surrogate_loss:sum": 0.004434347152709961}}
{"step": 110, "epoch": 0, "tinker": {"clock_cycle:unique": 9584443.0, "confidence_mean": 0.614802896976471, "valid_confidence_mass_mean": 0.992496907711029, "loss:sum": -0.7265587449073792, "surrogate_loss:sum": 0.005279889330267906}}
{"step": 111, "epoch": 0, "tinker": {"clock_cycle:unique": 9584449.0, "confidence_mean": 0.6369678378105164, "valid_confidence_mass_mean": 0.9788190126419067, "loss:sum": -0.8365353345870972, "surrogate_loss:sum": -0.005139927379786968}}
{"step": 112, "epoch": 0, "tinker": {"clock_cycle:unique": 9584457.0, "confidence_mean": 0.5592377185821533, "valid_confidence_mass_mean": 0.8533382415771484, "loss:sum": -0.8237742781639099, "surrogate_loss:sum": 0.004930334165692329}}
{"step": 113, "epoch": 0, "tinker": {"clock_cycle:unique": 9584463.0, "confidence_mean": 0.41295236349105835, "valid_confidence_mass_mean": 0.9552766680717468, "loss:sum": -0.7460280656814575, "surrogate_loss:sum": 0.006328885443508625}}
{"step": 114, "epoch": 0, "tinker": {"clock_cycle:unique": 9584469.0, "confidence_mean": 0.5898915529251099, "valid_confidence_mass_mean": 0.9695820808410645, "loss:sum": -0.8489580750465393, "surrogate_loss:sum": -0.0043642400414682925}}
{"step": 115, "epoch": 0, "tinker": {"clock_cycle:unique": 9584475.0, "confidence_mean": 0.3866468667984009, "valid_confidence_mass_mean": 0.9690366387367249, "loss:sum": -0.886225163936615, "surrogate_loss:sum": -0.0031399133149534464}}
{"step": 116, "epoch": 0, "tinker": {"clock_cycle:unique": 9584481.0, "confidence_mean": 0.4433128833770752, "valid_confidence_mass_mean": 0.9175537824630737, "loss:sum": -0.8647355437278748, "surrogate_loss:sum": -0.007743249647319317}}
{"step": 117, "epoch": 0, "tinker": {"clock_cycle:unique": 9584486.0, "confidence_mean": 0.45857465267181396, "valid_confidence_mass_mean": 0.9587975144386292, "loss:sum": -0.8166710734367371, "surrogate_loss:sum": 0.0005302251665852964}}
{"step": 118, "epoch": 0, "tinker": {"clock_cycle:unique": 9584492.0, "confidence_mean": 0.46073436737060547, "valid_confidence_mass_mean": 0.988976240158081, "loss:sum": -0.8049992322921753, "surrogate_loss:sum": 0.012358644744381309}}
{"step": 119, "epoch": 0, "tinker": {"clock_cycle:unique": 9584498.0, "confidence_mean": 0.4329383373260498, "valid_confidence_mass_mean": 0.9764820337295532, "loss:sum": -0.8659361004829407, "surrogate_loss:sum": 0.0006717229261994362}}
{"step": 120, "epoch": 0, "tinker": {"clock_cycle:unique": 9584504.0, "confidence_mean": 0.4949950575828552, "valid_confidence_mass_mean": 0.9923934936523438, "loss:sum": -0.831663966178894, "surrogate_loss:sum": -0.0011725109070539474}}
{"step": 121, "epoch": 1, "tinker": {"clock_cycle:unique": 9584510.0, "confidence_mean": 0.34822097420692444, "valid_confidence_mass_mean": 0.9547815918922424, "loss:sum": -0.7958633899688721, "surrogate_loss:sum": 0.004931113275233656}}
{"step": 122, "epoch": 1, "tinker": {"clock_cycle:unique": 9584515.0, "confidence_mean": 0.547438383102417, "valid_confidence_mass_mean": 0.9896451234817505, "loss:sum": -0.8633522987365723, "surrogate_loss:sum": 0.0031614594627171755}}
{"step": 123, "epoch": 1, "tinker": {"clock_cycle:unique": 9584522.0, "confidence_mean": 0.37560364603996277, "valid_confidence_mass_mean": 0.9399731159210205, "loss:sum": -0.8773684501647949, "surrogate_loss:sum": -0.003817895660176873}}
{"step": 124, "epoch": 1, "tinker": {"clock_cycle:unique": 9584529.0, "confidence_mean": 0.4379507601261139, "valid_confidence_mass_mean": 0.9365113377571106, "loss:sum": -0.8503646850585938, "surrogate_loss:sum": -0.0015239721979014575}}
{"step": 125, "epoch": 1, "tinker": {"clock_cycle:unique": 9584534.0, "confidence_mean": 0.4297356605529785, "valid_confidence_mass_mean": 0.9861176609992981, "loss:sum": -0.7412625551223755, "surrogate_loss:sum": 0.010918708168901503}}
{"step": 126, "epoch": 1, "tinker": {"clock_cycle:unique": 9584540.0, "confidence_mean": 0.25031501054763794, "valid_confidence_mass_mean": 0.9670417904853821, "loss:sum": -0.8601915240287781, "surrogate_loss:sum": -0.0019504877272993326}}
{"step": 127, "epoch": 1, "tinker": {"clock_cycle:unique": 9584547.0, "confidence_mean": 0.46681082248687744, "valid_confidence_mass_mean": 0.8395770192146301, "loss:sum": -0.853740930557251, "surrogate_loss:sum": 0.0013323621824383736}}
{"step": 128, "epoch": 1, "tinker": {"clock_cycle:unique": 9584553.0, "confidence_mean": 0.3427926301956177, "valid_confidence_mass_mean": 0.9613344073295593, "loss:sum": -0.8972206115722656, "surrogate_loss:sum": -0.005764839239418507}}
{"step": 129, "epoch": 1, "tinker": {"clock_cycle:unique": 9584559.0, "confidence_mean": 0.434213787317276, "valid_confidence_mass_mean": 0.98777174949646, "loss:sum": -0.8762763738632202, "surrogate_loss:sum": -0.008979599922895432}}
{"step": 130, "epoch": 1, "tinker": {"clock_cycle:unique": 9584565.0, "confidence_mean": 0.3332083225250244, "valid_confidence_mass_mean": 0.9821510910987854, "loss:sum": -0.8664592504501343, "surrogate_loss:sum": -0.0017636194825172424}}
{"step": 131, "epoch": 1, "tinker": {"clock_cycle:unique": 9584571.0, "confidence_mean": 0.4588412642478943, "valid_confidence_mass_mean": 0.9265726804733276, "loss:sum": -0.8066461682319641, "surrogate_loss:sum": 0.0006727664731442928}}
{"step": 132, "epoch": 1, "tinker": {"clock_cycle:unique": 9584577.0, "confidence_mean": 0.293356716632843, "valid_confidence_mass_mean": 0.8568441867828369, "loss:sum": -0.7841688394546509, "surrogate_loss:sum": -0.0008534955559298396}}
{"step": 133, "epoch": 1, "tinker": {"clock_cycle:unique": 9584583.0, "confidence_mean": 0.4116189181804657, "valid_confidence_mass_mean": 0.9542642831802368, "loss:sum": -0.8951340913772583, "surrogate_loss:sum": -0.0015728238504379988}}
{"step": 134, "epoch": 1, "tinker": {"clock_cycle:unique": 9584589.0, "confidence_mean": 0.34368205070495605, "valid_confidence_mass_mean": 0.9212300181388855, "loss:sum": -0.8770573735237122, "surrogate_loss:sum": -0.005306348321028054}}
{"step": 135, "epoch": 1, "tinker": {"clock_cycle:unique": 9584594.0, "confidence_mean": 0.23789846897125244, "valid_confidence_mass_mean": 0.9717464447021484, "loss:sum": -0.8147403001785278, "surrogate_loss:sum": 0.0071714892983436584}}
{"step": 136, "epoch": 1, "tinker": {"clock_cycle:unique": 9584600.0, "confidence_mean": 0.29049330949783325, "valid_confidence_mass_mean": 0.9097886085510254, "loss:sum": -0.8616349101066589, "surrogate_loss:sum": -0.0044776517897844315}}
{"step": 137, "epoch": 1, "tinker": {"clock_cycle:unique": 9584606.0, "confidence_mean": 0.316015362739563, "valid_confidence_mass_mean": 0.9825650453567505, "loss:sum": -0.8616225123405457, "surrogate_loss:sum": -0.0015992461703717709}}
{"step": 138, "epoch": 1, "tinker": {"clock_cycle:unique": 9584613.0, "confidence_mean": 0.2898620665073395, "valid_confidence_mass_mean": 0.8960630893707275, "loss:sum": -0.8018822073936462, "surrogate_loss:sum": -0.000328991562128067}}
{"step": 139, "epoch": 1, "tinker": {"clock_cycle:unique": 9584619.0, "confidence_mean": 0.2299351841211319, "valid_confidence_mass_mean": 0.9724296927452087, "loss:sum": -0.834917426109314, "surrogate_loss:sum": 0.007511851377785206}}
{"step": 140, "epoch": 1, "tinker": {"clock_cycle:unique": 9584625.0, "confidence_mean": 0.4417233169078827, "valid_confidence_mass_mean": 0.8960216045379639, "loss:sum": -0.8694821000099182, "surrogate_loss:sum": -0.003151886281557381}}
{"step": 141, "epoch": 1, "tinker": {"clock_cycle:unique": 9584632.0, "confidence_mean": 0.2565182149410248, "valid_confidence_mass_mean": 0.8762026429176331, "loss:sum": -0.9064720273017883, "surrogate_loss:sum": -3.867573104798794e-05}}
{"step": 142, "epoch": 1, "tinker": {"clock_cycle:unique": 9584639.0, "confidence_mean": 0.39756494760513306, "valid_confidence_mass_mean": 0.9583207368850708, "loss:sum": -0.8227090239524841, "surrogate_loss:sum": -0.0007411977276206017}}
{"step": 143, "epoch": 1, "tinker": {"clock_cycle:unique": 9584645.0, "confidence_mean": 0.36276379227638245, "valid_confidence_mass_mean": 0.8709354400634766, "loss:sum": -0.8796126246452332, "surrogate_loss:sum": -0.0030785436974838376}}
{"step": 144, "epoch": 1, "tinker": {"clock_cycle:unique": 9584651.0, "confidence_mean": 0.5451599955558777, "valid_confidence_mass_mean": 0.9079933166503906, "loss:sum": -0.8673244714736938, "surrogate_loss:sum": -0.0005456237122416496}}
{"step": 145, "epoch": 1, "tinker": {"clock_cycle:unique": 9584659.0, "confidence_mean": 0.3700384497642517, "valid_confidence_mass_mean": 0.9213786125183105, "loss:sum": -0.8398996591567993, "surrogate_loss:sum": 2.782209776341915e-05}}
{"step": 146, "epoch": 1, "tinker": {"clock_cycle:unique": 9584666.0, "confidence_mean": 0.42547082901000977, "valid_confidence_mass_mean": 0.9043079018592834, "loss:sum": -0.8491493463516235, "surrogate_loss:sum": -0.004076050594449043}}
{"step": 147, "epoch": 1, "tinker": {"clock_cycle:unique": 9584672.0, "confidence_mean": 0.4255109429359436, "valid_confidence_mass_mean": 0.9873777031898499, "loss:sum": -0.8563547730445862, "surrogate_loss:sum": 0.0010561709059402347}}
{"step": 148, "epoch": 1, "tinker": {"clock_cycle:unique": 9584677.0, "confidence_mean": 0.35971230268478394, "valid_confidence_mass_mean": 0.7996938228607178, "loss:sum": -0.8625540733337402, "surrogate_loss:sum": -0.004303992158384062}}
{"step": 149, "epoch": 1, "tinker": {"clock_cycle:unique": 9584682.0, "confidence_mean": 0.3719090223312378, "valid_confidence_mass_mean": 0.9468355178833008, "loss:sum": -0.8915402889251709, "surrogate_loss:sum": -0.002724793739616871}}
{"step": 150, "epoch": 1, "tinker": {"clock_cycle:unique": 9584688.0, "confidence_mean": 0.4286568760871887, "valid_confidence_mass_mean": 0.8830724954605103, "loss:sum": -0.8761612176895142, "surrogate_loss:sum": -0.007658474671188742}}
{"step": 151, "epoch": 1, "tinker": {"clock_cycle:unique": 9584694.0, "confidence_mean": 0.5135142207145691, "valid_confidence_mass_mean": 0.9883691668510437, "loss:sum": -0.8532308340072632, "surrogate_loss:sum": 0.00010978744830936193}}
{"step": 152, "epoch": 1, "tinker": {"clock_cycle:unique": 9584700.0, "confidence_mean": 0.32612094283103943, "valid_confidence_mass_mean": 0.9312562346458435, "loss:sum": -0.9135680794715881, "surrogate_loss:sum": -0.000641681719571352}}
{"step": 153, "epoch": 1, "tinker": {"clock_cycle:unique": 9584706.0, "confidence_mean": 0.32651302218437195, "valid_confidence_mass_mean": 0.9592069387435913, "loss:sum": -0.8661317825317383, "surrogate_loss:sum": 0.0025295496452599764}}
{"step": 154, "epoch": 1, "tinker": {"clock_cycle:unique": 9584712.0, "confidence_mean": 0.2827630341053009, "valid_confidence_mass_mean": 0.8596965670585632, "loss:sum": -0.8204421401023865, "surrogate_loss:sum": 0.006948926544282585}}
{"step": 155, "epoch": 1, "tinker": {"clock_cycle:unique": 9584718.0, "confidence_mean": 0.42499732971191406, "valid_confidence_mass_mean": 0.8562785983085632, "loss:sum": -0.8595553636550903, "surrogate_loss:sum": -0.00037013518158346415}}
{"step": 156, "epoch": 1, "tinker": {"clock_cycle:unique": 9584724.0, "confidence_mean": 0.39424818754196167, "valid_confidence_mass_mean": 0.8912709355354309, "loss:sum": -0.842181921005249, "surrogate_loss:sum": -0.004719372896943241}}
{"step": 157, "epoch": 1, "tinker": {"clock_cycle:unique": 9584730.0, "confidence_mean": 0.2794050872325897, "valid_confidence_mass_mean": 0.9802772998809814, "loss:sum": -0.7123983502388, "surrogate_loss:sum": 0.08155207452364266}}
{"step": 158, "epoch": 1, "tinker": {"clock_cycle:unique": 9584736.0, "confidence_mean": 0.30212530493736267, "valid_confidence_mass_mean": 0.7115293741226196, "loss:sum": -0.7757354378700256, "surrogate_loss:sum": 0.013575122993643163}}
{"step": 159, "epoch": 1, "tinker": {"clock_cycle:unique": 9584742.0, "confidence_mean": 0.4152500033378601, "valid_confidence_mass_mean": 0.8759962916374207, "loss:sum": -0.8574192523956299, "surrogate_loss:sum": -0.004942535888403654}}
{"step": 160, "epoch": 1, "tinker": {"clock_cycle:unique": 9584748.0, "confidence_mean": 0.43544504046440125, "valid_confidence_mass_mean": 0.9657156467437744, "loss:sum": -0.8325186967849731, "surrogate_loss:sum": 0.0016144627006724477}}
{"step": 161, "epoch": 1, "tinker": {"clock_cycle:unique": 9584754.0, "confidence_mean": 0.4448469877243042, "valid_confidence_mass_mean": 0.8614974021911621, "loss:sum": -0.8921593427658081, "surrogate_loss:sum": -0.0015393451321870089}}
{"step": 162, "epoch": 1, "tinker": {"clock_cycle:unique": 9584760.0, "confidence_mean": 0.3293852210044861, "valid_confidence_mass_mean": 0.9733623266220093, "loss:sum": -0.8132643103599548, "surrogate_loss:sum": 0.009978711837902665}}
{"step": 163, "epoch": 1, "tinker": {"clock_cycle:unique": 9584765.0, "confidence_mean": 0.33539023995399475, "valid_confidence_mass_mean": 0.9506658315658569, "loss:sum": -0.8963503837585449, "surrogate_loss:sum": 0.0005611150991171598}}
{"step": 164, "epoch": 1, "tinker": {"clock_cycle:unique": 9584769.0, "confidence_mean": 0.4472857117652893, "valid_confidence_mass_mean": 0.9751284122467041, "loss:sum": -0.9207903146743774, "surrogate_loss:sum": -0.010782754980027676}}
{"step": 165, "epoch": 1, "tinker": {"clock_cycle:unique": 9584774.0, "confidence_mean": 0.3973159193992615, "valid_confidence_mass_mean": 0.9628019332885742, "loss:sum": -0.7521421909332275, "surrogate_loss:sum": 0.01659461297094822}}
{"step": 166, "epoch": 1, "tinker": {"clock_cycle:unique": 9584780.0, "confidence_mean": 0.5966470837593079, "valid_confidence_mass_mean": 0.962999701499939, "loss:sum": -0.8438761234283447, "surrogate_loss:sum": 0.00019647926092147827}}
{"step": 167, "epoch": 1, "tinker": {"clock_cycle:unique": 9584785.0, "confidence_mean": 0.4249846935272217, "valid_confidence_mass_mean": 0.9255200624465942, "loss:sum": -0.8258828520774841, "surrogate_loss:sum": 0.0004432033747434616}}
{"step": 168, "epoch": 1, "tinker": {"clock_cycle:unique": 9584791.0, "confidence_mean": 0.35814914107322693, "valid_confidence_mass_mean": 0.9899123907089233, "loss:sum": -0.8844959735870361, "surrogate_loss:sum": -0.0030740891816094518}}
{"step": 169, "epoch": 1, "tinker": {"clock_cycle:unique": 9584799.0, "confidence_mean": 0.47129395604133606, "valid_confidence_mass_mean": 0.9545257091522217, "loss:sum": -0.779723048210144, "surrogate_loss:sum": 0.00654342002235353}}
{"step": 170, "epoch": 1, "tinker": {"clock_cycle:unique": 9584805.0, "confidence_mean": 0.47185492515563965, "valid_confidence_mass_mean": 0.995879590511322, "loss:sum": -0.8260297179222107, "surrogate_loss:sum": 0.0023480220697820187}}
{"step": 171, "epoch": 1, "tinker": {"clock_cycle:unique": 9584811.0, "confidence_mean": 0.518603503704071, "valid_confidence_mass_mean": 0.9576419591903687, "loss:sum": -0.8299524784088135, "surrogate_loss:sum": 0.011983388103544712}}
{"step": 172, "epoch": 1, "tinker": {"clock_cycle:unique": 9584817.0, "confidence_mean": 0.4298672676086426, "valid_confidence_mass_mean": 0.9725102782249451, "loss:sum": -0.845165491104126, "surrogate_loss:sum": -0.00512981484644115}}
{"step": 173, "epoch": 1, "tinker": {"clock_cycle:unique": 9584823.0, "confidence_mean": 0.6255720257759094, "valid_confidence_mass_mean": 0.9633464813232422, "loss:sum": -0.8887463808059692, "surrogate_loss:sum": -0.007721956819295883}}
{"step": 174, "epoch": 1, "tinker": {"clock_cycle:unique": 9584829.0, "confidence_mean": 0.4523359537124634, "valid_confidence_mass_mean": 0.9898208975791931, "loss:sum": -0.8586584329605103, "surrogate_loss:sum": -0.0018783446867018938}}
{"step": 175, "epoch": 1, "tinker": {"clock_cycle:unique": 9584835.0, "confidence_mean": 0.3995661437511444, "valid_confidence_mass_mean": 0.9324163794517517, "loss:sum": -0.7766368985176086, "surrogate_loss:sum": 0.003571150708012283}}
{"step": 176, "epoch": 1, "tinker": {"clock_cycle:unique": 9584841.0, "confidence_mean": 0.5620990991592407, "valid_confidence_mass_mean": 0.9212611317634583, "loss:sum": -0.8493499159812927, "surrogate_loss:sum": 0.001624442171305418}}
{"step": 177, "epoch": 1, "tinker": {"clock_cycle:unique": 9584847.0, "confidence_mean": 0.3655259311199188, "valid_confidence_mass_mean": 0.9394524097442627, "loss:sum": -0.8929948806762695, "surrogate_loss:sum": -0.011845885950606316}}
{"step": 178, "epoch": 1, "tinker": {"clock_cycle:unique": 9584853.0, "confidence_mean": 0.5240966081619263, "valid_confidence_mass_mean": 0.9858275055885315, "loss:sum": -0.8645235300064087, "surrogate_loss:sum": 0.0001839358010329306}}
{"step": 179, "epoch": 1, "tinker": {"clock_cycle:unique": 9584859.0, "confidence_mean": 0.5083200335502625, "valid_confidence_mass_mean": 0.9870513677597046, "loss:sum": -0.8081876039505005, "surrogate_loss:sum": 0.0018545053899288177}}
{"step": 180, "epoch": 1, "tinker": {"clock_cycle:unique": 9584865.0, "confidence_mean": 0.4762154221534729, "valid_confidence_mass_mean": 0.8235673308372498, "loss:sum": -0.8675680756568909, "surrogate_loss:sum": -0.006398498953785747}}
{"step": 181, "epoch": 1, "tinker": {"clock_cycle:unique": 9584871.0, "confidence_mean": 0.5160565972328186, "valid_confidence_mass_mean": 0.9805464744567871, "loss:sum": -0.9265754222869873, "surrogate_loss:sum": -0.002525337622500956}}
{"step": 182, "epoch": 1, "tinker": {"clock_cycle:unique": 9584877.0, "confidence_mean": 0.4268937110900879, "valid_confidence_mass_mean": 0.9776115417480469, "loss:sum": -0.8036172986030579, "surrogate_loss:sum": 0.0032500867964699864}}
{"step": 183, "epoch": 1, "tinker": {"clock_cycle:unique": 9584883.0, "confidence_mean": 0.4053243398666382, "valid_confidence_mass_mean": 0.9742678999900818, "loss:sum": -0.8496361970901489, "surrogate_loss:sum": -0.003430056618526578}}
{"step": 184, "epoch": 1, "tinker": {"clock_cycle:unique": 9584889.0, "confidence_mean": 0.4768846035003662, "valid_confidence_mass_mean": 0.8598914742469788, "loss:sum": -0.796273410320282, "surrogate_loss:sum": 0.007520427694544196}}
{"step": 185, "epoch": 1, "tinker": {"clock_cycle:unique": 9584895.0, "confidence_mean": 0.6811614632606506, "valid_confidence_mass_mean": 0.9908996224403381, "loss:sum": -0.813469409942627, "surrogate_loss:sum": 0.009415353648364544}}
{"step": 186, "epoch": 1, "tinker": {"clock_cycle:unique": 9584899.0, "confidence_mean": 0.3405265212059021, "valid_confidence_mass_mean": 0.9050994515419006, "loss:sum": -0.8974432945251465, "surrogate_loss:sum": -0.013605526648461819}}
{"step": 187, "epoch": 1, "tinker": {"clock_cycle:unique": 9584906.0, "confidence_mean": 0.3771827518939972, "valid_confidence_mass_mean": 0.8608909249305725, "loss:sum": -0.8542773723602295, "surrogate_loss:sum": -0.0007790639065206051}}
{"step": 188, "epoch": 1, "tinker": {"clock_cycle:unique": 9584914.0, "confidence_mean": 0.49112391471862793, "valid_confidence_mass_mean": 0.9870949387550354, "loss:sum": -0.89094477891922, "surrogate_loss:sum": -0.00029343459755182266}}
{"step": 189, "epoch": 1, "tinker": {"clock_cycle:unique": 9584921.0, "confidence_mean": 0.4786205291748047, "valid_confidence_mass_mean": 0.8932527899742126, "loss:sum": -0.7912641763687134, "surrogate_loss:sum": 0.0038705728948116302}}
{"step": 190, "epoch": 1, "tinker": {"clock_cycle:unique": 9584927.0, "confidence_mean": 0.5238680839538574, "valid_confidence_mass_mean": 0.8605825901031494, "loss:sum": -0.8644336462020874, "surrogate_loss:sum": -0.011461982037872076}}
{"step": 191, "epoch": 1, "tinker": {"clock_cycle:unique": 9584932.0, "confidence_mean": 0.4976390302181244, "valid_confidence_mass_mean": 0.8347333073616028, "loss:sum": -0.85562664270401, "surrogate_loss:sum": -0.004501480783801526}}
{"step": 192, "epoch": 1, "tinker": {"clock_cycle:unique": 9584938.0, "confidence_mean": 0.419800341129303, "valid_confidence_mass_mean": 0.8633540868759155, "loss:sum": -0.8991352319717407, "surrogate_loss:sum": -0.004007409792393446}}
{"step": 193, "epoch": 1, "tinker": {"clock_cycle:unique": 9584944.0, "confidence_mean": 0.43472450971603394, "valid_confidence_mass_mean": 0.9327265620231628, "loss:sum": -0.8381874561309814, "surrogate_loss:sum": 0.0012577087618410587}}
{"step": 194, "epoch": 1, "tinker": {"clock_cycle:unique": 9584949.0, "confidence_mean": 0.5052234530448914, "valid_confidence_mass_mean": 0.840734601020813, "loss:sum": -0.8599721789360046, "surrogate_loss:sum": -0.0048463717103004456}}
{"step": 195, "epoch": 1, "tinker": {"clock_cycle:unique": 9584956.0, "confidence_mean": 0.39599114656448364, "valid_confidence_mass_mean": 0.8681867718696594, "loss:sum": -0.8847737312316895, "surrogate_loss:sum": -0.004541958682239056}}
{"step": 196, "epoch": 1, "tinker": {"clock_cycle:unique": 9584962.0, "confidence_mean": 0.3512551188468933, "valid_confidence_mass_mean": 0.8475592732429504, "loss:sum": -0.8973736763000488, "surrogate_loss:sum": -0.0072437303606420755}}
{"step": 197, "epoch": 1, "tinker": {"clock_cycle:unique": 9584969.0, "confidence_mean": 0.35549554228782654, "valid_confidence_mass_mean": 0.7017955780029297, "loss:sum": -0.6228463053703308, "surrogate_loss:sum": 0.0252482071518898}}
{"step": 198, "epoch": 1, "tinker": {"clock_cycle:unique": 9584975.0, "confidence_mean": 0.2719404101371765, "valid_confidence_mass_mean": 0.7012960910797119, "loss:sum": -0.7557324767112732, "surrogate_loss:sum": 0.011221657507121563}}
{"step": 199, "epoch": 1, "tinker": {"clock_cycle:unique": 9584981.0, "confidence_mean": 0.5118377208709717, "valid_confidence_mass_mean": 0.7314413785934448, "loss:sum": -0.8798267245292664, "surrogate_loss:sum": -0.004227190976962447}}
{"step": 200, "epoch": 1, "tinker": {"clock_cycle:unique": 9584988.0, "confidence_mean": 0.30822962522506714, "valid_confidence_mass_mean": 0.4993441104888916, "loss:sum": -0.8216457366943359, "surrogate_loss:sum": 0.00779386842623353}}
{"step": 201, "epoch": 1, "tinker": {"clock_cycle:unique": 9584993.0, "confidence_mean": 0.3544575870037079, "valid_confidence_mass_mean": 0.4362829625606537, "loss:sum": -0.819959819316864, "surrogate_loss:sum": 0.010724400402978063}}
{"step": 202, "epoch": 1, "tinker": {"clock_cycle:unique": 9585001.0, "confidence_mean": 0.43151339888572693, "valid_confidence_mass_mean": 0.28191572427749634, "loss:sum": -0.8591830730438232, "surrogate_loss:sum": -0.0003223440726287663}}
{"step": 203, "epoch": 1, "tinker": {"clock_cycle:unique": 9585008.0, "confidence_mean": 0.2805881202220917, "valid_confidence_mass_mean": 0.37812304496765137, "loss:sum": -0.8582591414451599, "surrogate_loss:sum": 0.0015994408167898655}}
{"step": 204, "epoch": 1, "tinker": {"clock_cycle:unique": 9585015.0, "confidence_mean": 0.4868357181549072, "valid_confidence_mass_mean": 0.517525851726532, "loss:sum": -0.7989747524261475, "surrogate_loss:sum": -0.003869909793138504}}
{"step": 205, "epoch": 1, "tinker": {"clock_cycle:unique": 9585022.0, "confidence_mean": 0.5008245706558228, "valid_confidence_mass_mean": 0.37525567412376404, "loss:sum": -0.8701452612876892, "surrogate_loss:sum": 0.0013599023222923279}}
{"step": 206, "epoch": 1, "tinker": {"clock_cycle:unique": 9585028.0, "confidence_mean": 0.5387074947357178, "valid_confidence_mass_mean": 0.3390852212905884, "loss:sum": -0.8976401686668396, "surrogate_loss:sum": -0.005529374000616372}}
{"step": 207, "epoch": 1, "tinker": {"clock_cycle:unique": 9585034.0, "confidence_mean": 0.38969162106513977, "valid_confidence_mass_mean": 0.2584451138973236, "loss:sum": -0.915598452091217, "surrogate_loss:sum": -0.01661056838929653}}
{"step": 208, "epoch": 1, "tinker": {"clock_cycle:unique": 9585042.0, "confidence_mean": 0.34982922673225403, "valid_confidence_mass_mean": 0.3118790090084076, "loss:sum": -0.9239199161529541, "surrogate_loss:sum": -0.012881357222795486}}
{"step": 209, "epoch": 1, "tinker": {"clock_cycle:unique": 9585048.0, "confidence_mean": 0.5492827892303467, "valid_confidence_mass_mean": 0.30599555373191833, "loss:sum": -0.8513524532318115, "surrogate_loss:sum": 0.008616719860583544}}
{"step": 210, "epoch": 1, "tinker": {"clock_cycle:unique": 9585055.0, "confidence_mean": 0.7124986052513123, "valid_confidence_mass_mean": 0.4044976234436035, "loss:sum": -0.8486708998680115, "surrogate_loss:sum": 0.002811501733958721}}
{"step": 211, "epoch": 1, "tinker": {"clock_cycle:unique": 9585061.0, "confidence_mean": 0.5335745215415955, "valid_confidence_mass_mean": 0.12100003659725189, "loss:sum": -0.7059934139251709, "surrogate_loss:sum": 0.013519498985260725}}
{"step": 212, "epoch": 1, "tinker": {"clock_cycle:unique": 9585067.0, "confidence_mean": 0.454497367143631, "valid_confidence_mass_mean": 0.3520537316799164, "loss:sum": -0.89324951171875, "surrogate_loss:sum": -0.005809222464449704}}
{"step": 213, "epoch": 1, "tinker": {"clock_cycle:unique": 9585074.0, "confidence_mean": 0.5082718729972839, "valid_confidence_mass_mean": 0.16090995073318481, "loss:sum": -0.7785241603851318, "surrogate_loss:sum": 0.021519526839256287}}
{"step": 214, "epoch": 1, "tinker": {"clock_cycle:unique": 9585079.0, "confidence_mean": 0.4257369339466095, "valid_confidence_mass_mean": 0.1056494265794754, "loss:sum": -0.8325611352920532, "surrogate_loss:sum": 0.008063042536377907}}
{"step": 215, "epoch": 1, "tinker": {"clock_cycle:unique": 9585086.0, "confidence_mean": 0.4491359293460846, "valid_confidence_mass_mean": 0.0521981418132782, "loss:sum": -0.8745980262756348, "surrogate_loss:sum": 0.0005856850184500217}}
{"step": 216, "epoch": 1, "tinker": {"clock_cycle:unique": 9585092.0, "confidence_mean": 0.6362341642379761, "valid_confidence_mass_mean": 0.4800751209259033, "loss:sum": -0.8851177096366882, "surrogate_loss:sum": -0.003766622830880806}}
{"step": 217, "epoch": 1, "tinker": {"clock_cycle:unique": 9585098.0, "confidence_mean": 0.48715534806251526, "valid_confidence_mass_mean": 0.2801274061203003, "loss:sum": -0.7609533667564392, "surrogate_loss:sum": 0.00893644173629582}}
{"step": 218, "epoch": 1, "tinker": {"clock_cycle:unique": 9585103.0, "confidence_mean": 0.35436445474624634, "valid_confidence_mass_mean": 0.09463201463222504, "loss:sum": -0.8655534386634827, "surrogate_loss:sum": 0.0027043335139751434}}
{"step": 219, "epoch": 1, "tinker": {"clock_cycle:unique": 9585110.0, "confidence_mean": 0.41651254892349243, "valid_confidence_mass_mean": 0.3379288613796234, "loss:sum": -0.8469482064247131, "surrogate_loss:sum": 0.02374966349452734}}
{"step": 220, "epoch": 1, "tinker": {"clock_cycle:unique": 9585115.0, "confidence_mean": 0.4642446041107178, "valid_confidence_mass_mean": 0.12053880840539932, "loss:sum": -0.8362334966659546, "surrogate_loss:sum": 0.014962403336539865}}
{"step": 221, "epoch": 1, "tinker": {"clock_cycle:unique": 9585121.0, "confidence_mean": 0.5421223044395447, "valid_confidence_mass_mean": 0.15857653319835663, "loss:sum": -0.8110158443450928, "surrogate_loss:sum": 0.006587418960407376}}
{"step": 222, "epoch": 1, "tinker": {"clock_cycle:unique": 9585127.0, "confidence_mean": 0.3978133201599121, "valid_confidence_mass_mean": 0.06171225383877754, "loss:sum": -0.8486250638961792, "surrogate_loss:sum": 0.013808675576001406}}
{"step": 223, "epoch": 1, "tinker": {"clock_cycle:unique": 9585133.0, "confidence_mean": 0.3527148962020874, "valid_confidence_mass_mean": 0.2229061871767044, "loss:sum": -0.8994103074073792, "surrogate_loss:sum": -0.015133378328755498}}
{"step": 224, "epoch": 1, "tinker": {"clock_cycle:unique": 9585139.0, "confidence_mean": 0.5528683066368103, "valid_confidence_mass_mean": 0.2000042200088501, "loss:sum": -0.8328520655632019, "surrogate_loss:sum": -0.002888331888243556}}
{"step": 225, "epoch": 1, "tinker": {"clock_cycle:unique": 9585144.0, "confidence_mean": 0.356445848941803, "valid_confidence_mass_mean": 0.04920224845409393, "loss:sum": -0.8708020448684692, "surrogate_loss:sum": 0.0014410298317670822}}
{"step": 226, "epoch": 1, "tinker": {"clock_cycle:unique": 9585149.0, "confidence_mean": 0.5388150215148926, "valid_confidence_mass_mean": 0.1660352200269699, "loss:sum": -0.9092584848403931, "surrogate_loss:sum": -0.010236183181405067}}
{"step": 227, "epoch": 1, "tinker": {"clock_cycle:unique": 9585155.0, "confidence_mean": 0.44019198417663574, "valid_confidence_mass_mean": 0.025369200855493546, "loss:sum": -0.8763447999954224, "surrogate_loss:sum": 0.0006906413473188877}}
{"step": 228, "epoch": 1, "tinker": {"clock_cycle:unique": 9585162.0, "confidence_mean": 0.29023370146751404, "valid_confidence_mass_mean": 0.10266604274511337, "loss:sum": -0.9203035235404968, "surrogate_loss:sum": -0.00045042578130960464}}
{"step": 229, "epoch": 1, "tinker": {"clock_cycle:unique": 9585167.0, "confidence_mean": 0.3204064965248108, "valid_confidence_mass_mean": 0.0572194866836071, "loss:sum": -0.8153687715530396, "surrogate_loss:sum": 0.01726924255490303}}
{"step": 230, "epoch": 1, "tinker": {"clock_cycle:unique": 9585173.0, "confidence_mean": 0.23370932042598724, "valid_confidence_mass_mean": 0.0462622195482254, "loss:sum": -0.9113257527351379, "surrogate_loss:sum": 0.005773155018687248}}
{"step": 231, "epoch": 1, "tinker": {"clock_cycle:unique": 9585180.0, "confidence_mean": 0.4394884407520294, "valid_confidence_mass_mean": 0.029784543439745903, "loss:sum": -0.8650572299957275, "surrogate_loss:sum": 0.004629052709788084}}
{"step": 232, "epoch": 1, "tinker": {"clock_cycle:unique": 9585186.0, "confidence_mean": 0.48480501770973206, "valid_confidence_mass_mean": 0.02762940526008606, "loss:sum": -0.924807071685791, "surrogate_loss:sum": -0.004564171656966209}}
{"step": 233, "epoch": 1, "tinker": {"clock_cycle:unique": 9585192.0, "confidence_mean": 0.4575789272785187, "valid_confidence_mass_mean": 0.042040981352329254, "loss:sum": -0.8824636340141296, "surrogate_loss:sum": 0.0026117078959941864}}
{"step": 234, "epoch": 1, "tinker": {"clock_cycle:unique": 9585200.0, "confidence_mean": 0.41956642270088196, "valid_confidence_mass_mean": 0.03665333241224289, "loss:sum": -0.7664679288864136, "surrogate_loss:sum": 0.008540663868188858}}
{"step": 235, "epoch": 1, "tinker": {"clock_cycle:unique": 9585206.0, "confidence_mean": 0.2435491532087326, "valid_confidence_mass_mean": 0.06235387176275253, "loss:sum": -0.8233276605606079, "surrogate_loss:sum": 0.003999008098617196}}
{"step": 236, "epoch": 1, "tinker": {"clock_cycle:unique": 9585211.0, "confidence_mean": 0.35717496275901794, "valid_confidence_mass_mean": 0.09151717275381088, "loss:sum": -0.885033369064331, "surrogate_loss:sum": 0.0010433385614305735}}
{"step": 237, "epoch": 1, "tinker": {"clock_cycle:unique": 9585216.0, "confidence_mean": 0.4671455919742584, "valid_confidence_mass_mean": 0.08028775453567505, "loss:sum": -0.8187406659126282, "surrogate_loss:sum": -0.0043520580511540174}}
{"step": 238, "epoch": 1, "tinker": {"clock_cycle:unique": 9585221.0, "confidence_mean": 0.25205498933792114, "valid_confidence_mass_mean": 0.07119157165288925, "loss:sum": -0.8798296451568604, "surrogate_loss:sum": 0.012430498143658042}}
{"step": 239, "epoch": 1, "tinker": {"clock_cycle:unique": 9585226.0, "confidence_mean": 0.3086874485015869, "valid_confidence_mass_mean": 0.03453464061021805, "loss:sum": -0.8824101686477661, "surrogate_loss:sum": -0.002216620370745659}}
{"step": 240, "epoch": 1, "tinker": {"clock_cycle:unique": 9585232.0, "confidence_mean": 0.4403226375579834, "valid_confidence_mass_mean": 0.009077210910618305, "loss:sum": -0.8518633842468262, "surrogate_loss:sum": 0.0011169323697686195}}
