Run: /home/rrenaud/rewarding_doubt/runs/pilot-20261001T002945Z
Starting prepare-train
Starting prepare-eval
Completed prepare-eval
Completed prepare-train
Starting base-eval
Starting discrete-ppo-s1
Starting discrete-exact-s1
Starting fractional-s1
Completed base-eval
Completed discrete-exact-s1
Starting discrete-exact-s1-eval
Completed fractional-s1
Starting fractional-s1-eval
Completed discrete-exact-s1-eval
Completed fractional-s1-eval
Completed discrete-ppo-s1
Starting discrete-ppo-s1-eval
Completed discrete-ppo-s1-eval
Finished: /home/rrenaud/rewarding_doubt/runs/pilot-20261001T002945Z/aggregate.json
