Downloading shards:   0%|          | 0/2 [00:00<?, ?it/s]Downloading shards:  50%|█████     | 1/2 [00:10<00:10, 10.33s/it]Downloading shards: 100%|██████████| 2/2 [00:18<00:00,  9.13s/it]Downloading shards: 100%|██████████| 2/2 [00:18<00:00,  9.31s/it]
Loading checkpoint shards:   0%|          | 0/2 [00:00<?, ?it/s]Loading checkpoint shards:  50%|█████     | 1/2 [00:05<00:05,  5.06s/it]Loading checkpoint shards: 100%|██████████| 2/2 [00:07<00:00,  3.78s/it]Loading checkpoint shards: 100%|██████████| 2/2 [00:07<00:00,  3.97s/it]
{"lora_modules": [], "lora_layers": null, "attn_bias": "18-35", "residual_bias": "none", "trainable_params": 36864, "shared_prefix": true}
{"step": 0, "ece_expected": 0.5392029285430908, "auroc_expected": 0.8156483933182963, "brier_expected": 0.5167062034679047, "ece_sampled": 0.5451676845550537, "auroc_sampled": 0.6244238501520055, "brier_sampled": 0.5281656804733728, "accuracy": 0.3905325443786982, "level_mass": 0.9999994027942389, "n": 507, "answer_kl": 0.0, "answer_kl_token": 0.0, "answer_kl_topk": 0.013112823721484583, "regen_accuracy": 0.43984220907297833, "regen_malformed": 0.011834319526627219}
{"step": 100, "minutes": 1.6, "beta": 0.05, "peak_gb": 12.9, "ece_expected": 0.04325425997376442, "auroc_expected": 0.8967179889509987, "brier_expected": 0.12841260144313726, "ece_sampled": 0.042012132704257965, "auroc_sampled": 0.8698473407211271, "brier_sampled": 0.13236686390532545, "accuracy": 0.3905325443786982, "level_mass": 0.9999930136663203, "n": 507, "answer_kl": 1.6566531089935674, "answer_kl_token": 0.21103596137179362, "answer_kl_topk": 1.5370389719482667}
RD_SAVED /workspace/runs/online-bias-t2-s1/checkpoint
{"step": 200, "minutes": 3.2, "beta": 0.05, "peak_gb": 13.3, "ece_expected": 0.13071992993354797, "auroc_expected": 0.9047105357784969, "brier_expected": 0.162820860937968, "ece_sampled": 0.13037464022636414, "auroc_sampled": 0.8242947272073485, "brier_sampled": 0.16471400394477315, "accuracy": 0.3905325443786982, "level_mass": 0.9999953332693822, "n": 507, "answer_kl": 2.0895113258820803, "answer_kl_token": 0.26617644276940067, "answer_kl_topk": 1.9193456714257786}
RD_SAVED /workspace/runs/online-bias-t2-s1/checkpoint
{"step": 300, "minutes": 4.9, "beta": 0.05, "peak_gb": 13.3, "ece_expected": 0.09262653440237045, "auroc_expected": 0.9026511065346017, "brier_expected": 0.1400852841960153, "ece_sampled": 0.09566060453653336, "auroc_sampled": 0.836610440979373, "brier_sampled": 0.14057199211045365, "accuracy": 0.3905325443786982, "level_mass": 0.9999984045661937, "n": 507, "answer_kl": 2.97077289489919, "answer_kl_token": 0.37843765269193197, "answer_kl_topk": 2.410505023243824}
RD_SAVED /workspace/runs/online-bias-t2-s1/checkpoint
{"step": 400, "minutes": 6.2, "beta": 0.05, "peak_gb": 13.3, "ece_expected": 0.06459863483905792, "auroc_expected": 0.9123598443986793, "brier_expected": 0.12467566646228026, "ece_sampled": 0.07356995344161987, "auroc_sampled": 0.8486809846033148, "brier_sampled": 0.12992110453648917, "accuracy": 0.3905325443786982, "level_mass": 0.9999993022103121, "n": 507, "answer_kl": 3.066970902498279, "answer_kl_token": 0.39069202200166525, "answer_kl_topk": 2.5109210564861013}
RD_SAVED /workspace/runs/online-bias-t2-s1/checkpoint
{"step": 500, "minutes": 7.7, "beta": 0.05, "peak_gb": 13.3, "ece_expected": 0.038597773760557175, "auroc_expected": 0.9178026216861169, "brier_expected": 0.10473916214767175, "ece_sampled": 0.0355033203959465, "auroc_sampled": 0.8930240920532183, "brier_sampled": 0.10698224852071006, "accuracy": 0.3905325443786982, "level_mass": 0.9999987137652899, "n": 507, "answer_kl": 2.528179892648751, "answer_kl_token": 0.322057086827366, "answer_kl_topk": 2.268595620618869, "regen_accuracy": 0.42209072978303747, "regen_malformed": 0.0039447731755424065}
RD_SAVED /workspace/runs/online-bias-t2-s1/checkpoint
{"step": 600, "minutes": 9.1, "beta": 0.05, "peak_gb": 13.3, "ece_expected": 0.02613797038793564, "auroc_expected": 0.9213821058481253, "brier_expected": 0.1138215740160325, "ece_sampled": 0.029782619327306747, "auroc_sampled": 0.8722908698636854, "brier_sampled": 0.11426035502958579, "accuracy": 0.3905325443786982, "level_mass": 0.9999985213090828, "n": 507, "answer_kl": 2.9235278580320356, "answer_kl_token": 0.372419252266895, "answer_kl_topk": 2.5911195285713733}
RD_SAVED /workspace/runs/online-bias-t2-s1/checkpoint
{"step": 700, "minutes": 10.6, "beta": 0.05, "peak_gb": 13.3, "ece_expected": 0.035515595227479935, "auroc_expected": 0.909107253767448, "brier_expected": 0.11567902040331611, "ece_sampled": 0.02919095940887928, "auroc_sampled": 0.8696430322643915, "brier_sampled": 0.11680473372781065, "accuracy": 0.3905325443786982, "level_mass": 0.9999990067215841, "n": 507, "answer_kl": 2.7803016644757115, "answer_kl_token": 0.35417410650482056, "answer_kl_topk": 2.5066646611611128}
RD_SAVED /workspace/runs/online-bias-t2-s1/checkpoint
{"step": 800, "minutes": 12.2, "beta": 0.05, "peak_gb": 13.3, "ece_expected": 0.0289204940199852, "auroc_expected": 0.9091889771501421, "brier_expected": 0.107173652574752, "ece_sampled": 0.01834283024072647, "auroc_sampled": 0.8848517537837928, "brier_sampled": 0.10818540433925049, "accuracy": 0.3905325443786982, "level_mass": 0.9999974505821329, "n": 507, "answer_kl": 2.5009355149802732, "answer_kl_token": 0.31858650906909514, "answer_kl_topk": 2.2763146083556567}
RD_SAVED /workspace/runs/online-bias-t2-s1/checkpoint
{"step": 900, "minutes": 13.7, "beta": 0.05, "peak_gb": 13.3, "ece_expected": 0.02983463555574417, "auroc_expected": 0.9093360792389918, "brier_expected": 0.11354798460825798, "ece_sampled": 0.02386549673974514, "auroc_sampled": 0.8700679938544017, "brier_sampled": 0.11351084812623274, "accuracy": 0.3905325443786982, "level_mass": 0.9999989514034345, "n": 507, "answer_kl": 2.5885942131037183, "answer_kl_token": 0.3297530819204988, "answer_kl_topk": 2.2870949718864537}
RD_SAVED /workspace/runs/online-bias-t2-s1/checkpoint
{"step": 1000, "minutes": 15.5, "beta": 0.05, "peak_gb": 15.7, "ece_expected": 0.057012271136045456, "auroc_expected": 0.9202216338138668, "brier_expected": 0.10956088406235298, "ece_sampled": 0.05542415380477905, "auroc_sampled": 0.8982135268543037, "brier_sampled": 0.10988165680473373, "accuracy": 0.3905325443786982, "level_mass": 0.9999996627833102, "n": 507, "answer_kl": 2.367524819801137, "answer_kl_token": 0.301591729557582, "answer_kl_topk": 2.1491828862097506, "regen_accuracy": 0.4280078895463511, "regen_malformed": 0.011834319526627219}
RD_SAVED /workspace/runs/online-bias-t2-s1/checkpoint
{"step": 1100, "minutes": 17.0, "beta": 0.05, "peak_gb": 15.7, "ece_expected": 0.11142980307340622, "auroc_expected": 0.8797031806740545, "brier_expected": 0.15474809474013035, "ece_sampled": 0.11025628447532654, "auroc_sampled": 0.8218511980647903, "brier_sampled": 0.15670611439842208, "accuracy": 0.3905325443786982, "level_mass": 0.9999991116182416, "n": 507, "answer_kl": 2.6604841764933456, "answer_kl_token": 0.33891092399048395, "answer_kl_topk": 2.4105074925472616}
RD_SAVED /workspace/runs/online-bias-t2-s1/checkpoint
{"step": 1200, "minutes": 18.9, "beta": 0.05, "peak_gb": 15.7, "ece_expected": 0.03400902450084686, "auroc_expected": 0.9171978686541794, "brier_expected": 0.11006577021520103, "ece_sampled": 0.028205106034874916, "auroc_sampled": 0.8984995586937334, "brier_sampled": 0.10913214990138066, "accuracy": 0.3905325443786982, "level_mass": 0.9999989741581772, "n": 507, "answer_kl": 2.419356257579183, "answer_kl_token": 0.3081943775358406, "answer_kl_topk": 2.1861410082303436}
RD_SAVED /workspace/runs/online-bias-t2-s1/checkpoint
{"step": 1300, "minutes": 20.5, "beta": 0.05, "peak_gb": 15.7, "ece_expected": 0.025539373978972435, "auroc_expected": 0.9043836422477199, "brier_expected": 0.11509258950053029, "ece_sampled": 0.025838389992713928, "auroc_sampled": 0.8738599588114152, "brier_sampled": 0.11422090729783037, "accuracy": 0.3905325443786982, "level_mass": 0.9999977426811679, "n": 507, "answer_kl": 2.8222109320187734, "answer_kl_token": 0.3595127996315372, "answer_kl_topk": 2.507209732316231}
RD_SAVED /workspace/runs/online-bias-t2-s1/checkpoint
{"step": 1400, "minutes": 22.3, "beta": 0.05, "peak_gb": 15.7, "ece_expected": 0.0750669538974762, "auroc_expected": 0.9022588342976693, "brier_expected": 0.13556872340559198, "ece_sampled": 0.07455594837665558, "auroc_sampled": 0.8459023895917099, "brier_sampled": 0.13696252465483233, "accuracy": 0.3905325443786982, "level_mass": 0.9999995835086575, "n": 507, "answer_kl": 2.6994368923735785, "answer_kl_token": 0.3438729910636694, "answer_kl_topk": 2.4257316954942563}
RD_SAVED /workspace/runs/online-bias-t2-s1/checkpoint
{"step": 1500, "minutes": 24.1, "beta": 0.05, "peak_gb": 15.7, "ece_expected": 0.056925415992736816, "auroc_expected": 0.9154816776176, "brier_expected": 0.11109810297342063, "ece_sampled": 0.05660763382911682, "auroc_sampled": 0.8913487627079861, "brier_sampled": 0.11248520710059172, "accuracy": 0.3905325443786982, "level_mass": 0.9999985956388574, "n": 507, "answer_kl": 3.014033675477556, "answer_kl_token": 0.38394851092138715, "answer_kl_topk": 2.630019947720114, "regen_accuracy": 0.4280078895463511, "regen_malformed": 0.029585798816568046}
RD_SAVED /workspace/runs/online-bias-t2-s1/checkpoint
{"step": 1600, "minutes": 25.8, "beta": 0.05, "peak_gb": 15.7, "ece_expected": 0.02466987818479538, "auroc_expected": 0.9162171880618482, "brier_expected": 0.10729396031127068, "ece_sampled": 0.025246476754546165, "auroc_sampled": 0.895304174430388, "brier_sampled": 0.1073767258382643, "accuracy": 0.3905325443786982, "level_mass": 0.9999940004588985, "n": 507, "answer_kl": 2.652939887200393, "answer_kl_token": 0.3379498801031656, "answer_kl_topk": 2.383747169024034}
RD_SAVED /workspace/runs/online-bias-t2-s1/checkpoint
{"step": 1700, "minutes": 27.6, "beta": 0.05, "peak_gb": 15.7, "ece_expected": 0.07922198623418808, "auroc_expected": 0.9189630937203753, "brier_expected": 0.11679947240466716, "ece_sampled": 0.08126263320446014, "auroc_sampled": 0.9058464907979471, "brier_sampled": 0.11948717948717949, "accuracy": 0.3905325443786982, "level_mass": 0.9999966114840894, "n": 507, "answer_kl": 2.6256004212732647, "answer_kl_token": 0.3344671893431018, "answer_kl_topk": 2.338227645606014}
RD_SAVED /workspace/runs/online-bias-t2-s1/checkpoint
{"step": 1800, "minutes": 29.0, "beta": 0.05, "peak_gb": 15.7, "ece_expected": 0.023818958550691605, "auroc_expected": 0.9141904481710308, "brier_expected": 0.10806144978420312, "ece_sampled": 0.028402766212821007, "auroc_sampled": 0.8858079173613154, "brier_sampled": 0.10777120315581855, "accuracy": 0.3905325443786982, "level_mass": 0.9999973719205547, "n": 507, "answer_kl": 2.6318691200783806, "answer_kl_token": 0.33526573966827616, "answer_kl_topk": 2.3671466299957364}
RD_SAVED /workspace/runs/online-bias-t2-s1/checkpoint
{"step": 1900, "minutes": 30.7, "beta": 0.05, "peak_gb": 15.7, "ece_expected": 0.032687991857528687, "auroc_expected": 0.9178353110391946, "brier_expected": 0.11032993543555042, "ece_sampled": 0.019329369068145752, "auroc_sampled": 0.885358438756497, "brier_sampled": 0.11108481262327415, "accuracy": 0.3905325443786982, "level_mass": 0.9999996404516189, "n": 507, "answer_kl": 2.8980218226764993, "answer_kl_token": 0.3691701166072827, "answer_kl_topk": 2.5748384050318167}
RD_SAVED /workspace/runs/online-bias-t2-s1/checkpoint
{"step": 2000, "minutes": 32.6, "beta": 0.05, "peak_gb": 15.7, "ece_expected": 0.03528165817260742, "auroc_expected": 0.909434147298225, "brier_expected": 0.11949727764481909, "ece_sampled": 0.033727481961250305, "auroc_sampled": 0.8675182243143408, "brier_sampled": 0.11966469428007888, "accuracy": 0.3905325443786982, "level_mass": 0.9999998872494972, "n": 507, "answer_kl": 2.77105959895246, "answer_kl_token": 0.3529967881077631, "answer_kl_topk": 2.510563372210796, "regen_accuracy": 0.4280078895463511, "regen_malformed": 0.011834319526627219}
RD_SAVED /workspace/runs/online-bias-t2-s1/checkpoint
{"step": 2100, "minutes": 34.4, "beta": 0.05, "peak_gb": 15.7, "ece_expected": 0.10546761006116867, "auroc_expected": 0.9065901735804648, "brier_expected": 0.14358085067642054, "ece_sampled": 0.10670603811740875, "auroc_sampled": 0.8278415220162794, "brier_sampled": 0.1462524654832347, "accuracy": 0.3905325443786982, "level_mass": 0.9999965364635967, "n": 507, "answer_kl": 2.5479167892768007, "answer_kl_token": 0.32457130958877833, "answer_kl_topk": 2.2984328191904764}
RD_SAVED /workspace/runs/online-bias-t2-s1/checkpoint
{"step": 2200, "minutes": 36.1, "beta": 0.05, "peak_gb": 15.7, "ece_expected": 0.021253369748592377, "auroc_expected": 0.9160373966199209, "brier_expected": 0.11109867103364443, "ece_sampled": 0.024655263870954514, "auroc_sampled": 0.8853829557713052, "brier_sampled": 0.11102564102564101, "accuracy": 0.3905325443786982, "level_mass": 0.9999990836662056, "n": 507, "answer_kl": 2.452725040634926, "answer_kl_token": 0.31244512452309237, "answer_kl_topk": 2.2418229168753134}
RD_SAVED /workspace/runs/online-bias-t2-s1/checkpoint
{"step": 2300, "minutes": 37.5, "beta": 0.05, "peak_gb": 15.7, "ece_expected": 0.0466429702937603, "auroc_expected": 0.9101042790363179, "brier_expected": 0.12458591124069454, "ece_sampled": 0.044772885739803314, "auroc_sampled": 0.8547366872609592, "brier_sampled": 0.12562130177514794, "accuracy": 0.3905325443786982, "level_mass": 0.9999994525671633, "n": 507, "answer_kl": 2.4352754252662385, "answer_kl_token": 0.310222271510046, "answer_kl_topk": 2.181190853332159}
RD_SAVED /workspace/runs/online-bias-t2-s1/checkpoint
{"step": 2400, "minutes": 39.0, "beta": 0.05, "peak_gb": 15.7, "ece_expected": 0.04500885307788849, "auroc_expected": 0.8972900526298584, "brier_expected": 0.12894722393089328, "ece_sampled": 0.05167612060904503, "auroc_sampled": 0.8493511163414076, "brier_sampled": 0.12887573964497043, "accuracy": 0.3905325443786982, "level_mass": 0.9999948734749298, "n": 507, "answer_kl": 2.4395542595386424, "answer_kl_token": 0.31076733909198284, "answer_kl_topk": 2.196628973102569}
RD_SAVED /workspace/runs/online-bias-t2-s1/checkpoint
{"step": 2500, "minutes": 40.9, "beta": 0.05, "peak_gb": 15.7, "ece_expected": 0.07283449172973633, "auroc_expected": 0.9103821385374784, "brier_expected": 0.12866347668257014, "ece_sampled": 0.07455599308013916, "auroc_sampled": 0.8772106175018797, "brier_sampled": 0.12978303747534517, "accuracy": 0.3905325443786982, "level_mass": 0.9999983716478557, "n": 507, "answer_kl": 2.4138323907029524, "answer_kl_token": 0.3074907090669339, "answer_kl_topk": 2.1882049115584854, "regen_accuracy": 0.45759368836291914, "regen_malformed": 0.0039447731755424065}
RD_SAVED /workspace/runs/online-bias-t2-s1/checkpoint
{"step": 2600, "minutes": 42.3, "beta": 0.05, "peak_gb": 15.7, "ece_expected": 0.044015564024448395, "auroc_expected": 0.8904416331600797, "brier_expected": 0.12363886379833831, "ece_sampled": 0.04516765475273132, "auroc_sampled": 0.8628027851328823, "brier_sampled": 0.12431952662721893, "accuracy": 0.3905325443786982, "level_mass": 0.9999984954125997, "n": 507, "answer_kl": 2.6175087364050373, "answer_kl_token": 0.3334364144113955, "answer_kl_topk": 2.3449180428712877}
RD_SAVED /workspace/runs/online-bias-t2-s1/checkpoint
{"step": 2700, "minutes": 43.8, "beta": 0.05, "peak_gb": 15.7, "ece_expected": 0.025943316519260406, "auroc_expected": 0.9136674185217875, "brier_expected": 0.11316347496526918, "ece_sampled": 0.020315952599048615, "auroc_sampled": 0.888717269785231, "brier_sampled": 0.11315581854043393, "accuracy": 0.3905325443786982, "level_mass": 0.9999959804367416, "n": 507, "answer_kl": 2.6490069921649035, "answer_kl_token": 0.3374488806602025, "answer_kl_topk": 2.415953639265583}
RD_SAVED /workspace/runs/online-bias-t2-s1/checkpoint
{"step": 2800, "minutes": 45.5, "beta": 0.05, "peak_gb": 15.7, "ece_expected": 0.05043242871761322, "auroc_expected": 0.9037788892157825, "brier_expected": 0.13222521319630462, "ece_sampled": 0.0540434755384922, "auroc_sampled": 0.8451015004413062, "brier_sampled": 0.1334122287968442, "accuracy": 0.3905325443786982, "level_mass": 0.9999975657246416, "n": 507, "answer_kl": 3.4465652693867135, "answer_kl_token": 0.43904738481886024, "answer_kl_topk": 3.0932181664703267}
RD_SAVED /workspace/runs/online-bias-t2-s1/checkpoint
{"step": 2900, "minutes": 47.0, "beta": 0.05, "peak_gb": 15.7, "ece_expected": 0.0559840090572834, "auroc_expected": 0.9048249485142689, "brier_expected": 0.13674088029291864, "ece_sampled": 0.05581866577267647, "auroc_sampled": 0.8415547056323756, "brier_sampled": 0.1367061143984221, "accuracy": 0.3905325443786982, "level_mass": 0.9999988464749723, "n": 507, "answer_kl": 3.127563409271265, "answer_kl_token": 0.3984107157036511, "answer_kl_topk": 2.7990283297948855}
RD_SAVED /workspace/runs/online-bias-t2-s1/checkpoint
{"step": 3000, "minutes": 49.0, "beta": 0.05, "peak_gb": 15.7, "ece_expected": 0.03212588652968407, "auroc_expected": 0.916135464679154, "brier_expected": 0.11179265698798337, "ece_sampled": 0.029388966038823128, "auroc_sampled": 0.8911281095747116, "brier_sampled": 0.11323471400394476, "accuracy": 0.3905325443786982, "level_mass": 0.9999994801244415, "n": 507, "answer_kl": 2.8810533007247807, "answer_kl_token": 0.36700854860991555, "answer_kl_topk": 2.6305789966035977, "regen_accuracy": 0.4260355029585799, "regen_malformed": 0.015779092702169626}
RD_SAVED /workspace/runs/online-bias-t2-s1/checkpoint
RD_SAVED /workspace/runs/online-bias-t2-s1/status.json
