Downloading shards:   0%|          | 0/2 [00:00<?, ?it/s]Downloading shards:  50%|█████     | 1/2 [00:13<00:13, 13.38s/it]Downloading shards: 100%|██████████| 2/2 [00:21<00:00, 10.40s/it]Downloading shards: 100%|██████████| 2/2 [00:21<00:00, 10.85s/it]
Loading checkpoint shards:   0%|          | 0/2 [00:00<?, ?it/s]Loading checkpoint shards:  50%|█████     | 1/2 [00:00<00:00,  1.24it/s]Loading checkpoint shards: 100%|██████████| 2/2 [00:01<00:00,  1.61it/s]Loading checkpoint shards: 100%|██████████| 2/2 [00:01<00:00,  1.54it/s]
{"lora_modules": [], "lora_layers": null, "attn_bias": "18-35", "residual_bias": "none", "trainable_params": 36864, "shared_prefix": true}
{"step": 0, "ece_expected": 0.5392029285430908, "auroc_expected": 0.8156483933182963, "brier_expected": 0.5167062034679047, "ece_sampled": 0.5451676845550537, "auroc_sampled": 0.6244238501520055, "brier_sampled": 0.5281656804733728, "accuracy": 0.3905325443786982, "level_mass": 0.9999994027942389, "n": 507, "answer_kl": 0.0, "answer_kl_token": 0.0, "answer_kl_topk": 0.013112823721484583, "regen_accuracy": 0.43984220907297833, "regen_malformed": 0.011834319526627219}
{"step": 100, "minutes": 1.5, "beta": 0.05, "peak_gb": 12.8, "ece_expected": 0.07437651604413986, "auroc_expected": 0.8827923245398973, "brier_expected": 0.14390141735382495, "ece_sampled": 0.07179467380046844, "auroc_sampled": 0.8501683501683501, "brier_sampled": 0.146232741617357, "accuracy": 0.3905325443786982, "level_mass": 0.9999911049655847, "n": 507, "answer_kl": 1.078095657835906, "answer_kl_token": 0.13733530113638298, "answer_kl_topk": 1.0143653950924254}
RD_SAVED /workspace/runs/online-bias-t1-s1/checkpoint
{"step": 200, "minutes": 3.1, "beta": 0.05, "peak_gb": 15.2, "ece_expected": 0.13042452931404114, "auroc_expected": 0.9095975940636135, "brier_expected": 0.15427053436530314, "ece_sampled": 0.11893469840288162, "auroc_sampled": 0.8259210225229643, "brier_sampled": 0.15702169625246545, "accuracy": 0.3905325443786982, "level_mass": 0.9999900730807901, "n": 507, "answer_kl": 1.4076954522565246, "answer_kl_token": 0.17932200861659747, "answer_kl_topk": 1.3085174330978036}
RD_SAVED /workspace/runs/online-bias-t1-s1/checkpoint
{"step": 300, "minutes": 4.6, "beta": 0.05, "peak_gb": 15.2, "ece_expected": 0.09337828308343887, "auroc_expected": 0.9016867706188095, "brier_expected": 0.13490477686589358, "ece_sampled": 0.09408260881900787, "auroc_sampled": 0.8575643163021803, "brier_sampled": 0.13729783037475346, "accuracy": 0.3905325443786982, "level_mass": 0.9999983473352267, "n": 507, "answer_kl": 1.6701234821080204, "answer_kl_token": 0.21275191091175036, "answer_kl_topk": 1.5497309605340173}
RD_SAVED /workspace/runs/online-bias-t1-s1/checkpoint
{"step": 400, "minutes": 6.1, "beta": 0.05, "peak_gb": 15.2, "ece_expected": 0.0391814187169075, "auroc_expected": 0.8993004478441371, "brier_expected": 0.12279991267096257, "ece_sampled": 0.04418185353279114, "auroc_sampled": 0.8796868359975156, "brier_sampled": 0.1224457593688363, "accuracy": 0.3905325443786982, "level_mass": 0.999996833212577, "n": 507, "answer_kl": 2.261759970318945, "answer_kl_token": 0.2881186695858555, "answer_kl_topk": 2.047907149176592}
RD_SAVED /workspace/runs/online-bias-t1-s1/checkpoint
{"step": 500, "minutes": 7.6, "beta": 0.05, "peak_gb": 15.2, "ece_expected": 0.09041344374418259, "auroc_expected": 0.8367984047595698, "brier_expected": 0.16917064404864465, "ece_sampled": 0.09289948642253876, "auroc_sampled": 0.7894070151351705, "brier_sampled": 0.18455621301775146, "accuracy": 0.3905325443786982, "level_mass": 0.9999850284057916, "n": 507, "answer_kl": 4.320126165917996, "answer_kl_token": 0.5503276296784985, "answer_kl_topk": 3.828690580300776, "regen_accuracy": 0.378698224852071, "regen_malformed": 0.009861932938856016}
RD_SAVED /workspace/runs/online-bias-t1-s1/checkpoint
{"step": 600, "minutes": 9.2, "beta": 0.05, "peak_gb": 15.2, "ece_expected": 0.23213650286197662, "auroc_expected": 0.8557418848680984, "brier_expected": 0.2271327682542177, "ece_sampled": 0.23293867707252502, "auroc_sampled": 0.7513157464613774, "brier_sampled": 0.24471400394477313, "accuracy": 0.3905325443786982, "level_mass": 0.9999920968982783, "n": 507, "answer_kl": 4.704242825409899, "answer_kl_token": 0.5992590734881454, "answer_kl_topk": 3.9831156361528604}
RD_SAVED /workspace/runs/online-bias-t1-s1/checkpoint
{"step": 700, "minutes": 10.8, "beta": 0.05, "peak_gb": 15.2, "ece_expected": 0.4902331531047821, "auroc_expected": 0.8220228171684483, "brier_expected": 0.45042881270343393, "ece_sampled": 0.5246537923812866, "auroc_sampled": 0.6548903272204243, "brier_sampled": 0.5, "accuracy": 0.3905325443786982, "level_mass": 0.9999995475048942, "n": 507, "answer_kl": 5.067806603424741, "answer_kl_token": 0.6455723487277246, "answer_kl_topk": 4.4325142336871295}
RD_SAVED /workspace/runs/online-bias-t1-s1/checkpoint
{"step": 800, "minutes": 12.2, "beta": 0.05, "peak_gb": 15.2, "ece_expected": 0.48369482159614563, "auroc_expected": 0.8067078552515445, "brier_expected": 0.4550600955056548, "ece_sampled": 0.5017733573913574, "auroc_sampled": 0.6163740969566212, "brier_sampled": 0.4815384615384615, "accuracy": 0.3905325443786982, "level_mass": 0.9999998602272352, "n": 507, "answer_kl": 5.135360910612125, "answer_kl_token": 0.6541778848443083, "answer_kl_topk": 4.373931120763397}
RD_SAVED /workspace/runs/online-bias-t1-s1/checkpoint
{"step": 900, "minutes": 13.8, "beta": 0.05, "peak_gb": 15.2, "ece_expected": 0.4997994601726532, "auroc_expected": 0.811823739008205, "brier_expected": 0.47969994637303576, "ece_sampled": 0.5029546618461609, "auroc_sampled": 0.5105586610440979, "brier_sampled": 0.4895857988165681, "accuracy": 0.3905325443786982, "level_mass": 0.9999955677489015, "n": 507, "answer_kl": 5.308394151060758, "answer_kl_token": 0.6762200589416595, "answer_kl_topk": 4.3745926488665114}
RD_SAVED /workspace/runs/online-bias-t1-s1/checkpoint
{"step": 1000, "minutes": 15.6, "beta": 0.05, "peak_gb": 15.2, "ece_expected": 0.4764726161956787, "auroc_expected": 0.788189336733026, "brier_expected": 0.4562451155482081, "ece_sampled": 0.4921068549156189, "auroc_sampled": 0.5360318394298976, "brier_sampled": 0.47765285996055235, "accuracy": 0.3905325443786982, "level_mass": 0.9999980134769464, "n": 507, "answer_kl": 5.512939478881811, "answer_kl_token": 0.7022764612545422, "answer_kl_topk": 4.650019739578999, "regen_accuracy": 0.378698224852071, "regen_malformed": 0.005917159763313609}
RD_SAVED /workspace/runs/online-bias-t1-s1/checkpoint
{"step": 1100, "minutes": 17.4, "beta": 0.05, "peak_gb": 15.2, "ece_expected": 0.30853384733200073, "auroc_expected": 0.8106796116504854, "brier_expected": 0.28551757062469046, "ece_sampled": 0.3088749945163727, "auroc_sampled": 0.7006881108822857, "brier_sampled": 0.3025641025641026, "accuracy": 0.3905325443786982, "level_mass": 0.9999896529523377, "n": 507, "answer_kl": 5.845116324335598, "answer_kl_token": 0.744591451366369, "answer_kl_topk": 5.030412782370466}
RD_SAVED /workspace/runs/online-bias-t1-s1/checkpoint
{"step": 1200, "minutes": 19.8, "beta": 0.05, "peak_gb": 15.2, "ece_expected": 0.4542042315006256, "auroc_expected": 0.7801150665228336, "brier_expected": 0.4233918042596505, "ece_sampled": 0.4980258047580719, "auroc_sampled": 0.5896015167859828, "brier_sampled": 0.48510848126232753, "accuracy": 0.3905325443786982, "level_mass": 0.9999882420676774, "n": 507, "answer_kl": 6.397066094935862, "answer_kl_token": 0.8149026407368046, "answer_kl_topk": 5.366010081579043}
RD_SAVED /workspace/runs/online-bias-t1-s1/checkpoint
{"step": 1300, "minutes": 21.5, "beta": 0.05, "peak_gb": 15.2, "ece_expected": 0.5527967214584351, "auroc_expected": 0.7617436500931646, "brier_expected": 0.5368947750748849, "ece_sampled": 0.5690336227416992, "auroc_sampled": 0.5706662090157236, "brier_sampled": 0.5625443786982249, "accuracy": 0.3905325443786982, "level_mass": 0.9999970160520195, "n": 507, "answer_kl": 5.77310490082785, "answer_kl_token": 0.7354181368642513, "answer_kl_topk": 4.976129786835624}
RD_SAVED /workspace/runs/online-bias-t1-s1/checkpoint
{"step": 1400, "minutes": 23.5, "beta": 0.05, "peak_gb": 15.2, "ece_expected": 0.5131863951683044, "auroc_expected": 0.7854924651041155, "brier_expected": 0.48281880867086957, "ece_sampled": 0.5362913608551025, "auroc_sampled": 0.617501879637802, "brier_sampled": 0.522741617357002, "accuracy": 0.3905325443786982, "level_mass": 0.9999972901804571, "n": 507, "answer_kl": 4.732911847201608, "answer_kl_token": 0.6029111322942752, "answer_kl_topk": 4.132526222307486}
RD_SAVED /workspace/runs/online-bias-t1-s1/checkpoint
{"step": 1500, "minutes": 25.7, "beta": 0.05, "peak_gb": 15.2, "ece_expected": 0.5132133364677429, "auroc_expected": 0.7871269327580007, "brier_expected": 0.4827922600059647, "ece_sampled": 0.5366858243942261, "auroc_sampled": 0.6153607270112125, "brier_sampled": 0.5234516765285997, "accuracy": 0.3905325443786982, "level_mass": 0.9999975378737347, "n": 507, "answer_kl": 4.735641845805713, "answer_kl_token": 0.6032588984481146, "answer_kl_topk": 4.135510781617489, "regen_accuracy": 0.42011834319526625, "regen_malformed": 0.011834319526627219}
RD_SAVED /workspace/runs/online-bias-t1-s1/checkpoint
{"step": 1600, "minutes": 27.5, "beta": 0.05, "peak_gb": 15.2, "ece_expected": 0.5132133364677429, "auroc_expected": 0.7871269327580007, "brier_expected": 0.4827922600059647, "ece_sampled": 0.5366858243942261, "auroc_sampled": 0.6153607270112125, "brier_sampled": 0.5234516765285997, "accuracy": 0.3905325443786982, "level_mass": 0.9999975378737347, "n": 507, "answer_kl": 4.735641845805713, "answer_kl_token": 0.6032588984481146, "answer_kl_topk": 4.135510781617489}
RD_SAVED /workspace/runs/online-bias-t1-s1/checkpoint
{"step": 1700, "minutes": 29.7, "beta": 0.05, "peak_gb": 15.2, "ece_expected": 0.5132133364677429, "auroc_expected": 0.7871269327580007, "brier_expected": 0.4827922600059647, "ece_sampled": 0.5366858243942261, "auroc_sampled": 0.6153607270112125, "brier_sampled": 0.5234516765285997, "accuracy": 0.3905325443786982, "level_mass": 0.9999975378737347, "n": 507, "answer_kl": 4.735641845805713, "answer_kl_token": 0.6032588984481146, "answer_kl_topk": 4.135510781617489}
RD_SAVED /workspace/runs/online-bias-t1-s1/checkpoint
{"step": 1800, "minutes": 31.5, "beta": 0.05, "peak_gb": 15.2, "ece_expected": 0.5132133364677429, "auroc_expected": 0.7871269327580007, "brier_expected": 0.4827922600059647, "ece_sampled": 0.5366858243942261, "auroc_sampled": 0.6153607270112125, "brier_sampled": 0.5234516765285997, "accuracy": 0.3905325443786982, "level_mass": 0.9999975378737347, "n": 507, "answer_kl": 4.735641845805713, "answer_kl_token": 0.6032588984481146, "answer_kl_topk": 4.135510781617489}
RD_SAVED /workspace/runs/online-bias-t1-s1/checkpoint
{"step": 1900, "minutes": 33.3, "beta": 0.05, "peak_gb": 15.2, "ece_expected": 0.5132133364677429, "auroc_expected": 0.7871269327580007, "brier_expected": 0.4827922600059647, "ece_sampled": 0.5366858243942261, "auroc_sampled": 0.6153607270112125, "brier_sampled": 0.5234516765285997, "accuracy": 0.3905325443786982, "level_mass": 0.9999975378737347, "n": 507, "answer_kl": 4.735641845805713, "answer_kl_token": 0.6032588984481146, "answer_kl_topk": 4.135510781617489}
RD_SAVED /workspace/runs/online-bias-t1-s1/checkpoint
RD_SAVED /workspace/runs/online-bias-t1-s1/checkpoint
stopping after step 1924: SIGTERM
