Downloading shards:   0%|          | 0/2 [00:00<?, ?it/s]Downloading shards:  50%|█████     | 1/2 [00:05<00:05,  5.39s/it]Downloading shards: 100%|██████████| 2/2 [00:13<00:00,  7.05s/it]Downloading shards: 100%|██████████| 2/2 [00:13<00:00,  6.81s/it]
Loading checkpoint shards:   0%|          | 0/2 [00:00<?, ?it/s]Loading checkpoint shards:  50%|█████     | 1/2 [00:05<00:05,  5.55s/it]Loading checkpoint shards: 100%|██████████| 2/2 [00:08<00:00,  3.97s/it]Loading checkpoint shards: 100%|██████████| 2/2 [00:08<00:00,  4.21s/it]
{"lora_modules": [], "lora_layers": null, "attn_bias": "18-35", "residual_bias": "none", "trainable_params": 36864, "shared_prefix": true}
{"step": 0, "ece_expected": 0.5392029285430908, "auroc_expected": 0.8156483933182963, "brier_expected": 0.5167062034679047, "ece_sampled": 0.5451676845550537, "auroc_sampled": 0.6244238501520055, "brier_sampled": 0.5281656804733728, "accuracy": 0.3905325443786982, "level_mass": 0.9999994027942389, "n": 507, "answer_kl": 0.0, "answer_kl_token": 0.0, "answer_kl_topk": 0.013112823721484583, "regen_accuracy": 0.43984220907297833, "regen_malformed": 0.011834319526627219}
{"step": 100, "minutes": 1.6, "beta": 0.05, "peak_gb": 12.7, "ece_expected": 0.0508427657186985, "auroc_expected": 0.8732960674708248, "brier_expected": 0.14484076080550945, "ece_sampled": 0.062721848487854, "auroc_sampled": 0.8328675100519759, "brier_sampled": 0.15258382642998025, "accuracy": 0.3905325443786982, "level_mass": 0.9999988357844131, "n": 507, "answer_kl": 1.2641030857814413, "answer_kl_token": 0.1610302172088419, "answer_kl_topk": 1.1613027479314408}
RD_SAVED /workspace/runs/online-bias-t0.5-s1/checkpoint
{"step": 200, "minutes": 3.2, "beta": 0.05, "peak_gb": 12.7, "ece_expected": 0.3545825779438019, "auroc_expected": 0.8624758916021051, "brier_expected": 0.3195151149040792, "ece_sampled": 0.36508774757385254, "auroc_sampled": 0.774729495603282, "brier_sampled": 0.3342209072978303, "accuracy": 0.3905325443786982, "level_mass": 0.9999944912725353, "n": 507, "answer_kl": 2.879166553401381, "answer_kl_token": 0.36676820165188445, "answer_kl_topk": 2.5525956393569236}
RD_SAVED /workspace/runs/online-bias-t0.5-s1/checkpoint
{"step": 300, "minutes": 4.8, "beta": 0.05, "peak_gb": 12.7, "ece_expected": 0.3874494135379791, "auroc_expected": 0.7997123336929162, "brier_expected": 0.35486359500681375, "ece_sampled": 0.39743325114250183, "auroc_sampled": 0.6238354417966068, "brier_sampled": 0.38581854043392505, "accuracy": 0.3905325443786982, "level_mass": 0.9999994140095162, "n": 507, "answer_kl": 3.6976392841298895, "answer_kl_token": 0.4710309339331291, "answer_kl_topk": 3.1832909869706034}
RD_SAVED /workspace/runs/online-bias-t0.5-s1/checkpoint
{"step": 400, "minutes": 6.6, "beta": 0.05, "peak_gb": 13.6, "ece_expected": 0.4174036383628845, "auroc_expected": 0.8246216207381256, "brier_expected": 0.3789550716081446, "ece_sampled": 0.44220659136772156, "auroc_sampled": 0.6345248602530156, "brier_sampled": 0.4190532544378699, "accuracy": 0.3905325443786982, "level_mass": 0.9999891027815662, "n": 507, "answer_kl": 3.6377470271166166, "answer_kl_token": 0.46340144290153884, "answer_kl_topk": 3.172350985474386}
RD_SAVED /workspace/runs/online-bias-t0.5-s1/checkpoint
{"step": 500, "minutes": 8.4, "beta": 0.05, "peak_gb": 13.6, "ece_expected": 0.2935243248939514, "auroc_expected": 0.7891209832957407, "brier_expected": 0.2778560098268568, "ece_sampled": 0.30532553791999817, "auroc_sampled": 0.7040632865875585, "brier_sampled": 0.31613412228796844, "accuracy": 0.3905325443786982, "level_mass": 0.9999958722871974, "n": 507, "answer_kl": 4.179647866833618, "answer_kl_token": 0.5324325297700112, "answer_kl_topk": 3.56036352108869, "regen_accuracy": 0.3905325443786982, "regen_malformed": 0.0}
RD_SAVED /workspace/runs/online-bias-t0.5-s1/checkpoint
{"step": 600, "minutes": 9.8, "beta": 0.05, "peak_gb": 13.6, "ece_expected": 0.21297527849674225, "auroc_expected": 0.7991729593671342, "brier_expected": 0.24016372206992478, "ece_sampled": 0.21577927470207214, "auroc_sampled": 0.6399431205256448, "brier_sampled": 0.2716765285996055, "accuracy": 0.3905325443786982, "level_mass": 0.9999966103708491, "n": 507, "answer_kl": 4.412859518547673, "answer_kl_token": 0.5621406472119774, "answer_kl_topk": 3.8850957981241727}
RD_SAVED /workspace/runs/online-bias-t0.5-s1/checkpoint
{"step": 700, "minutes": 11.4, "beta": 0.05, "peak_gb": 14.2, "ece_expected": 0.46443819999694824, "auroc_expected": 0.724559510967278, "brier_expected": 0.43740343567889856, "ece_sampled": 0.5323460102081299, "auroc_sampled": 0.5266418227583276, "brier_sampled": 0.5254635108481263, "accuracy": 0.3905325443786982, "level_mass": 0.9999521134216888, "n": 507, "answer_kl": 5.068724216523009, "answer_kl_token": 0.6456892406475291, "answer_kl_topk": 4.409430175529747}
RD_SAVED /workspace/runs/online-bias-t0.5-s1/checkpoint
{"step": 800, "minutes": 13.1, "beta": 0.05, "peak_gb": 14.2, "ece_expected": 0.19982701539993286, "auroc_expected": 0.8474878232159786, "brier_expected": 0.21430519516795501, "ece_sampled": 0.1895464062690735, "auroc_sampled": 0.7665244679807787, "brier_sampled": 0.22435897435897437, "accuracy": 0.3905325443786982, "level_mass": 0.9999996994927876, "n": 507, "answer_kl": 4.86663141174443, "answer_kl_token": 0.6199452577272427, "answer_kl_topk": 4.260227434017514}
RD_SAVED /workspace/runs/online-bias-t0.5-s1/checkpoint
{"step": 900, "minutes": 14.6, "beta": 0.05, "peak_gb": 14.2, "ece_expected": 0.5259917974472046, "auroc_expected": 0.7503677552221241, "brier_expected": 0.49773397721545104, "ece_sampled": 0.5473374724388123, "auroc_sampled": 0.6076460396848746, "brier_sampled": 0.5312623274161736, "accuracy": 0.3905325443786982, "level_mass": 0.9999998891305738, "n": 507, "answer_kl": 4.806849354273432, "answer_kl_token": 0.6123298046775452, "answer_kl_topk": 4.164570416967971}
RD_SAVED /workspace/runs/online-bias-t0.5-s1/checkpoint
{"step": 1000, "minutes": 16.5, "beta": 0.05, "peak_gb": 14.2, "ece_expected": 0.12839049100875854, "auroc_expected": 0.7538655160014385, "brier_expected": 0.21137606811088258, "ece_sampled": 0.21814614534378052, "auroc_sampled": 0.6575626818345265, "brier_sampled": 0.25814595660749506, "accuracy": 0.3905325443786982, "level_mass": 0.9999998230243291, "n": 507, "answer_kl": 5.9741319219905655, "answer_kl_token": 0.7610263528766876, "answer_kl_topk": 5.133160932014536, "regen_accuracy": 0.3629191321499014, "regen_malformed": 0.013806706114398421}
RD_SAVED /workspace/runs/online-bias-t0.5-s1/checkpoint
{"step": 1100, "minutes": 18.6, "beta": 0.05, "peak_gb": 14.2, "ece_expected": 0.2839263677597046, "auroc_expected": 0.7539308947075937, "brier_expected": 0.28222729646968997, "ece_sampled": 0.2828401029109955, "auroc_sampled": 0.6627602889738812, "brier_sampled": 0.30232741617357, "accuracy": 0.3905325443786982, "level_mass": 0.9999968409354402, "n": 507, "answer_kl": 5.116779710098391, "answer_kl_token": 0.6518108826683126, "answer_kl_topk": 4.426821940289721}
RD_SAVED /workspace/runs/online-bias-t0.5-s1/checkpoint
{"step": 1200, "minutes": 21.1, "beta": 0.05, "peak_gb": 14.2, "ece_expected": 0.2833661139011383, "auroc_expected": 0.7542250988852931, "brier_expected": 0.2820626207543776, "ece_sampled": 0.2814595103263855, "auroc_sampled": 0.657726128599915, "brier_sampled": 0.30301775147928994, "accuracy": 0.3905325443786982, "level_mass": 0.999996849369923, "n": 507, "answer_kl": 5.117133515558382, "answer_kl_token": 0.6518559528613316, "answer_kl_topk": 4.427201297118777}
RD_SAVED /workspace/runs/online-bias-t0.5-s1/checkpoint
{"step": 1300, "minutes": 23.6, "beta": 0.05, "peak_gb": 14.2, "ece_expected": 0.2833661139011383, "auroc_expected": 0.7542250988852931, "brier_expected": 0.2820626207543776, "ece_sampled": 0.2814595103263855, "auroc_sampled": 0.657726128599915, "brier_sampled": 0.30301775147928994, "accuracy": 0.3905325443786982, "level_mass": 0.999996849369923, "n": 507, "answer_kl": 5.117133515558382, "answer_kl_token": 0.6518559528613316, "answer_kl_topk": 4.427201297118777}
RD_SAVED /workspace/runs/online-bias-t0.5-s1/checkpoint
{"step": 1400, "minutes": 26.1, "beta": 0.05, "peak_gb": 14.2, "ece_expected": 0.2833661139011383, "auroc_expected": 0.7542250988852931, "brier_expected": 0.2820626207543776, "ece_sampled": 0.2814595103263855, "auroc_sampled": 0.657726128599915, "brier_sampled": 0.30301775147928994, "accuracy": 0.3905325443786982, "level_mass": 0.999996849369923, "n": 507, "answer_kl": 5.117133515558382, "answer_kl_token": 0.6518559528613316, "answer_kl_topk": 4.427201297118777}
RD_SAVED /workspace/runs/online-bias-t0.5-s1/checkpoint
{"step": 1500, "minutes": 29.1, "beta": 0.05, "peak_gb": 14.2, "ece_expected": 0.2833661139011383, "auroc_expected": 0.7542250988852931, "brier_expected": 0.2820626207543776, "ece_sampled": 0.2814595103263855, "auroc_sampled": 0.657726128599915, "brier_sampled": 0.30301775147928994, "accuracy": 0.3905325443786982, "level_mass": 0.999996849369923, "n": 507, "answer_kl": 5.117133515558382, "answer_kl_token": 0.6518559528613316, "answer_kl_topk": 4.427201297118777, "regen_accuracy": 0.378698224852071, "regen_malformed": 0.03155818540433925}
RD_SAVED /workspace/runs/online-bias-t0.5-s1/checkpoint
{"step": 1600, "minutes": 31.4, "beta": 0.05, "peak_gb": 14.2, "ece_expected": 0.2833661139011383, "auroc_expected": 0.7542250988852931, "brier_expected": 0.2820626207543776, "ece_sampled": 0.2814595103263855, "auroc_sampled": 0.657726128599915, "brier_sampled": 0.30301775147928994, "accuracy": 0.3905325443786982, "level_mass": 0.999996849369923, "n": 507, "answer_kl": 5.117133515558382, "answer_kl_token": 0.6518559528613316, "answer_kl_topk": 4.427201297118777}
RD_SAVED /workspace/runs/online-bias-t0.5-s1/checkpoint
RD_SAVED /workspace/runs/online-bias-t0.5-s1/checkpoint
stopping after step 1691: SIGTERM
